Analyzing chefmind_ai...                                        

   info - The imported package 'flutter_riverpod' isn't a dependency of the importing package - lib\application\providers\analytics_provider.dart:1:8 - depend_on_referenced_packages
  error - Target of URI doesn't exist: 'package:flutter_riverpod/flutter_riverpod.dart' - lib\application\providers\analytics_provider.dart:1:8 - uri_does_not_exist
  error - The function 'StateNotifierProvider' isn't defined - lib\application\providers\analytics_provider.dart:88:27 - undefined_function
  error - The name 'AsyncValue' isn't a type, so it can't be used as a type argument - lib\application\providers\analytics_provider.dart:88:68 - non_type_as_type_argument
  error - Classes can only extend other classes - lib\application\providers\analytics_provider.dart:92:33 - extends_non_class
  error - The name 'AsyncValue' isn't a type, so it can't be used as a type argument - lib\application\providers\analytics_provider.dart:92:47 - non_type_as_type_argument
  error - Too many positional arguments: 0 expected, but 1 found - lib\application\providers\analytics_provider.dart:93:31 - extra_positional_arguments
  error - The name 'AsyncLoading' isn't a class - lib\application\providers\analytics_provider.dart:93:37 - creation_with_non_type
  error - Undefined name 'state' - lib\application\providers\analytics_provider.dart:98:5 - undefined_identifier
  error - The name 'AsyncLoading' isn't a class - lib\application\providers\analytics_provider.dart:98:19 - creation_with_non_type
  error - Undefined name 'state' - lib\application\providers\analytics_provider.dart:108:9 - undefined_identifier
  error - The method 'AsyncData' isn't defined for the type 'AnalyticsNotifier' - lib\application\providers\analytics_provider.dart:108:17 - undefined_method
  error - Undefined name 'state' - lib\application\providers\analytics_provider.dart:110:9 - undefined_identifier
  error - The name 'AsyncData' isn't a class - lib\application\providers\analytics_provider.dart:110:23 - creation_with_non_type
  error - Undefined name 'state' - lib\application\providers\analytics_provider.dart:113:7 - undefined_identifier
  error - The method 'AsyncError' isn't defined for the type 'AnalyticsNotifier' - lib\application\providers\analytics_provider.dart:113:15 - undefined_method
  error - Undefined name 'state' - lib\application\providers\analytics_provider.dart:135:30 - undefined_identifier
  error - Undefined name 'state' - lib\application\providers\analytics_provider.dart:193:5 - undefined_identifier
  error - The method 'AsyncData' isn't defined for the type 'AnalyticsNotifier' - lib\application\providers\analytics_provider.dart:193:13 - undefined_method
  error - Undefined name 'state' - lib\application\providers\analytics_provider.dart:202:30 - undefined_identifier
  error - Undefined name 'state' - lib\application\providers\analytics_provider.dart:240:5 - undefined_identifier
  error - The method 'AsyncData' isn't defined for the type 'AnalyticsNotifier' - lib\application\providers\analytics_provider.dart:240:13 - undefined_method
  error - Undefined name 'state' - lib\application\providers\analytics_provider.dart:245:30 - undefined_identifier
  error - Undefined name 'state' - lib\application\providers\analytics_provider.dart:251:5 - undefined_identifier
  error - The method 'AsyncData' isn't defined for the type 'AnalyticsNotifier' - lib\application\providers\analytics_provider.dart:251:13 - undefined_method
  error - Undefined name 'state' - lib\application\providers\analytics_provider.dart:257:5 - undefined_identifier
  error - The name 'AsyncData' isn't a class - lib\application\providers\analytics_provider.dart:257:19 - creation_with_non_type
  error - The function 'Provider' isn't defined - lib\application\providers\analytics_provider.dart:267:36 - undefined_function
  error - The function 'Provider' isn't defined - lib\application\providers\analytics_provider.dart:272:35 - undefined_function
  error - The function 'Provider' isn't defined - lib\application\providers\analytics_provider.dart:277:33 - undefined_function
  error - The function 'Provider' isn't defined - lib\application\providers\analytics_provider.dart:287:31 - undefined_function
   info - The imported package 'flutter_riverpod' isn't a dependency of the importing package - lib\application\providers\auth_provider.dart:1:8 - depend_on_referenced_packages
  error - Target of URI doesn't exist: 'package:flutter_riverpod/flutter_riverpod.dart' - lib\application\providers\auth_provider.dart:1:8 - uri_does_not_exist
   info - The imported package 'firebase_auth' isn't a dependency of the importing package - lib\application\providers\auth_provider.dart:2:8 - depend_on_referenced_packages
  error - Target of URI doesn't exist: 'package:firebase_auth/firebase_auth.dart' - lib\application\providers\auth_provider.dart:2:8 - uri_does_not_exist
  error - The function 'Provider' isn't defined - lib\application\providers\auth_provider.dart:9:29 - undefined_function
  error - The function 'StreamProvider' isn't defined - lib\application\providers\auth_provider.dart:14:29 - undefined_function
  error - The function 'StateNotifierProvider' isn't defined - lib\application\providers\auth_provider.dart:20:27 - undefined_function
  error - Classes can only extend other classes - lib\application\providers\auth_provider.dart:24:33 - extends_non_class
  error - Too many positional arguments: 0 expected, but 1 found - lib\application\providers\auth_provider.dart:27:48 - extra_positional_arguments
  error - Undefined name 'state' - lib\application\providers\auth_provider.dart:31:9 - undefined_identifier
  error - Undefined name 'state' - lib\application\providers\auth_provider.dart:33:9 - undefined_identifier
  error - Undefined name 'state' - lib\application\providers\auth_provider.dart:39:5 - undefined_identifier
  error - Undefined name 'state' - lib\application\providers\auth_provider.dart:43:9 - undefined_identifier
  error - Undefined name 'state' - lib\application\providers\auth_provider.dart:45:9 - undefined_identifier
  error - Undefined name 'state' - lib\application\providers\auth_provider.dart:48:7 - undefined_identifier
  error - Undefined name 'state' - lib\application\providers\auth_provider.dart:50:7 - undefined_identifier
  error - Undefined name 'state' - lib\application\providers\auth_provider.dart:55:5 - undefined_identifier
  error - Undefined name 'state' - lib\application\providers\auth_provider.dart:59:9 - undefined_identifier
  error - Undefined name 'state' - lib\application\providers\auth_provider.dart:61:9 - undefined_identifier
  error - Undefined name 'state' - lib\application\providers\auth_provider.dart:64:7 - undefined_identifier
  error - Undefined name 'state' - lib\application\providers\auth_provider.dart:66:7 - undefined_identifier
  error - Undefined name 'state' - lib\application\providers\auth_provider.dart:71:5 - undefined_identifier
  error - Undefined name 'state' - lib\application\providers\auth_provider.dart:75:9 - undefined_identifier
  error - Undefined name 'state' - lib\application\providers\auth_provider.dart:77:9 - undefined_identifier
  error - Undefined name 'state' - lib\application\providers\auth_provider.dart:80:7 - undefined_identifier
  error - Undefined name 'state' - lib\application\providers\auth_provider.dart:82:7 - undefined_identifier
warning - The value of the local variable 'currentState' isn't used - lib\application\providers\auth_provider.dart:87:11 - unused_local_variable
  error - Undefined name 'state' - lib\application\providers\auth_provider.dart:87:26 - undefined_identifier
  error - Undefined name 'state' - lib\application\providers\auth_provider.dart:88:5 - undefined_identifier
  error - Undefined name 'state' - lib\application\providers\auth_provider.dart:91:7 - undefined_identifier
  error - Undefined name 'state' - lib\application\providers\auth_provider.dart:93:7 - undefined_identifier
  error - Undefined name 'state' - lib\application\providers\auth_provider.dart:95:7 - undefined_identifier
  error - Undefined name 'state' - lib\application\providers\auth_provider.dart:100:5 - undefined_identifier
  error - Undefined name 'state' - lib\application\providers\auth_provider.dart:103:7 - undefined_identifier
  error - Undefined name 'state' - lib\application\providers\auth_provider.dart:105:7 - undefined_identifier
  error - Undefined name 'state' - lib\application\providers\auth_provider.dart:110:5 - undefined_identifier
  error - Undefined name 'state' - lib\application\providers\auth_provider.dart:113:7 - undefined_identifier
  error - Undefined name 'state' - lib\application\providers\auth_provider.dart:115:7 - undefined_identifier
  error - Undefined name 'state' - lib\application\providers\auth_provider.dart:117:7 - undefined_identifier
  error - Undefined name 'state' - lib\application\providers\auth_provider.dart:122:9 - undefined_identifier
  error - Undefined name 'state' - lib\application\providers\auth_provider.dart:123:7 - undefined_identifier
   info - The member 'user' overrides an inherited member but isn't annotated with '@override' - lib\application\providers\auth_provider.dart:164:21 - annotate_overrides
  error - The function 'Provider' isn't defined - lib\application\providers\auth_provider.dart:182:33 - undefined_function
  error - The function 'Provider' isn't defined - lib\application\providers\auth_provider.dart:187:31 - undefined_function
   info - The imported package 'flutter_riverpod' isn't a dependency of the importing package - lib\application\providers\community_provider.dart:1:8 - depend_on_referenced_packages
  error - Target of URI doesn't exist: 'package:flutter_riverpod/flutter_riverpod.dart' - lib\application\providers\community_provider.dart:1:8 - uri_does_not_exist
  error - The function 'Provider' isn't defined - lib\application\providers\community_provider.dart:9:37 - undefined_function
  error - The function 'StateNotifierProvider' isn't defined - lib\application\providers\community_provider.dart:14:34 - undefined_function
  error - The name 'AsyncValue' isn't a type, so it can't be used as a type argument - lib\application\providers\community_provider.dart:14:82 - non_type_as_type_argument
  error - Classes can only extend other classes - lib\application\providers\community_provider.dart:19:40 - extends_non_class
  error - The name 'AsyncValue' isn't a type, so it can't be used as a type argument - lib\application\providers\community_provider.dart:19:54 - non_type_as_type_argument
  error - Too many positional arguments: 0 expected, but 1 found - lib\application\providers\community_provider.dart:22:63 - extra_positional_arguments
  error - The name 'AsyncLoading' isn't a class - lib\application\providers\community_provider.dart:22:69 - creation_with_non_type
  error - Undefined name 'state' - lib\application\providers\community_provider.dart:27:5 - undefined_identifier
  error - The name 'AsyncLoading' isn't a class - lib\application\providers\community_provider.dart:27:19 - creation_with_non_type
  error - Undefined name 'state' - lib\application\providers\community_provider.dart:31:7 - undefined_identifier
  error - The method 'AsyncData' isn't defined for the type 'CommunityRecipesNotifier' - lib\application\providers\community_provider.dart:31:15 - undefined_method
  error - Undefined name 'state' - lib\application\providers\community_provider.dart:33:7 - undefined_identifier
  error - The method 'AsyncError' isn't defined for the type 'CommunityRecipesNotifier' - lib\application\providers\community_provider.dart:33:15 - undefined_method
  error - The argument type 'CommunityRecipe' can't be assigned to the parameter type 'String'.  - lib\application\providers\community_provider.dart:39:46 - argument_type_not_assignable
  error - 2 positional arguments expected by 'shareRecipe', but 1 found - lib\application\providers\community_provider.dart:39:52 - not_enough_positional_arguments
  error - Undefined name 'state' - lib\application\providers\community_provider.dart:42:30 - undefined_identifier
  error - Undefined name 'state' - lib\application\providers\community_provider.dart:44:7 - undefined_identifier
  error - The method 'AsyncData' isn't defined for the type 'CommunityRecipesNotifier' - lib\application\providers\community_provider.dart:44:15 - undefined_method
  error - Undefined name 'state' - lib\application\providers\community_provider.dart:46:7 - undefined_identifier
  error - The method 'AsyncError' isn't defined for the type 'CommunityRecipesNotifier' - lib\application\providers\community_provider.dart:46:15 - undefined_method
  error - Undefined name 'state' - lib\application\providers\community_provider.dart:55:30 - undefined_identifier
  error - Undefined name 'state' - lib\application\providers\community_provider.dart:65:7 - undefined_identifier
  error - The method 'AsyncData' isn't defined for the type 'CommunityRecipesNotifier' - lib\application\providers\community_provider.dart:65:15 - undefined_method
  error - Undefined name 'state' - lib\application\providers\community_provider.dart:67:7 - undefined_identifier
  error - The method 'AsyncError' isn't defined for the type 'CommunityRecipesNotifier' - lib\application\providers\community_provider.dart:67:15 - undefined_method
  error - The method 'unlikeRecipe' isn't defined for the type 'CommunityRepository' - lib\application\providers\community_provider.dart:73:34 - undefined_method
  error - Undefined name 'state' - lib\application\providers\community_provider.dart:76:30 - undefined_identifier
  error - Undefined name 'state' - lib\application\providers\community_provider.dart:87:7 - undefined_identifier
  error - The method 'AsyncData' isn't defined for the type 'CommunityRecipesNotifier' - lib\application\providers\community_provider.dart:87:15 - undefined_method
  error - Undefined name 'state' - lib\application\providers\community_provider.dart:89:7 - undefined_identifier
  error - The method 'AsyncError' isn't defined for the type 'CommunityRecipesNotifier' - lib\application\providers\community_provider.dart:89:15 - undefined_method
  error - The argument type 'String' can't be assigned to the parameter type 'RecipeComment'.  - lib\application\providers\community_provider.dart:95:55 - argument_type_not_assignable
  error - Too many positional arguments: 2 expected, but 3 found - lib\application\providers\community_provider.dart:95:63 - extra_positional_arguments
  error - Undefined name 'state' - lib\application\providers\community_provider.dart:98:30 - undefined_identifier
  error - Undefined name 'state' - lib\application\providers\community_provider.dart:105:7 - undefined_identifier
  error - The method 'AsyncData' isn't defined for the type 'CommunityRecipesNotifier' - lib\application\providers\community_provider.dart:105:15 - undefined_method
  error - Undefined name 'state' - lib\application\providers\community_provider.dart:107:7 - undefined_identifier
  error - The method 'AsyncError' isn't defined for the type 'CommunityRecipesNotifier' - lib\application\providers\community_provider.dart:107:15 - undefined_method
  error - Undefined name 'state' - lib\application\providers\community_provider.dart:112:5 - undefined_identifier
  error - The name 'AsyncLoading' isn't a class - lib\application\providers\community_provider.dart:112:19 - creation_with_non_type
  error - The named parameter 'searchQuery' isn't defined - lib\application\providers\community_provider.dart:116:9 - undefined_named_parameter
  error - Undefined name 'state' - lib\application\providers\community_provider.dart:119:7 - undefined_identifier
  error - The method 'AsyncData' isn't defined for the type 'CommunityRecipesNotifier' - lib\application\providers\community_provider.dart:119:15 - undefined_method
  error - Undefined name 'state' - lib\application\providers\community_provider.dart:121:7 - undefined_identifier
  error - The method 'AsyncError' isn't defined for the type 'CommunityRecipesNotifier' - lib\application\providers\community_provider.dart:121:15 - undefined_method
  error - Undefined name 'state' - lib\application\providers\community_provider.dart:126:5 - undefined_identifier
  error - The name 'AsyncLoading' isn't a class - lib\application\providers\community_provider.dart:126:19 - creation_with_non_type
  error - The named parameter 'category' isn't defined - lib\application\providers\community_provider.dart:130:9 - undefined_named_parameter
  error - Undefined name 'state' - lib\application\providers\community_provider.dart:133:7 - undefined_identifier
  error - The method 'AsyncData' isn't defined for the type 'CommunityRecipesNotifier' - lib\application\providers\community_provider.dart:133:15 - undefined_method
  error - Undefined name 'state' - lib\application\providers\community_provider.dart:135:7 - undefined_identifier
  error - The method 'AsyncError' isn't defined for the type 'CommunityRecipesNotifier' - lib\application\providers\community_provider.dart:135:15 - undefined_method
  error - Undefined name 'state' - lib\application\providers\community_provider.dart:140:5 - undefined_identifier
  error - The name 'AsyncLoading' isn't a class - lib\application\providers\community_provider.dart:140:19 - creation_with_non_type
  error - The method 'getPopularRecipes' isn't defined for the type 'CommunityRepository' - lib\application\providers\community_provider.dart:143:50 - undefined_method
  error - Undefined name 'state' - lib\application\providers\community_provider.dart:144:7 - undefined_identifier
  error - The method 'AsyncData' isn't defined for the type 'CommunityRecipesNotifier' - lib\application\providers\community_provider.dart:144:15 - undefined_method
  error - Undefined name 'state' - lib\application\providers\community_provider.dart:146:7 - undefined_identifier
  error - The method 'AsyncError' isn't defined for the type 'CommunityRecipesNotifier' - lib\application\providers\community_provider.dart:146:15 - undefined_method
  error - The function 'StateNotifierProvider' isn't defined - lib\application\providers\community_provider.dart:156:35 - undefined_function
  error - The name 'AsyncValue' isn't a type, so it can't be used as a type argument - lib\application\providers\community_provider.dart:156:84 - non_type_as_type_argument
  error - Classes can only extend other classes - lib\application\providers\community_provider.dart:164:41 - extends_non_class
  error - The name 'AsyncValue' isn't a type, so it can't be used as a type argument - lib\application\providers\community_provider.dart:164:55 - non_type_as_type_argument
  error - Too many positional arguments: 0 expected, but 1 found - lib\application\providers\community_provider.dart:168:78 - extra_positional_arguments
  error - The name 'AsyncLoading' isn't a class - lib\application\providers\community_provider.dart:168:84 - creation_with_non_type
  error - Undefined name 'state' - lib\application\providers\community_provider.dart:172:7 - undefined_identifier
  error - The name 'AsyncData' isn't a class - lib\application\providers\community_provider.dart:172:21 - creation_with_non_type
  error - Undefined name 'state' - lib\application\providers\community_provider.dart:178:7 - undefined_identifier
  error - The name 'AsyncData' isn't a class - lib\application\providers\community_provider.dart:178:21 - creation_with_non_type
  error - Undefined name 'state' - lib\application\providers\community_provider.dart:182:5 - undefined_identifier
  error - The name 'AsyncLoading' isn't a class - lib\application\providers\community_provider.dart:182:19 - creation_with_non_type
  error - The method 'getUserSharedRecipes' isn't defined for the type 'CommunityRepository' - lib\application\providers\community_provider.dart:185:50 - undefined_method
warning - The '!' will have no effect because the receiver can't be null - lib\application\providers\community_provider.dart:185:78 - unnecessary_non_null_assertion
  error - Undefined name 'state' - lib\application\providers\community_provider.dart:186:7 - undefined_identifier
  error - The method 'AsyncData' isn't defined for the type 'UserSharedRecipesNotifier' - lib\application\providers\community_provider.dart:186:15 - undefined_method
  error - Undefined name 'state' - lib\application\providers\community_provider.dart:188:7 - undefined_identifier
  error - The method 'AsyncError' isn't defined for the type 'UserSharedRecipesNotifier' - lib\application\providers\community_provider.dart:188:15 - undefined_method
  error - The function 'StateNotifierProvider' isn't defined - lib\application\providers\community_provider.dart:198:30 - undefined_function
  error - The name 'AsyncValue' isn't a type, so it can't be used as a type argument - lib\application\providers\community_provider.dart:198:74 - non_type_as_type_argument
  error - Classes can only extend other classes - lib\application\providers\community_provider.dart:203:36 - extends_non_class
  error - The name 'AsyncValue' isn't a type, so it can't be used as a type argument - lib\application\providers\community_provider.dart:203:50 - non_type_as_type_argument
  error - Too many positional arguments: 0 expected, but 1 found - lib\application\providers\community_provider.dart:206:59 - extra_positional_arguments
  error - The name 'AsyncLoading' isn't a class - lib\application\providers\community_provider.dart:206:65 - creation_with_non_type
  error - Undefined name 'state' - lib\application\providers\community_provider.dart:211:5 - undefined_identifier
  error - The name 'AsyncLoading' isn't a class - lib\application\providers\community_provider.dart:211:19 - creation_with_non_type
  error - The method 'getTrendingTags' isn't defined for the type 'CommunityRepository' - lib\application\providers\community_provider.dart:214:47 - undefined_method
  error - Undefined name 'state' - lib\application\providers\community_provider.dart:215:7 - undefined_identifier
  error - The method 'AsyncData' isn't defined for the type 'TrendingTagsNotifier' - lib\application\providers\community_provider.dart:215:15 - undefined_method
  error - Undefined name 'state' - lib\application\providers\community_provider.dart:217:7 - undefined_identifier
  error - The method 'AsyncError' isn't defined for the type 'TrendingTagsNotifier' - lib\application\providers\community_provider.dart:217:15 - undefined_method
  error - Undefined name 'StateNotifierProvider' - lib\application\providers\community_provider.dart:227:32 - undefined_identifier
  error - The name 'AsyncValue' isn't a type, so it can't be used as a type argument - lib\application\providers\community_provider.dart:227:85 - non_type_as_type_argument
  error - Classes can only extend other classes - lib\application\providers\community_provider.dart:232:38 - extends_non_class
  error - The name 'AsyncValue' isn't a type, so it can't be used as a type argument - lib\application\providers\community_provider.dart:232:52 - non_type_as_type_argument
  error - Too many positional arguments: 0 expected, but 1 found - lib\application\providers\community_provider.dart:236:77 - extra_positional_arguments
  error - The name 'AsyncLoading' isn't a class - lib\application\providers\community_provider.dart:236:83 - creation_with_non_type
  error - Undefined name 'state' - lib\application\providers\community_provider.dart:241:5 - undefined_identifier
  error - The name 'AsyncLoading' isn't a class - lib\application\providers\community_provider.dart:241:19 - creation_with_non_type
  error - Undefined name 'state' - lib\application\providers\community_provider.dart:245:7 - undefined_identifier
  error - The method 'AsyncData' isn't defined for the type 'RecipeCommentsNotifier' - lib\application\providers\community_provider.dart:245:15 - undefined_method
  error - Undefined name 'state' - lib\application\providers\community_provider.dart:247:7 - undefined_identifier
  error - The method 'AsyncError' isn't defined for the type 'RecipeCommentsNotifier' - lib\application\providers\community_provider.dart:247:15 - undefined_method
  error - The argument type 'String' can't be assigned to the parameter type 'RecipeComment'.  - lib\application\providers\community_provider.dart:253:56 - argument_type_not_assignable
  error - Too many positional arguments: 2 expected, but 3 found - lib\application\providers\community_provider.dart:253:64 - extra_positional_arguments
  error - Undefined name 'state' - lib\application\providers\community_provider.dart:256:7 - undefined_identifier
  error - The method 'AsyncError' isn't defined for the type 'RecipeCommentsNotifier' - lib\application\providers\community_provider.dart:256:15 - undefined_method
  error - Undefined name 'FutureProvider' - lib\application\providers\community_provider.dart:266:34 - undefined_identifier
   info - The imported package 'flutter_riverpod' isn't a dependency of the importing package - lib\application\providers\kitchen_tools_provider.dart:1:8 - depend_on_referenced_packages
  error - Target of URI doesn't exist: 'package:flutter_riverpod/flutter_riverpod.dart' - lib\application\providers\kitchen_tools_provider.dart:1:8 - uri_does_not_exist
  error - The function 'StateNotifierProvider' isn't defined - lib\application\providers\kitchen_tools_provider.dart:46:31 - undefined_function
  error - Classes can only extend other classes - lib\application\providers\kitchen_tools_provider.dart:50:37 - extends_non_class
  error - Too many positional arguments: 0 expected, but 1 found - lib\application\providers\kitchen_tools_provider.dart:51:35 - extra_positional_arguments
  error - Undefined name 'state' - lib\application\providers\kitchen_tools_provider.dart:66:5 - undefined_identifier
  error - Undefined name 'state' - lib\application\providers\kitchen_tools_provider.dart:66:17 - undefined_identifier
  error - Undefined name 'state' - lib\application\providers\kitchen_tools_provider.dart:70:24 - undefined_identifier
  error - Undefined name 'state' - lib\application\providers\kitchen_tools_provider.dart:73:19 - undefined_identifier
  error - Undefined name 'state' - lib\application\providers\kitchen_tools_provider.dart:81:5 - undefined_identifier
  error - Undefined name 'state' - lib\application\providers\kitchen_tools_provider.dart:82:10 - undefined_identifier
  error - Undefined name 'state' - lib\application\providers\kitchen_tools_provider.dart:84:10 - undefined_identifier
  error - Undefined name 'state' - lib\application\providers\kitchen_tools_provider.dart:96:24 - undefined_identifier
  error - Undefined name 'state' - lib\application\providers\kitchen_tools_provider.dart:99:19 - undefined_identifier
  error - Undefined name 'state' - lib\application\providers\kitchen_tools_provider.dart:102:5 - undefined_identifier
  error - Undefined name 'state' - lib\application\providers\kitchen_tools_provider.dart:103:10 - undefined_identifier
  error - Undefined name 'state' - lib\application\providers\kitchen_tools_provider.dart:105:10 - undefined_identifier
  error - Undefined name 'state' - lib\application\providers\kitchen_tools_provider.dart:113:24 - undefined_identifier
  error - Undefined name 'state' - lib\application\providers\kitchen_tools_provider.dart:116:19 - undefined_identifier
  error - Undefined name 'state' - lib\application\providers\kitchen_tools_provider.dart:124:5 - undefined_identifier
  error - Undefined name 'state' - lib\application\providers\kitchen_tools_provider.dart:125:10 - undefined_identifier
  error - Undefined name 'state' - lib\application\providers\kitchen_tools_provider.dart:127:10 - undefined_identifier
  error - Undefined name 'state' - lib\application\providers\kitchen_tools_provider.dart:135:5 - undefined_identifier
  error - Undefined name 'state' - lib\application\providers\kitchen_tools_provider.dart:135:13 - undefined_identifier
  error - Undefined name 'state' - lib\application\providers\kitchen_tools_provider.dart:139:24 - undefined_identifier
  error - Undefined name 'state' - lib\application\providers\kitchen_tools_provider.dart:142:19 - undefined_identifier
  error - Undefined name 'state' - lib\application\providers\kitchen_tools_provider.dart:157:7 - undefined_identifier
  error - Undefined name 'state' - lib\application\providers\kitchen_tools_provider.dart:158:12 - undefined_identifier
  error - Undefined name 'state' - lib\application\providers\kitchen_tools_provider.dart:160:12 - undefined_identifier
  error - Undefined name 'state' - lib\application\providers\kitchen_tools_provider.dart:167:7 - undefined_identifier
  error - Undefined name 'state' - lib\application\providers\kitchen_tools_provider.dart:168:12 - undefined_identifier
  error - Undefined name 'state' - lib\application\providers\kitchen_tools_provider.dart:170:12 - undefined_identifier
warning - The method doesn't override an inherited method - lib\application\providers\kitchen_tools_provider.dart:176:8 - override_on_non_overriding_member
  error - The method 'dispose' isn't defined in a superclass of 'KitchenTimersNotifier' - lib\application\providers\kitchen_tools_provider.dart:181:11 - undefined_super_member
  error - The function 'StateNotifierProvider' isn't defined - lib\application\providers\kitchen_tools_provider.dart:186:31 - undefined_function
  error - Classes can only extend other classes - lib\application\providers\kitchen_tools_provider.dart:190:37 - extends_non_class
  error - Too many positional arguments: 0 expected, but 1 found - lib\application\providers\kitchen_tools_provider.dart:191:35 - extra_positional_arguments
  error - The function 'StateNotifierProvider' isn't defined - lib\application\providers\kitchen_tools_provider.dart:275:29 - undefined_function
  error - Classes can only extend other classes - lib\application\providers\kitchen_tools_provider.dart:279:35 - extends_non_class
  error - Too many positional arguments: 0 expected, but 1 found - lib\application\providers\kitchen_tools_provider.dart:280:33 - extra_positional_arguments
  error - Undefined name 'state' - lib\application\providers\kitchen_tools_provider.dart:296:10 - undefined_identifier
  error - Undefined name 'state' - lib\application\providers\kitchen_tools_provider.dart:297:7 - undefined_identifier
  error - Undefined name 'state' - lib\application\providers\kitchen_tools_provider.dart:297:19 - undefined_identifier
  error - Undefined name 'state' - lib\application\providers\kitchen_tools_provider.dart:302:5 - undefined_identifier
  error - Undefined name 'state' - lib\application\providers\kitchen_tools_provider.dart:302:13 - undefined_identifier
  error - Undefined name 'state' - lib\application\providers\kitchen_tools_provider.dart:306:9 - undefined_identifier
  error - Undefined name 'state' - lib\application\providers\kitchen_tools_provider.dart:307:60 - undefined_identifier
  error - Undefined name 'state' - lib\application\providers\kitchen_tools_provider.dart:308:12 - undefined_identifier
  error - Undefined name 'state' - lib\application\providers\kitchen_tools_provider.dart:312:5 - undefined_identifier
  error - The function 'StateNotifierProvider' isn't defined - lib\application\providers\kitchen_tools_provider.dart:317:34 - undefined_function
  error - Classes can only extend other classes - lib\application\providers\kitchen_tools_provider.dart:321:40 - extends_non_class
  error - Too many positional arguments: 0 expected, but 1 found - lib\application\providers\kitchen_tools_provider.dart:322:38 - extra_positional_arguments
  error - Undefined name 'state' - lib\application\providers\kitchen_tools_provider.dart:356:10 - undefined_identifier
  error - Undefined name 'state' - lib\application\providers\kitchen_tools_provider.dart:357:7 - undefined_identifier
  error - Undefined name 'state' - lib\application\providers\kitchen_tools_provider.dart:357:19 - undefined_identifier
  error - Undefined name 'state' - lib\application\providers\kitchen_tools_provider.dart:362:5 - undefined_identifier
  error - Undefined name 'state' - lib\application\providers\kitchen_tools_provider.dart:362:13 - undefined_identifier
  error - Undefined name 'state' - lib\application\providers\kitchen_tools_provider.dart:366:5 - undefined_identifier
  error - Undefined name 'state' - lib\application\providers\kitchen_tools_provider.dart:370:12 - undefined_identifier
   info - The imported package 'flutter_riverpod' isn't a dependency of the importing package - lib\application\providers\meal_planner_provider.dart:1:8 - depend_on_referenced_packages
  error - Target of URI doesn't exist: 'package:flutter_riverpod/flutter_riverpod.dart' - lib\application\providers\meal_planner_provider.dart:1:8 - uri_does_not_exist
  error - The function 'Provider' isn't defined - lib\application\providers\meal_planner_provider.dart:10:36 - undefined_function
  error - The function 'StateNotifierProvider' isn't defined - lib\application\providers\meal_planner_provider.dart:15:31 - undefined_function
  error - The name 'AsyncValue' isn't a type, so it can't be used as a type argument - lib\application\providers\meal_planner_provider.dart:15:72 - non_type_as_type_argument
  error - Classes can only extend other classes - lib\application\providers\meal_planner_provider.dart:23:33 - extends_non_class
  error - The name 'AsyncValue' isn't a type, so it can't be used as a type argument - lib\application\providers\meal_planner_provider.dart:23:47 - non_type_as_type_argument
  error - Too many positional arguments: 0 expected, but 1 found - lib\application\providers\meal_planner_provider.dart:27:69 - extra_positional_arguments
  error - The name 'AsyncLoading' isn't a class - lib\application\providers\meal_planner_provider.dart:27:75 - creation_with_non_type
  error - Undefined name 'state' - lib\application\providers\meal_planner_provider.dart:31:7 - undefined_identifier
  error - The name 'AsyncData' isn't a class - lib\application\providers\meal_planner_provider.dart:31:21 - creation_with_non_type
  error - Undefined name 'state' - lib\application\providers\meal_planner_provider.dart:37:7 - undefined_identifier
  error - The name 'AsyncData' isn't a class - lib\application\providers\meal_planner_provider.dart:37:21 - creation_with_non_type
  error - Undefined name 'state' - lib\application\providers\meal_planner_provider.dart:41:5 - undefined_identifier
  error - The name 'AsyncLoading' isn't a class - lib\application\providers\meal_planner_provider.dart:41:19 - creation_with_non_type
warning - The '!' will have no effect because the receiver can't be null - lib\application\providers\meal_planner_provider.dart:44:75 - unnecessary_non_null_assertion
  error - Undefined name 'state' - lib\application\providers\meal_planner_provider.dart:45:7 - undefined_identifier
  error - The method 'AsyncData' isn't defined for the type 'MealPlansNotifier' - lib\application\providers\meal_planner_provider.dart:45:15 - undefined_method
  error - Undefined name 'state' - lib\application\providers\meal_planner_provider.dart:47:7 - undefined_identifier
  error - The method 'AsyncError' isn't defined for the type 'MealPlansNotifier' - lib\application\providers\meal_planner_provider.dart:47:15 - undefined_method
warning - The '!' will have no effect because the receiver can't be null - lib\application\providers\meal_planner_provider.dart:62:24 - unnecessary_non_null_assertion
  error - Undefined name 'state' - lib\application\providers\meal_planner_provider.dart:75:28 - undefined_identifier
  error - Undefined name 'state' - lib\application\providers\meal_planner_provider.dart:77:7 - undefined_identifier
  error - The method 'AsyncData' isn't defined for the type 'MealPlansNotifier' - lib\application\providers\meal_planner_provider.dart:77:15 - undefined_method
  error - Undefined name 'state' - lib\application\providers\meal_planner_provider.dart:79:7 - undefined_identifier
  error - The method 'AsyncError' isn't defined for the type 'MealPlansNotifier' - lib\application\providers\meal_planner_provider.dart:79:15 - undefined_method
  error - Undefined name 'state' - lib\application\providers\meal_planner_provider.dart:88:28 - undefined_identifier
  error - The getter 'id' isn't defined for the type 'MealPlan' - lib\application\providers\meal_planner_provider.dart:90:36 - undefined_getter
  error - Undefined name 'state' - lib\application\providers\meal_planner_provider.dart:92:7 - undefined_identifier
  error - The method 'AsyncData' isn't defined for the type 'MealPlansNotifier' - lib\application\providers\meal_planner_provider.dart:92:15 - undefined_method
  error - Undefined name 'state' - lib\application\providers\meal_planner_provider.dart:94:7 - undefined_identifier
  error - The method 'AsyncError' isn't defined for the type 'MealPlansNotifier' - lib\application\providers\meal_planner_provider.dart:94:15 - undefined_method
  error - Undefined name 'state' - lib\application\providers\meal_planner_provider.dart:103:28 - undefined_identifier
  error - Undefined name 'state' - lib\application\providers\meal_planner_provider.dart:105:7 - undefined_identifier
  error - The method 'AsyncData' isn't defined for the type 'MealPlansNotifier' - lib\application\providers\meal_planner_provider.dart:105:15 - undefined_method
  error - Undefined name 'state' - lib\application\providers\meal_planner_provider.dart:107:7 - undefined_identifier
  error - The method 'AsyncError' isn't defined for the type 'MealPlansNotifier' - lib\application\providers\meal_planner_provider.dart:107:15 - undefined_method
  error - The method 'setActiveMealPlan' isn't defined for the type 'MealPlanRepository' - lib\application\providers\meal_planner_provider.dart:115:33 - undefined_method
warning - The '!' will have no effect because the receiver can't be null - lib\application\providers\meal_planner_provider.dart:115:58 - unnecessary_non_null_assertion
  error - Undefined name 'state' - lib\application\providers\meal_planner_provider.dart:118:28 - undefined_identifier
  error - Undefined name 'state' - lib\application\providers\meal_planner_provider.dart:122:7 - undefined_identifier
  error - The method 'AsyncData' isn't defined for the type 'MealPlansNotifier' - lib\application\providers\meal_planner_provider.dart:122:15 - undefined_method
  error - Undefined name 'state' - lib\application\providers\meal_planner_provider.dart:124:7 - undefined_identifier
  error - The method 'AsyncError' isn't defined for the type 'MealPlansNotifier' - lib\application\providers\meal_planner_provider.dart:124:15 - undefined_method
  error - Undefined name 'state' - lib\application\providers\meal_planner_provider.dart:129:26 - undefined_identifier
  error - Undefined name 'state' - lib\application\providers\meal_planner_provider.dart:150:26 - undefined_identifier
  error - Undefined name 'state' - lib\application\providers\meal_planner_provider.dart:171:26 - undefined_identifier
  error - The method 'copyWith' isn't defined for the type 'PlannedMeal' - lib\application\providers\meal_planner_provider.dart:179:41 - undefined_method
  error - The argument type 'List<dynamic>' can't be assigned to the parameter type 'String?'.  - lib\application\providers\meal_planner_provider.dart:214:16 - argument_type_not_assignable
  error - The function 'StateNotifierProvider' isn't defined - lib\application\providers\meal_planner_provider.dart:231:33 - undefined_function
  error - The name 'AsyncValue' isn't a type, so it can't be used as a type argument - lib\application\providers\meal_planner_provider.dart:231:80 - non_type_as_type_argument
  error - Classes can only extend other classes - lib\application\providers\meal_planner_provider.dart:239:39 - extends_non_class
  error - The name 'AsyncValue' isn't a type, so it can't be used as a type argument - lib\application\providers\meal_planner_provider.dart:239:53 - non_type_as_type_argument
  error - Too many positional arguments: 0 expected, but 1 found - lib\application\providers\meal_planner_provider.dart:243:75 - extra_positional_arguments
  error - The name 'AsyncLoading' isn't a class - lib\application\providers\meal_planner_provider.dart:243:81 - creation_with_non_type
  error - Undefined name 'state' - lib\application\providers\meal_planner_provider.dart:247:7 - undefined_identifier
  error - The name 'AsyncData' isn't a class - lib\application\providers\meal_planner_provider.dart:247:21 - creation_with_non_type
  error - Undefined name 'state' - lib\application\providers\meal_planner_provider.dart:253:7 - undefined_identifier
  error - The name 'AsyncData' isn't a class - lib\application\providers\meal_planner_provider.dart:253:21 - creation_with_non_type
  error - Undefined name 'state' - lib\application\providers\meal_planner_provider.dart:257:5 - undefined_identifier
  error - The name 'AsyncLoading' isn't a class - lib\application\providers\meal_planner_provider.dart:257:19 - creation_with_non_type
  error - The method 'getCurrentMealPlan' isn't defined for the type 'MealPlanRepository' - lib\application\providers\meal_planner_provider.dart:260:53 - undefined_method
warning - The '!' will have no effect because the receiver can't be null - lib\application\providers\meal_planner_provider.dart:260:79 - unnecessary_non_null_assertion
  error - Undefined name 'state' - lib\application\providers\meal_planner_provider.dart:261:7 - undefined_identifier
  error - The method 'AsyncData' isn't defined for the type 'CurrentMealPlanNotifier' - lib\application\providers\meal_planner_provider.dart:261:15 - undefined_method
  error - Undefined name 'state' - lib\application\providers\meal_planner_provider.dart:263:7 - undefined_identifier
  error - The method 'AsyncError' isn't defined for the type 'CurrentMealPlanNotifier' - lib\application\providers\meal_planner_provider.dart:263:15 - undefined_method
  error - Undefined name 'Provider' - lib\application\providers\meal_planner_provider.dart:273:32 - undefined_identifier
  error - The function 'Provider' isn't defined - lib\application\providers\meal_planner_provider.dart:286:29 - undefined_function
  error - The function 'Provider' isn't defined - lib\application\providers\meal_planner_provider.dart:302:34 - undefined_function
   info - The imported package 'flutter_riverpod' isn't a dependency of the importing package - lib\application\providers\pantry_provider.dart:1:8 - depend_on_referenced_packages
  error - Target of URI doesn't exist: 'package:flutter_riverpod/flutter_riverpod.dart' - lib\application\providers\pantry_provider.dart:1:8 - uri_does_not_exist
  error - The function 'Provider' isn't defined - lib\application\providers\pantry_provider.dart:9:34 - undefined_function
  error - The function 'StateNotifierProvider' isn't defined - lib\application\providers\pantry_provider.dart:14:29 - undefined_function
  error - The name 'AsyncValue' isn't a type, so it can't be used as a type argument - lib\application\providers\pantry_provider.dart:14:67 - non_type_as_type_argument
  error - Classes can only extend other classes - lib\application\providers\pantry_provider.dart:22:30 - extends_non_class
  error - The name 'AsyncValue' isn't a type, so it can't be used as a type argument - lib\application\providers\pantry_provider.dart:22:44 - non_type_as_type_argument
  error - Too many positional arguments: 0 expected, but 1 found - lib\application\providers\pantry_provider.dart:26:64 - extra_positional_arguments
  error - The name 'AsyncLoading' isn't a class - lib\application\providers\pantry_provider.dart:26:70 - creation_with_non_type
  error - Undefined name 'state' - lib\application\providers\pantry_provider.dart:30:7 - undefined_identifier
  error - The name 'AsyncData' isn't a class - lib\application\providers\pantry_provider.dart:30:21 - creation_with_non_type
  error - Undefined name 'state' - lib\application\providers\pantry_provider.dart:36:7 - undefined_identifier
  error - The name 'AsyncData' isn't a class - lib\application\providers\pantry_provider.dart:36:21 - creation_with_non_type
  error - Undefined name 'state' - lib\application\providers\pantry_provider.dart:40:5 - undefined_identifier
  error - The name 'AsyncLoading' isn't a class - lib\application\providers\pantry_provider.dart:40:19 - creation_with_non_type
  error - The method 'getAllPantryItems' isn't defined for the type 'PantryRepository' - lib\application\providers\pantry_provider.dart:43:45 - undefined_method
warning - The '!' will have no effect because the receiver can't be null - lib\application\providers\pantry_provider.dart:43:70 - unnecessary_non_null_assertion
  error - Undefined name 'state' - lib\application\providers\pantry_provider.dart:44:7 - undefined_identifier
  error - The method 'AsyncData' isn't defined for the type 'PantryNotifier' - lib\application\providers\pantry_provider.dart:44:15 - undefined_method
  error - Undefined name 'state' - lib\application\providers\pantry_provider.dart:46:7 - undefined_identifier
  error - The method 'AsyncError' isn't defined for the type 'PantryNotifier' - lib\application\providers\pantry_provider.dart:46:15 - undefined_method
  error - The argument type 'String' can't be assigned to the parameter type 'PantryItem'.  - lib\application\providers\pantry_provider.dart:54:45 - argument_type_not_assignable
warning - The '!' will have no effect because the receiver can't be null - lib\application\providers\pantry_provider.dart:54:52 - unnecessary_non_null_assertion
  error - Too many positional arguments: 1 expected, but 2 found - lib\application\providers\pantry_provider.dart:54:55 - extra_positional_arguments
  error - Undefined name 'state' - lib\application\providers\pantry_provider.dart:57:28 - undefined_identifier
  error - Undefined name 'state' - lib\application\providers\pantry_provider.dart:59:7 - undefined_identifier
  error - The method 'AsyncData' isn't defined for the type 'PantryNotifier' - lib\application\providers\pantry_provider.dart:59:15 - undefined_method
  error - Undefined name 'state' - lib\application\providers\pantry_provider.dart:61:7 - undefined_identifier
  error - The method 'AsyncError' isn't defined for the type 'PantryNotifier' - lib\application\providers\pantry_provider.dart:61:15 - undefined_method
  error - The argument type 'String' can't be assigned to the parameter type 'PantryItem'.  - lib\application\providers\pantry_provider.dart:69:48 - argument_type_not_assignable
warning - The '!' will have no effect because the receiver can't be null - lib\application\providers\pantry_provider.dart:69:55 - unnecessary_non_null_assertion
  error - Too many positional arguments: 1 expected, but 2 found - lib\application\providers\pantry_provider.dart:69:58 - extra_positional_arguments
  error - Undefined name 'state' - lib\application\providers\pantry_provider.dart:72:28 - undefined_identifier
  error - The getter 'id' isn't defined for the type 'PantryItem' - lib\application\providers\pantry_provider.dart:74:40 - undefined_getter
  error - Undefined name 'state' - lib\application\providers\pantry_provider.dart:76:7 - undefined_identifier
  error - The method 'AsyncData' isn't defined for the type 'PantryNotifier' - lib\application\providers\pantry_provider.dart:76:15 - undefined_method
  error - Undefined name 'state' - lib\application\providers\pantry_provider.dart:78:7 - undefined_identifier
  error - The method 'AsyncError' isn't defined for the type 'PantryNotifier' - lib\application\providers\pantry_provider.dart:78:15 - undefined_method
warning - The '!' will have no effect because the receiver can't be null - lib\application\providers\pantry_provider.dart:86:55 - unnecessary_non_null_assertion
  error - Too many positional arguments: 1 expected, but 2 found - lib\application\providers\pantry_provider.dart:86:58 - extra_positional_arguments
  error - Undefined name 'state' - lib\application\providers\pantry_provider.dart:89:28 - undefined_identifier
  error - Undefined name 'state' - lib\application\providers\pantry_provider.dart:91:7 - undefined_identifier
  error - The method 'AsyncData' isn't defined for the type 'PantryNotifier' - lib\application\providers\pantry_provider.dart:91:15 - undefined_method
  error - Undefined name 'state' - lib\application\providers\pantry_provider.dart:93:7 - undefined_identifier
  error - The method 'AsyncError' isn't defined for the type 'PantryNotifier' - lib\application\providers\pantry_provider.dart:93:15 - undefined_method
  error - The method 'updateQuantity' isn't defined for the type 'PantryRepository' - lib\application\providers\pantry_provider.dart:101:31 - undefined_method
warning - The '!' will have no effect because the receiver can't be null - lib\application\providers\pantry_provider.dart:101:53 - unnecessary_non_null_assertion
  error - Undefined name 'state' - lib\application\providers\pantry_provider.dart:104:28 - undefined_identifier
  error - Undefined name 'state' - lib\application\providers\pantry_provider.dart:114:7 - undefined_identifier
  error - The method 'AsyncData' isn't defined for the type 'PantryNotifier' - lib\application\providers\pantry_provider.dart:114:15 - undefined_method
  error - Undefined name 'state' - lib\application\providers\pantry_provider.dart:116:7 - undefined_identifier
  error - The method 'AsyncError' isn't defined for the type 'PantryNotifier' - lib\application\providers\pantry_provider.dart:116:15 - undefined_method
  error - The method 'markAsRunningLow' isn't defined for the type 'PantryRepository' - lib\application\providers\pantry_provider.dart:124:31 - undefined_method
warning - The '!' will have no effect because the receiver can't be null - lib\application\providers\pantry_provider.dart:124:55 - unnecessary_non_null_assertion
  error - Undefined name 'state' - lib\application\providers\pantry_provider.dart:127:28 - undefined_identifier
  error - Undefined name 'state' - lib\application\providers\pantry_provider.dart:137:7 - undefined_identifier
  error - The method 'AsyncData' isn't defined for the type 'PantryNotifier' - lib\application\providers\pantry_provider.dart:137:15 - undefined_method
  error - Undefined name 'state' - lib\application\providers\pantry_provider.dart:139:7 - undefined_identifier
  error - The method 'AsyncError' isn't defined for the type 'PantryNotifier' - lib\application\providers\pantry_provider.dart:139:15 - undefined_method
  error - Undefined name 'state' - lib\application\providers\pantry_provider.dart:148:19 - undefined_identifier
  error - Undefined name 'state' - lib\application\providers\pantry_provider.dart:153:19 - undefined_identifier
  error - Undefined name 'state' - lib\application\providers\pantry_provider.dart:163:19 - undefined_identifier
  error - Undefined name 'state' - lib\application\providers\pantry_provider.dart:168:19 - undefined_identifier
  error - Undefined name 'state' - lib\application\providers\pantry_provider.dart:174:19 - undefined_identifier
  error - Undefined name 'state' - lib\application\providers\pantry_provider.dart:179:19 - undefined_identifier
  error - The function 'Provider' isn't defined - lib\application\providers\pantry_provider.dart:189:31 - undefined_function
  error - The function 'Provider' isn't defined - lib\application\providers\pantry_provider.dart:203:31 - undefined_function
  error - The function 'Provider' isn't defined - lib\application\providers\pantry_provider.dart:212:34 - undefined_function
  error - The function 'Provider' isn't defined - lib\application\providers\pantry_provider.dart:224:29 - undefined_function
   info - The imported package 'flutter_riverpod' isn't a dependency of the importing package - lib\application\providers\recipe_provider.dart:1:8 - depend_on_referenced_packages
  error - Target of URI doesn't exist: 'package:flutter_riverpod/flutter_riverpod.dart' - lib\application\providers\recipe_provider.dart:1:8 - uri_does_not_exist
  error - The function 'StateNotifierProvider' isn't defined - lib\application\providers\recipe_provider.dart:33:34 - undefined_function
  error - Classes can only extend other classes - lib\application\providers\recipe_provider.dart:37:40 - extends_non_class
  error - Too many positional arguments: 0 expected, but 1 found - lib\application\providers\recipe_provider.dart:38:38 - extra_positional_arguments
  error - Undefined name 'state' - lib\application\providers\recipe_provider.dart:48:7 - undefined_identifier
  error - Undefined name 'state' - lib\application\providers\recipe_provider.dart:52:5 - undefined_identifier
  error - Undefined name 'state' - lib\application\providers\recipe_provider.dart:65:7 - undefined_identifier
  error - Undefined name 'state' - lib\application\providers\recipe_provider.dart:67:7 - undefined_identifier
  error - Undefined name 'state' - lib\application\providers\recipe_provider.dart:69:7 - undefined_identifier
  error - Undefined name 'state' - lib\application\providers\recipe_provider.dart:74:5 - undefined_identifier
  error - The function 'FutureProvider' isn't defined - lib\application\providers\recipe_provider.dart:210:29 - undefined_function
  error - The function 'StateNotifierProvider' isn't defined - lib\application\providers\recipe_provider.dart:216:33 - undefined_function
  error - Classes can only extend other classes - lib\application\providers\recipe_provider.dart:220:39 - extends_non_class
  error - Too many positional arguments: 0 expected, but 1 found - lib\application\providers\recipe_provider.dart:221:37 - extra_positional_arguments
  error - Undefined name 'state' - lib\application\providers\recipe_provider.dart:224:39 - undefined_identifier
  error - Undefined name 'state' - lib\application\providers\recipe_provider.dart:230:5 - undefined_identifier
  error - Undefined name 'state' - lib\application\providers\recipe_provider.dart:234:12 - undefined_identifier
  error - Undefined name 'state' - lib\application\providers\recipe_provider.dart:238:10 - undefined_identifier
  error - Undefined name 'state' - lib\application\providers\recipe_provider.dart:239:7 - undefined_identifier
  error - Undefined name 'state' - lib\application\providers\recipe_provider.dart:239:19 - undefined_identifier
  error - Undefined name 'state' - lib\application\providers\recipe_provider.dart:244:9 - undefined_identifier
  error - Undefined name 'state' - lib\application\providers\recipe_provider.dart:245:41 - undefined_identifier
  error - Undefined name 'state' - lib\application\providers\recipe_provider.dart:247:7 - undefined_identifier
  error - Undefined name 'state' - lib\application\providers\recipe_provider.dart:252:5 - undefined_identifier
  error - The function 'StateNotifierProvider' isn't defined - lib\application\providers\recipe_provider.dart:257:30 - undefined_function
  error - Classes can only extend other classes - lib\application\providers\recipe_provider.dart:261:36 - extends_non_class
  error - Too many positional arguments: 0 expected, but 1 found - lib\application\providers\recipe_provider.dart:262:34 - extra_positional_arguments
  error - Undefined name 'state' - lib\application\providers\recipe_provider.dart:266:7 - undefined_identifier
  error - Undefined name 'state' - lib\application\providers\recipe_provider.dart:270:5 - undefined_identifier
  error - Undefined name 'state' - lib\application\providers\recipe_provider.dart:275:7 - undefined_identifier
  error - Undefined name 'state' - lib\application\providers\recipe_provider.dart:277:7 - undefined_identifier
  error - Undefined name 'state' - lib\application\providers\recipe_provider.dart:282:5 - undefined_identifier
   info - The imported package 'flutter_riverpod' isn't a dependency of the importing package - lib\application\providers\user_profile_provider.dart:1:8 - depend_on_referenced_packages
  error - Target of URI doesn't exist: 'package:flutter_riverpod/flutter_riverpod.dart' - lib\application\providers\user_profile_provider.dart:1:8 - uri_does_not_exist
  error - The function 'Provider' isn't defined - lib\application\providers\user_profile_provider.dart:11:32 - undefined_function
  error - The function 'StateNotifierProvider' isn't defined - lib\application\providers\user_profile_provider.dart:16:29 - undefined_function
  error - The name 'AsyncValue' isn't a type, so it can't be used as a type argument - lib\application\providers\user_profile_provider.dart:16:72 - non_type_as_type_argument
  error - Classes can only extend other classes - lib\application\providers\user_profile_provider.dart:24:35 - extends_non_class
  error - The name 'AsyncValue' isn't a type, so it can't be used as a type argument - lib\application\providers\user_profile_provider.dart:24:49 - non_type_as_type_argument
  error - Too many positional arguments: 0 expected, but 1 found - lib\application\providers\user_profile_provider.dart:28:67 - extra_positional_arguments
  error - The name 'AsyncLoading' isn't a class - lib\application\providers\user_profile_provider.dart:28:73 - creation_with_non_type
  error - Undefined name 'state' - lib\application\providers\user_profile_provider.dart:32:7 - undefined_identifier
  error - The name 'AsyncData' isn't a class - lib\application\providers\user_profile_provider.dart:32:21 - creation_with_non_type
  error - Undefined name 'state' - lib\application\providers\user_profile_provider.dart:38:7 - undefined_identifier
  error - The name 'AsyncData' isn't a class - lib\application\providers\user_profile_provider.dart:38:21 - creation_with_non_type
  error - Undefined name 'state' - lib\application\providers\user_profile_provider.dart:42:5 - undefined_identifier
  error - The name 'AsyncLoading' isn't a class - lib\application\providers\user_profile_provider.dart:42:19 - creation_with_non_type
warning - The '!' will have no effect because the receiver can't be null - lib\application\providers\user_profile_provider.dart:45:67 - unnecessary_non_null_assertion
  error - Undefined name 'state' - lib\application\providers\user_profile_provider.dart:46:7 - undefined_identifier
  error - The method 'AsyncData' isn't defined for the type 'UserProfileNotifier' - lib\application\providers\user_profile_provider.dart:46:15 - undefined_method
  error - Undefined name 'state' - lib\application\providers\user_profile_provider.dart:48:7 - undefined_identifier
  error - The method 'AsyncError' isn't defined for the type 'UserProfileNotifier' - lib\application\providers\user_profile_provider.dart:48:15 - undefined_method
  error - Undefined name 'state' - lib\application\providers\user_profile_provider.dart:62:5 - undefined_identifier
  error - The name 'AsyncLoading' isn't a class - lib\application\providers\user_profile_provider.dart:62:19 - creation_with_non_type
warning - The '!' will have no effect because the receiver can't be null - lib\application\providers\user_profile_provider.dart:66:20 - unnecessary_non_null_assertion
  error - Undefined name 'state' - lib\application\providers\user_profile_provider.dart:97:7 - undefined_identifier
  error - The method 'AsyncData' isn't defined for the type 'UserProfileNotifier' - lib\application\providers\user_profile_provider.dart:97:15 - undefined_method
  error - Undefined name 'state' - lib\application\providers\user_profile_provider.dart:99:7 - undefined_identifier
  error - The method 'AsyncError' isn't defined for the type 'UserProfileNotifier' - lib\application\providers\user_profile_provider.dart:99:15 - undefined_method
  error - Undefined name 'state' - lib\application\providers\user_profile_provider.dart:108:7 - undefined_identifier
  error - The method 'AsyncData' isn't defined for the type 'UserProfileNotifier' - lib\application\providers\user_profile_provider.dart:108:15 - undefined_method
  error - Undefined name 'state' - lib\application\providers\user_profile_provider.dart:110:7 - undefined_identifier
  error - The method 'AsyncError' isn't defined for the type 'UserProfileNotifier' - lib\application\providers\user_profile_provider.dart:110:15 - undefined_method
  error - Undefined name 'state' - lib\application\providers\user_profile_provider.dart:115:28 - undefined_identifier
  error - Undefined name 'state' - lib\application\providers\user_profile_provider.dart:123:28 - undefined_identifier
  error - Undefined name 'state' - lib\application\providers\user_profile_provider.dart:131:28 - undefined_identifier
  error - Undefined name 'state' - lib\application\providers\user_profile_provider.dart:139:28 - undefined_identifier
  error - The argument type 'String' can't be assigned to the parameter type 'Never'.  - lib\application\providers\user_profile_provider.dart:144:31 - argument_type_not_assignable
  error - Undefined name 'state' - lib\application\providers\user_profile_provider.dart:151:28 - undefined_identifier
  error - Undefined name 'state' - lib\application\providers\user_profile_provider.dart:160:28 - undefined_identifier
  error - The argument type 'String' can't be assigned to the parameter type 'Never'.  - lib\application\providers\user_profile_provider.dart:165:31 - argument_type_not_assignable
  error - Undefined name 'state' - lib\application\providers\user_profile_provider.dart:172:28 - undefined_identifier
  error - Undefined name 'state' - lib\application\providers\user_profile_provider.dart:181:28 - undefined_identifier
  error - Undefined name 'state' - lib\application\providers\user_profile_provider.dart:189:28 - undefined_identifier
  error - Undefined name 'state' - lib\application\providers\user_profile_provider.dart:197:28 - undefined_identifier
  error - Undefined name 'state' - lib\application\providers\user_profile_provider.dart:205:28 - undefined_identifier
  error - The argument type 'String' can't be assigned to the parameter type 'Never'.  - lib\application\providers\user_profile_provider.dart:210:27 - argument_type_not_assignable
  error - Undefined name 'state' - lib\application\providers\user_profile_provider.dart:217:28 - undefined_identifier
  error - The function 'Provider' isn't defined - lib\application\providers\user_profile_provider.dart:231:32 - undefined_function
  error - The function 'Provider' isn't defined - lib\application\providers\user_profile_provider.dart:236:41 - undefined_function
  error - The function 'Provider' isn't defined - lib\application\providers\user_profile_provider.dart:241:31 - undefined_function
  error - The function 'Provider' isn't defined - lib\application\providers\user_profile_provider.dart:246:38 - undefined_function
  error - The function 'Provider' isn't defined - lib\application\providers\user_profile_provider.dart:251:40 - undefined_function
  error - The name 'Ingredient' isn't a type, so it can't be used as a type argument - lib\application\usecases\generate_recipe_usecase.dart:80:8 - non_type_as_type_argument
  error - The name 'Ingredient' isn't a type, so it can't be used as a type argument - lib\application\usecases\generate_recipe_usecase.dart:83:48 - non_type_as_type_argument
  error - The method 'Ingredient' isn't defined for the type 'GenerateRecipeUseCase' - lib\application\usecases\generate_recipe_usecase.dart:89:16 - undefined_method
  error - The method 'Ingredient' isn't defined for the type 'GenerateRecipeUseCase' - lib\application\usecases\generate_recipe_usecase.dart:97:16 - undefined_method
  error - The method 'Ingredient' isn't defined for the type 'GenerateRecipeUseCase' - lib\application\usecases\generate_recipe_usecase.dart:110:14 - undefined_method
  error - The name 'CookingStep' isn't a type, so it can't be used as a type argument - lib\application\usecases\generate_recipe_usecase.dart:118:8 - non_type_as_type_argument
  error - The name 'CookingStep' isn't a type, so it can't be used as a type argument - lib\application\usecases\generate_recipe_usecase.dart:121:49 - non_type_as_type_argument
  error - The method 'CookingStep' isn't defined for the type 'GenerateRecipeUseCase' - lib\application\usecases\generate_recipe_usecase.dart:126:16 - undefined_method
  error - The method 'CookingStep' isn't defined for the type 'GenerateRecipeUseCase' - lib\application\usecases\generate_recipe_usecase.dart:133:16 - undefined_method
  error - The method 'CookingStep' isn't defined for the type 'GenerateRecipeUseCase' - lib\application\usecases\generate_recipe_usecase.dart:144:14 - undefined_method
  error - Undefined class 'DifficultyLevel' - lib\application\usecases\generate_recipe_usecase.dart:151:3 - undefined_class
  error - Undefined name 'DifficultyLevel' - lib\application\usecases\generate_recipe_usecase.dart:152:39 - undefined_identifier
  error - Undefined name 'DifficultyLevel' - lib\application\usecases\generate_recipe_usecase.dart:157:16 - undefined_identifier
  error - Undefined name 'DifficultyLevel' - lib\application\usecases\generate_recipe_usecase.dart:159:16 - undefined_identifier
  error - Undefined name 'DifficultyLevel' - lib\application\usecases\generate_recipe_usecase.dart:162:16 - undefined_identifier
  error - Undefined name 'DifficultyLevel' - lib\application\usecases\generate_recipe_usecase.dart:165:16 - undefined_identifier
  error - Undefined name 'DifficultyLevel' - lib\application\usecases\generate_recipe_usecase.dart:168:16 - undefined_identifier
  error - Undefined name 'DifficultyLevel' - lib\application\usecases\generate_recipe_usecase.dart:170:16 - undefined_identifier
  error - Undefined class 'NutritionInfo' - lib\application\usecases\generate_recipe_usecase.dart:205:3 - undefined_class
  error - The name 'NutritionInfo' isn't a class - lib\application\usecases\generate_recipe_usecase.dart:207:20 - creation_with_non_type
  error - The method 'NutritionInfo' isn't defined for the type 'GenerateRecipeUseCase' - lib\application\usecases\generate_recipe_usecase.dart:218:12 - undefined_method
  error - The argument type 'String' can't be assigned to the parameter type 'PantryItem'.  - lib\application\usecases\manage_pantry_usecase.dart:50:45 - argument_type_not_assignable
  error - Too many positional arguments: 1 expected, but 2 found - lib\application\usecases\manage_pantry_usecase.dart:50:53 - extra_positional_arguments
  error - The getter 'name' isn't defined for the type 'PantryItem' - lib\application\usecases\manage_pantry_usecase.dart:64:14 - undefined_getter
  error - The getter 'quantity' isn't defined for the type 'PantryItem' - lib\application\usecases\manage_pantry_usecase.dart:68:14 - undefined_getter
  error - The method 'copyWith' isn't defined for the type 'PantryItem' - lib\application\usecases\manage_pantry_usecase.dart:73:32 - undefined_method
  error - The getter 'name' isn't defined for the type 'PantryItem' - lib\application\usecases\manage_pantry_usecase.dart:74:20 - undefined_getter
  error - The getter 'category' isn't defined for the type 'PantryItem' - lib\application\usecases\manage_pantry_usecase.dart:75:24 - undefined_getter
  error - The getter 'category' isn't defined for the type 'PantryItem' - lib\application\usecases\manage_pantry_usecase.dart:75:65 - undefined_getter
  error - The argument type 'String' can't be assigned to the parameter type 'PantryItem'.  - lib\application\usecases\manage_pantry_usecase.dart:79:48 - argument_type_not_assignable
  error - Too many positional arguments: 1 expected, but 2 found - lib\application\usecases\manage_pantry_usecase.dart:79:56 - extra_positional_arguments
  error - Too many positional arguments: 1 expected, but 2 found - lib\application\usecases\manage_pantry_usecase.dart:94:56 - extra_positional_arguments
  error - The method 'updateQuantity' isn't defined for the type 'PantryRepository' - lib\application\usecases\manage_pantry_usecase.dart:115:31 - undefined_method
  error - The method 'markAsRunningLow' isn't defined for the type 'PantryRepository' - lib\application\usecases\manage_pantry_usecase.dart:118:33 - undefined_method
  error - 2 positional arguments expected by 'getExpiringItems', but 1 found - lib\application\usecases\manage_pantry_usecase.dart:166:15 - not_enough_positional_arguments
  error - The named parameter 'daysFromNow' isn't defined - lib\application\usecases\manage_pantry_usecase.dart:167:9 - undefined_named_parameter
  error - The getter 'expiryDate' isn't defined for the type 'PantryItem' - lib\application\usecases\manage_pantry_usecase.dart:172:35 - undefined_getter
  error - The getter 'isRunningLow' isn't defined for the type 'PantryItem' - lib\application\usecases\manage_pantry_usecase.dart:173:40 - undefined_getter
  error - The method 'markAsRunningLow' isn't defined for the type 'PantryRepository' - lib\application\usecases\manage_pantry_usecase.dart:174:35 - undefined_method
  error - The getter 'id' isn't defined for the type 'PantryItem' - lib\application\usecases\manage_pantry_usecase.dart:174:65 - undefined_getter
  error - The method 'getLowStockItems' isn't defined for the type 'PantryRepository' - lib\application\usecases\manage_pantry_usecase.dart:192:53 - undefined_method
  error - 2 positional arguments expected by 'getExpiringItems', but 1 found - lib\application\usecases\manage_pantry_usecase.dart:193:76 - not_enough_positional_arguments
  error - The named parameter 'daysFromNow' isn't defined - lib\application\usecases\manage_pantry_usecase.dart:193:78 - undefined_named_parameter
  error - The getter 'expiryDate' isn't defined for the type 'PantryItem' - lib\application\usecases\manage_pantry_usecase.dart:213:35 - undefined_getter
  error - The getter 'name' isn't defined for the type 'PantryItem' - lib\application\usecases\manage_pantry_usecase.dart:216:26 - undefined_getter
  error - The getter 'category' isn't defined for the type 'PantryItem' - lib\application\usecases\manage_pantry_usecase.dart:217:30 - undefined_getter
  error - The getter 'unit' isn't defined for the type 'PantryItem' - lib\application\usecases\manage_pantry_usecase.dart:218:26 - undefined_getter
  error - The getter 'quantity' isn't defined for the type 'PantryItem' - lib\application\usecases\manage_pantry_usecase.dart:219:39 - undefined_getter
  error - The getter 'brand' isn't defined for the type 'PantryItem' - lib\application\usecases\manage_pantry_usecase.dart:220:27 - undefined_getter
  error - The getter 'cost' isn't defined for the type 'PantryItem' - lib\application\usecases\manage_pantry_usecase.dart:221:35 - undefined_getter
  error - The getter 'name' isn't defined for the type 'PantryItem' - lib\application\usecases\manage_pantry_usecase.dart:227:26 - undefined_getter
  error - The getter 'category' isn't defined for the type 'PantryItem' - lib\application\usecases\manage_pantry_usecase.dart:228:30 - undefined_getter
  error - The getter 'unit' isn't defined for the type 'PantryItem' - lib\application\usecases\manage_pantry_usecase.dart:229:26 - undefined_getter
  error - The getter 'quantity' isn't defined for the type 'PantryItem' - lib\application\usecases\manage_pantry_usecase.dart:230:39 - undefined_getter
  error - The getter 'brand' isn't defined for the type 'PantryItem' - lib\application\usecases\manage_pantry_usecase.dart:231:27 - undefined_getter
  error - The getter 'cost' isn't defined for the type 'PantryItem' - lib\application\usecases\manage_pantry_usecase.dart:232:35 - undefined_getter
  error - The method 'getAllPantryItems' isn't defined for the type 'PantryRepository' - lib\application\usecases\manage_pantry_usecase.dart:263:48 - undefined_method
  error - The method 'getLowStockItems' isn't defined for the type 'PantryRepository' - lib\application\usecases\manage_pantry_usecase.dart:264:53 - undefined_method
  error - 2 positional arguments expected by 'getExpiringItems', but 1 found - lib\application\usecases\manage_pantry_usecase.dart:265:76 - not_enough_positional_arguments
  error - The named parameter 'daysFromNow' isn't defined - lib\application\usecases\manage_pantry_usecase.dart:265:78 - undefined_named_parameter
  error - The method 'getUniqueCategories' isn't defined for the type 'PantryRepository' - lib\application\usecases\manage_pantry_usecase.dart:266:50 - undefined_method
  error - The getter 'unit' isn't defined for the type 'PantryItem' - lib\application\usecases\manage_pantry_usecase.dart:291:14 - undefined_getter
  error - The getter 'unit' isn't defined for the type 'PantryItem' - lib\application\usecases\manage_pantry_usecase.dart:292:14 - undefined_getter
  error - The getter 'unit' isn't defined for the type 'PantryItem' - lib\application\usecases\manage_pantry_usecase.dart:294:21 - undefined_getter
  error - The getter 'unit' isn't defined for the type 'PantryItem' - lib\application\usecases\manage_pantry_usecase.dart:295:21 - undefined_getter
  error - The getter 'unit' isn't defined for the type 'PantryItem' - lib\application\usecases\manage_pantry_usecase.dart:297:21 - undefined_getter
  error - The getter 'unit' isn't defined for the type 'PantryItem' - lib\application\usecases\manage_pantry_usecase.dart:298:21 - undefined_getter
  error - The getter 'quantity' isn't defined for the type 'PantryItem' - lib\application\usecases\manage_pantry_usecase.dart:303:17 - undefined_getter
  error - The getter 'quantity' isn't defined for the type 'PantryItem' - lib\application\usecases\manage_pantry_usecase.dart:303:37 - undefined_getter
  error - The getter 'userId' isn't defined for the type 'MealPlan' - lib\application\usecases\plan_meals_usecase.dart:80:20 - undefined_getter
  error - The getter 'title' isn't defined for the type 'Recipe' - lib\application\usecases\plan_meals_usecase.dart:87:28 - undefined_getter
  error - The getter 'servings' isn't defined for the type 'Recipe' - lib\application\usecases\plan_meals_usecase.dart:88:38 - undefined_getter
  error - The getter 'dailyPlans' isn't defined for the type 'MealPlan' - lib\application\usecases\plan_meals_usecase.dart:93:42 - undefined_getter
  error - The method 'copyWith' isn't defined for the type 'MealPlan' - lib\application\usecases\plan_meals_usecase.dart:106:40 - undefined_method
  error - The getter 'userId' isn't defined for the type 'MealPlan' - lib\application\usecases\plan_meals_usecase.dart:133:20 - undefined_getter
  error - The getter 'dailyPlans' isn't defined for the type 'MealPlan' - lib\application\usecases\plan_meals_usecase.dart:137:42 - undefined_getter
  error - The method 'copyWith' isn't defined for the type 'MealPlan' - lib\application\usecases\plan_meals_usecase.dart:150:40 - undefined_method
  error - The getter 'userId' isn't defined for the type 'MealPlan' - lib\application\usecases\plan_meals_usecase.dart:177:20 - undefined_getter
  error - The getter 'dailyPlans' isn't defined for the type 'MealPlan' - lib\application\usecases\plan_meals_usecase.dart:181:42 - undefined_getter
  error - The method 'copyWith' isn't defined for the type 'PlannedMeal' - lib\application\usecases\plan_meals_usecase.dart:187:43 - undefined_method
  error - The method 'copyWith' isn't defined for the type 'MealPlan' - lib\application\usecases\plan_meals_usecase.dart:198:40 - undefined_method
  error - The getter 'dailyPlans' isn't defined for the type 'MealPlan' - lib\application\usecases\plan_meals_usecase.dart:226:40 - undefined_getter
  error - The getter 'servings' isn't defined for the type 'Recipe' - lib\application\usecases\plan_meals_usecase.dart:238:55 - undefined_getter
  error - The getter 'ingredients' isn't defined for the type 'Recipe' - lib\application\usecases\plan_meals_usecase.dart:240:43 - undefined_getter
  error - The getter 'title' isn't defined for the type 'Recipe' - lib\application\usecases\plan_meals_usecase.dart:253:36 - undefined_getter
  error - The getter 'prepTime' isn't defined for the type 'Recipe' - lib\application\usecases\plan_meals_usecase.dart:289:36 - undefined_getter
  error - The getter 'cookingTime' isn't defined for the type 'Recipe' - lib\application\usecases\plan_meals_usecase.dart:289:64 - undefined_getter
  error - The getter 'title' isn't defined for the type 'Recipe' - lib\application\usecases\plan_meals_usecase.dart:296:40 - undefined_getter
  error - The getter 'description' isn't defined for the type 'Recipe' - lib\application\usecases\plan_meals_usecase.dart:296:56 - undefined_getter
  error - The getter 'tags' isn't defined for the type 'Recipe' - lib\application\usecases\plan_meals_usecase.dart:296:78 - undefined_getter
  error - The argument type 'List<dynamic>' can't be assigned to the parameter type 'String?'.  - lib\application\usecases\plan_meals_usecase.dart:354:16 - argument_type_not_assignable
  error - The type 'MealType' isn't exhaustively matched by the switch cases since it doesn't match the pattern 'MealType.appetizer' - lib\application\usecases\plan_meals_usecase.dart:377:9 - non_exhaustive_switch_statement
  error - The getter 'tags' isn't defined for the type 'Recipe' - lib\application\usecases\plan_meals_usecase.dart:409:26 - undefined_getter
warning - This null-check will always throw an exception because the expression will always evaluate to 'null' - lib\application\usecases\plan_meals_usecase.dart:412:71 - null_check_always_fails
  error - The getter 'tags' isn't defined for the type 'Recipe' - lib\application\usecases\plan_meals_usecase.dart:417:49 - undefined_getter
warning - This null-check will always throw an exception because the expression will always evaluate to 'null' - lib\application\usecases\plan_meals_usecase.dart:420:71 - null_check_always_fails
  error - The getter 'tags' isn't defined for the type 'Recipe' - lib\application\usecases\plan_meals_usecase.dart:425:68 - undefined_getter
warning - This null-check will always throw an exception because the expression will always evaluate to 'null' - lib\application\usecases\plan_meals_usecase.dart:428:71 - null_check_always_fails
   info - The imported package 'firebase_core' isn't a dependency of the importing package - lib\core\config\firebase_options.dart:3:8 - depend_on_referenced_packages
  error - Target of URI doesn't exist: 'package:firebase_core/firebase_core.dart' - lib\core\config\firebase_options.dart:3:8 - uri_does_not_exist
  error - Const variables must be initialized with a constant value - lib\core\config\firebase_options.dart:46:38 - const_initialized_with_non_constant_value
  error - The method 'FirebaseOptions' isn't defined for the type 'DefaultFirebaseOptions' - lib\core\config\firebase_options.dart:46:38 - undefined_method
  error - Const variables must be initialized with a constant value - lib\core\config\firebase_options.dart:55:42 - const_initialized_with_non_constant_value
  error - The method 'FirebaseOptions' isn't defined for the type 'DefaultFirebaseOptions' - lib\core\config\firebase_options.dart:55:42 - undefined_method
  error - Const variables must be initialized with a constant value - lib\core\config\firebase_options.dart:63:38 - const_initialized_with_non_constant_value
  error - The method 'FirebaseOptions' isn't defined for the type 'DefaultFirebaseOptions' - lib\core\config\firebase_options.dart:63:38 - undefined_method
  error - Const variables must be initialized with a constant value - lib\core\config\firebase_options.dart:73:40 - const_initialized_with_non_constant_value
  error - The method 'FirebaseOptions' isn't defined for the type 'DefaultFirebaseOptions' - lib\core\config\firebase_options.dart:73:40 - undefined_method
   info - Parameter 'message' could be a super parameter - lib\core\errors\app_exceptions.dart:13:9 - use_super_parameters
   info - Parameter 'message' could be a super parameter - lib\core\errors\app_exceptions.dart:17:9 - use_super_parameters
   info - Parameter 'message' could be a super parameter - lib\core\errors\app_exceptions.dart:21:9 - use_super_parameters
   info - Parameter 'message' could be a super parameter - lib\core\errors\app_exceptions.dart:25:9 - use_super_parameters
   info - Parameter 'message' could be a super parameter - lib\core\errors\app_exceptions.dart:29:9 - use_super_parameters
   info - Parameter 'message' could be a super parameter - lib\core\errors\app_exceptions.dart:33:9 - use_super_parameters
   info - Parameter 'message' could be a super parameter - lib\core\errors\app_exceptions.dart:37:9 - use_super_parameters
   info - Parameter 'message' could be a super parameter - lib\core\errors\app_exceptions.dart:41:9 - use_super_parameters
   info - Parameter 'message' could be a super parameter - lib\core\errors\app_exceptions.dart:45:9 - use_super_parameters
   info - Parameter 'message' could be a super parameter - lib\core\errors\app_exceptions.dart:49:9 - use_super_parameters
   info - Parameter 'message' could be a super parameter - lib\core\errors\app_exceptions.dart:53:9 - use_super_parameters
   info - Parameter 'message' could be a super parameter - lib\core\errors\app_exceptions.dart:58:9 - use_super_parameters
   info - Parameter 'message' could be a super parameter - lib\core\errors\app_exceptions.dart:62:9 - use_super_parameters
   info - The imported package 'flutter_riverpod' isn't a dependency of the importing package - lib\core\providers\app_providers.dart:2:8 - depend_on_referenced_packages
  error - Target of URI doesn't exist: 'package:flutter_riverpod/flutter_riverpod.dart' - lib\core\providers\app_providers.dart:2:8 - uri_does_not_exist
   info - The imported package 'go_router' isn't a dependency of the importing package - lib\core\providers\app_providers.dart:3:8 - depend_on_referenced_packages
  error - Target of URI doesn't exist: 'package:go_router/go_router.dart' - lib\core\providers\app_providers.dart:3:8 - uri_does_not_exist
  error - The function 'StateNotifierProvider' isn't defined - lib\core\providers\app_providers.dart:6:27 - undefined_function
  error - Classes can only extend other classes - lib\core\providers\app_providers.dart:10:33 - extends_non_class
  error - Too many positional arguments: 0 expected, but 1 found - lib\core\providers\app_providers.dart:11:31 - extra_positional_arguments
  error - Undefined name 'state' - lib\core\providers\app_providers.dart:14:5 - undefined_identifier
  error - Undefined name 'state' - lib\core\providers\app_providers.dart:14:13 - undefined_identifier
  error - Undefined name 'state' - lib\core\providers\app_providers.dart:18:5 - undefined_identifier
  error - The function 'Provider' isn't defined - lib\core\providers\app_providers.dart:23:24 - undefined_function
  error - The name 'GoRouter' isn't a type, so it can't be used as a type argument - lib\core\providers\app_providers.dart:23:33 - non_type_as_type_argument
  error - The function 'GoRouter' isn't defined - lib\core\providers\app_providers.dart:24:10 - undefined_function
  error - The function 'GoRoute' isn't defined - lib\core\providers\app_providers.dart:27:7 - undefined_function
  error - The function 'StreamProvider' isn't defined - lib\core\providers\app_providers.dart:36:27 - undefined_function
   info - The imported package 'flutter_riverpod' isn't a dependency of the importing package - lib\core\providers\dependency_injection.dart:1:8 - depend_on_referenced_packages
  error - Target of URI doesn't exist: 'package:flutter_riverpod/flutter_riverpod.dart' - lib\core\providers\dependency_injection.dart:1:8 - uri_does_not_exist
  error - The function 'Provider' isn't defined - lib\core\providers\dependency_injection.dart:16:33 - undefined_function
  error - The function 'Provider' isn't defined - lib\core\providers\dependency_injection.dart:20:31 - undefined_function
  error - The function 'Provider' isn't defined - lib\core\providers\dependency_injection.dart:24:37 - undefined_function
  error - The function 'Provider' isn't defined - lib\core\providers\dependency_injection.dart:28:37 - undefined_function
  error - The function 'Provider' isn't defined - lib\core\providers\dependency_injection.dart:33:39 - undefined_function
  error - The function 'Provider' isn't defined - lib\core\providers\dependency_injection.dart:38:34 - undefined_function
  error - The function 'Provider' isn't defined - lib\core\providers\dependency_injection.dart:42:32 - undefined_function
  error - The function 'Provider' isn't defined - lib\core\providers\dependency_injection.dart:46:34 - undefined_function
   info - The imported package 'flutter_riverpod' isn't a dependency of the importing package - lib\core\router\app_router.dart:2:8 - depend_on_referenced_packages
  error - Target of URI doesn't exist: 'package:flutter_riverpod/flutter_riverpod.dart' - lib\core\router\app_router.dart:2:8 - uri_does_not_exist
   info - The imported package 'go_router' isn't a dependency of the importing package - lib\core\router\app_router.dart:3:8 - depend_on_referenced_packages
  error - Target of URI doesn't exist: 'package:go_router/go_router.dart' - lib\core\router\app_router.dart:3:8 - uri_does_not_exist
  error - The function 'Provider' isn't defined - lib\core\router\app_router.dart:16:24 - undefined_function
  error - The name 'GoRouter' isn't a type, so it can't be used as a type argument - lib\core\router\app_router.dart:16:33 - non_type_as_type_argument
  error - The function 'GoRouter' isn't defined - lib\core\router\app_router.dart:17:10 - undefined_function
  error - The function 'GoRoute' isn't defined - lib\core\router\app_router.dart:20:7 - undefined_function
  error - The function 'GoRoute' isn't defined - lib\core\router\app_router.dart:24:7 - undefined_function
  error - The function 'GoRoute' isn't defined - lib\core\router\app_router.dart:28:7 - undefined_function
  error - The function 'ShellRoute' isn't defined - lib\core\router\app_router.dart:32:7 - undefined_function
  error - The function 'GoRoute' isn't defined - lib\core\router\app_router.dart:35:11 - undefined_function
  error - The function 'GoRoute' isn't defined - lib\core\router\app_router.dart:36:11 - undefined_function
  error - The function 'GoRoute' isn't defined - lib\core\router\app_router.dart:40:15 - undefined_function
  error - The function 'GoRoute' isn't defined - lib\core\router\app_router.dart:47:11 - undefined_function
  error - The function 'GoRoute' isn't defined - lib\core\router\app_router.dart:51:11 - undefined_function
  error - The function 'GoRoute' isn't defined - lib\core\router\app_router.dart:55:11 - undefined_function
  error - The name 'BottomNavBar' isn't a class - lib\core\router\app_router.dart:72:61 - creation_with_non_type
   info - The imported package 'firebase_core' isn't a dependency of the importing package - lib\core\services\firebase_service.dart:1:8 - depend_on_referenced_packages
  error - Target of URI doesn't exist: 'package:firebase_core/firebase_core.dart' - lib\core\services\firebase_service.dart:1:8 - uri_does_not_exist
   info - The imported package 'cloud_firestore' isn't a dependency of the importing package - lib\core\services\firebase_service.dart:2:8 - depend_on_referenced_packages
  error - Target of URI doesn't exist: 'package:cloud_firestore/cloud_firestore.dart' - lib\core\services\firebase_service.dart:2:8 - uri_does_not_exist
   info - The imported package 'firebase_auth' isn't a dependency of the importing package - lib\core\services\firebase_service.dart:3:8 - depend_on_referenced_packages
  error - Target of URI doesn't exist: 'package:firebase_auth/firebase_auth.dart' - lib\core\services\firebase_service.dart:3:8 - uri_does_not_exist
   info - The imported package 'firebase_storage' isn't a dependency of the importing package - lib\core\services\firebase_service.dart:4:8 - depend_on_referenced_packages
  error - Target of URI doesn't exist: 'package:firebase_storage/firebase_storage.dart' - lib\core\services\firebase_service.dart:4:8 - uri_does_not_exist
  error - Undefined class 'FirebaseFirestore' - lib\core\services\firebase_service.dart:11:3 - undefined_class
  error - Undefined class 'FirebaseAuth' - lib\core\services\firebase_service.dart:12:3 - undefined_class
  error - Undefined class 'FirebaseStorage' - lib\core\services\firebase_service.dart:13:3 - undefined_class
  error - Undefined name 'Firebase' - lib\core\services\firebase_service.dart:19:11 - undefined_identifier
  error - Undefined name 'FirebaseFirestore' - lib\core\services\firebase_service.dart:20:18 - undefined_identifier
  error - Undefined name 'FirebaseAuth' - lib\core\services\firebase_service.dart:21:13 - undefined_identifier
  error - Undefined name 'FirebaseStorage' - lib\core\services\firebase_service.dart:22:16 - undefined_identifier
  error - Undefined class 'FirebaseFirestore' - lib\core\services\firebase_service.dart:26:3 - undefined_class
  error - Undefined class 'FirebaseAuth' - lib\core\services\firebase_service.dart:31:3 - undefined_class
  error - Undefined class 'FirebaseStorage' - lib\core\services\firebase_service.dart:36:3 - undefined_class
  error - The name 'DocumentSnapshot' isn't a type, so it can't be used as a type argument - lib\core\services\firebase_service.dart:46:10 - non_type_as_type_argument
  error - The name 'QuerySnapshot' isn't a type, so it can't be used as a type argument - lib\core\services\firebase_service.dart:50:10 - non_type_as_type_argument
  error - The name 'DocumentSnapshot' isn't a type, so it can't be used as a type argument - lib\core\services\firebase_service.dart:54:10 - non_type_as_type_argument
  error - The name 'QuerySnapshot' isn't a type, so it can't be used as a type argument - lib\core\services\firebase_service.dart:58:10 - non_type_as_type_argument
   info - The imported package 'hive_flutter' isn't a dependency of the importing package - lib\core\services\local_storage_service.dart:1:8 - depend_on_referenced_packages
  error - Target of URI doesn't exist: 'package:hive_flutter/hive_flutter.dart' - lib\core\services\local_storage_service.dart:1:8 - uri_does_not_exist
  error - Undefined class 'Box' - lib\core\services\local_storage_service.dart:9:3 - undefined_class
  error - Undefined class 'Box' - lib\core\services\local_storage_service.dart:10:3 - undefined_class
  error - Undefined class 'Box' - lib\core\services\local_storage_service.dart:11:3 - undefined_class
  error - Undefined name 'Hive' - lib\core\services\local_storage_service.dart:18:13 - undefined_identifier
  error - Undefined name 'Hive' - lib\core\services\local_storage_service.dart:20:29 - undefined_identifier
  error - Undefined name 'Hive' - lib\core\services\local_storage_service.dart:21:25 - undefined_identifier
  error - Undefined name 'Hive' - lib\core\services\local_storage_service.dart:22:28 - undefined_identifier
   info - The imported package 'dio' isn't a dependency of the importing package - lib\core\services\openai_service.dart:1:8 - depend_on_referenced_packages
  error - Target of URI doesn't exist: 'package:dio/dio.dart' - lib\core\services\openai_service.dart:1:8 - uri_does_not_exist
  error - Undefined class 'Dio' - lib\core\services\openai_service.dart:10:14 - undefined_class
  error - The method 'Dio' isn't defined for the type 'OpenAIService' - lib\core\services\openai_service.dart:16:12 - undefined_method
  error - The method 'BaseOptions' isn't defined for the type 'OpenAIService' - lib\core\services\openai_service.dart:16:16 - undefined_method
  error - The name 'DioException' isn't a type and can't be used in an on-catch clause - lib\core\services\openai_service.dart:56:10 - non_type_in_catch_clause
  error - Undefined class 'DioException' - lib\core\services\openai_service.dart:85:36 - undefined_class
  error - The argument type 'CardTheme' can't be assigned to the parameter type 'CardThemeData?'.  - lib\core\theme\app_theme.dart:17:18 - argument_type_not_assignable
  error - The argument type 'CardTheme' can't be assigned to the parameter type 'CardThemeData?'.  - lib\core\theme\app_theme.dart:34:18 - argument_type_not_assignable
   info - 'surfaceVariant' is deprecated and shouldn't be used. Use surfaceContainerHighest instead. This feature was deprecated after v3.18.0-0.1.pre - lib\core\theme\app_theme.dart:99:30 - deprecated_member_use
   info - 'withOpacity' is deprecated and shouldn't be used. Use .withValues() to avoid precision loss - lib\core\theme\app_theme.dart:99:45 - deprecated_member_use
   info - 'withOpacity' is deprecated and shouldn't be used. Use .withValues() to avoid precision loss - lib\core\theme\app_theme.dart:106:59 - deprecated_member_use
   info - 'withOpacity' is deprecated and shouldn't be used. Use .withValues() to avoid precision loss - lib\core\theme\app_theme.dart:125:53 - deprecated_member_use
   info - 'withOpacity' is deprecated and shouldn't be used. Use .withValues() to avoid precision loss - lib\core\theme\app_theme.dart:136:50 - deprecated_member_use
   info - 'MaterialStateProperty' is deprecated and shouldn't be used. Use WidgetStateProperty instead. Moved to the Widgets layer to make code available outside of Material. This feature was deprecated after v3.19.0-0.3.pre - lib\core\theme\app_theme.dart:146:23 - deprecated_member_use
   info - 'surfaceVariant' is deprecated and shouldn't be used. Use surfaceContainerHighest instead. This feature was deprecated after v3.18.0-0.1.pre - lib\core\theme\colors.dart:51:5 - deprecated_member_use
   info - 'background' is deprecated and shouldn't be used. Use surface instead. This feature was deprecated after v3.18.0-0.1.pre - lib\core\theme\colors.dart:57:5 - deprecated_member_use
   info - 'onBackground' is deprecated and shouldn't be used. Use onSurface instead. This feature was deprecated after v3.18.0-0.1.pre - lib\core\theme\colors.dart:58:5 - deprecated_member_use
   info - 'surfaceVariant' is deprecated and shouldn't be used. Use surfaceContainerHighest instead. This feature was deprecated after v3.18.0-0.1.pre - lib\core\theme\colors.dart:93:5 - deprecated_member_use
   info - 'background' is deprecated and shouldn't be used. Use surface instead. This feature was deprecated after v3.18.0-0.1.pre - lib\core\theme\colors.dart:99:5 - deprecated_member_use
   info - 'onBackground' is deprecated and shouldn't be used. Use onSurface instead. This feature was deprecated after v3.18.0-0.1.pre - lib\core\theme\colors.dart:100:5 - deprecated_member_use
warning - The value of the local variable 'years' isn't used - lib\core\utils\extensions.dart:30:13 - unused_local_variable
  error - Expected to find ';' - lib\core\utils\extensions.dart:31:44 - expected_token
warning - Dead code - lib\core\utils\extensions.dart:31:49 - dead_code
  error - Expected to find ';' - lib\core\utils\extensions.dart:31:49 - expected_token
  error - Undefined name 's' - lib\core\utils\extensions.dart:31:49 - undefined_identifier
warning - The value of the local variable 'months' isn't used - lib\core\utils\extensions.dart:33:13 - unused_local_variable
  error - Expected to find ';' - lib\core\utils\extensions.dart:34:47 - expected_token
warning - Dead code - lib\core\utils\extensions.dart:34:52 - dead_code
  error - Expected to find ';' - lib\core\utils\extensions.dart:34:52 - expected_token
  error - Undefined name 's' - lib\core\utils\extensions.dart:34:52 - undefined_identifier
  error - Expected to find ';' - lib\core\utils\extensions.dart:36:69 - expected_token
warning - Dead code - lib\core\utils\extensions.dart:36:74 - dead_code
  error - Expected to find ';' - lib\core\utils\extensions.dart:36:74 - expected_token
  error - Undefined name 's' - lib\core\utils\extensions.dart:36:74 - undefined_identifier
  error - Expected to find ';' - lib\core\utils\extensions.dart:38:72 - expected_token
warning - Dead code - lib\core\utils\extensions.dart:38:77 - dead_code
  error - Expected to find ';' - lib\core\utils\extensions.dart:38:77 - expected_token
  error - Undefined name 's' - lib\core\utils\extensions.dart:38:77 - undefined_identifier
  error - Expected to find ';' - lib\core\utils\extensions.dart:40:78 - expected_token
warning - Dead code - lib\core\utils\extensions.dart:40:83 - dead_code
  error - Expected to find ';' - lib\core\utils\extensions.dart:40:83 - expected_token
  error - Undefined name 's' - lib\core\utils\extensions.dart:40:83 - undefined_identifier
warning - The value of the local variable 'months' isn't used - lib\core\utils\extensions.dart:51:11 - unused_local_variable
warning - The value of the local variable 'hours' isn't used - lib\core\utils\extensions.dart:74:13 - unused_local_variable
warning - The value of the local variable 'hours' isn't used - lib\core\utils\extensions.dart:88:13 - unused_local_variable
   info - The imported package 'intl' isn't a dependency of the importing package - lib\core\utils\formatters.dart:1:8 - depend_on_referenced_packages
  error - Target of URI doesn't exist: 'package:intl/intl.dart' - lib\core\utils\formatters.dart:1:8 - uri_does_not_exist
  error - Undefined class 'NumberFormat' - lib\core\utils\formatters.dart:5:16 - undefined_class
  error - Undefined name 'NumberFormat' - lib\core\utils\formatters.dart:5:50 - undefined_identifier
  error - Undefined class 'DateFormat' - lib\core\utils\formatters.dart:35:16 - undefined_class
  error - The method 'DateFormat' isn't defined for the type 'AppFormatters' - lib\core\utils\formatters.dart:35:44 - undefined_method
  error - Undefined class 'DateFormat' - lib\core\utils\formatters.dart:36:16 - undefined_class
  error - The method 'DateFormat' isn't defined for the type 'AppFormatters' - lib\core\utils\formatters.dart:36:44 - undefined_method
  error - Undefined class 'DateFormat' - lib\core\utils\formatters.dart:37:16 - undefined_class
  error - The method 'DateFormat' isn't defined for the type 'AppFormatters' - lib\core\utils\formatters.dart:37:48 - undefined_method
  error - Expected to find ';' - lib\core\utils\formatters.dart:60:14 - expected_token
warning - Dead code - lib\core\utils\formatters.dart:60:30 - dead_code
  error - Expected to find ';' - lib\core\utils\formatters.dart:60:30 - expected_token
  error - Undefined name 'EEEE' - lib\core\utils\formatters.dart:60:30 - undefined_identifier
  error - The expression doesn't evaluate to a function, so it can't be invoked - lib\core\utils\formatters.dart:62:14 - invocation_of_non_function_expression
warning - The value of the local variable 'hours' isn't used - lib\core\utils\formatters.dart:69:13 - unused_local_variable
  error - Expected to find ';' - lib\core\utils\formatters.dart:82:51 - expected_token
warning - Dead code - lib\core\utils\formatters.dart:82:56 - dead_code
  error - Expected to find ';' - lib\core\utils\formatters.dart:82:56 - expected_token
  error - Undefined name 's' - lib\core\utils\formatters.dart:82:56 - undefined_identifier
warning - The value of the local variable 'formattedQuantity' isn't used - lib\core\utils\formatters.dart:115:12 - unused_local_variable
  error - Expected to find ';' - lib\core\utils\formatters.dart:156:48 - expected_token
warning - Dead code - lib\core\utils\formatters.dart:156:53 - dead_code
  error - Expected to find ';' - lib\core\utils\formatters.dart:156:53 - expected_token
  error - Undefined name 's' - lib\core\utils\formatters.dart:156:53 - undefined_identifier
  error - Expected to find ';' - lib\core\utils\formatters.dart:166:44 - expected_token
warning - Dead code - lib\core\utils\formatters.dart:166:49 - dead_code
  error - Expected to find ';' - lib\core\utils\formatters.dart:166:49 - expected_token
  error - Undefined name 's' - lib\core\utils\formatters.dart:166:49 - undefined_identifier
   info - The imported package 'freezed_annotation' isn't a dependency of the importing package - lib\domain\entities\community_recipe.dart:1:8 - depend_on_referenced_packages
  error - Target of URI doesn't exist: 'package:freezed_annotation/freezed_annotation.dart' - lib\domain\entities\community_recipe.dart:1:8 - uri_does_not_exist
  error - Target of URI doesn't exist: 'package:chefmind_ai/domain/entities/community_recipe.freezed.dart' - lib\domain\entities\community_recipe.dart:4:6 - uri_does_not_exist
  error - Target of URI hasn't been generated: 'package:chefmind_ai/domain/entities/community_recipe.g.dart' - lib\domain\entities\community_recipe.dart:5:6 - uri_has_not_been_generated
  error - Undefined name 'freezed' used as an annotation - lib\domain\entities\community_recipe.dart:7:1 - undefined_annotation
  error - Undefined name 'Default' used as an annotation - lib\domain\entities\community_recipe.dart:16:5 - undefined_annotation
  error - Undefined name 'Default' used as an annotation - lib\domain\entities\community_recipe.dart:17:5 - undefined_annotation
  error - Undefined name 'Default' used as an annotation - lib\domain\entities\community_recipe.dart:18:5 - undefined_annotation
  error - Undefined name 'Default' used as an annotation - lib\domain\entities\community_recipe.dart:19:5 - undefined_annotation
  error - Undefined name 'Default' used as an annotation - lib\domain\entities\community_recipe.dart:20:5 - undefined_annotation
  error - Undefined name 'Default' used as an annotation - lib\domain\entities\community_recipe.dart:21:5 - undefined_annotation
  error - Undefined name 'Default' used as an annotation - lib\domain\entities\community_recipe.dart:22:5 - undefined_annotation
  error - The name '_CommunityRecipe' isn't a type and can't be used in a redirected constructor - lib\domain\entities\community_recipe.dart:25:8 - redirect_to_non_class
  error - The method '_$CommunityRecipeFromJson' isn't defined for the type 'CommunityRecipe' - lib\domain\entities\community_recipe.dart:28:7 - undefined_method
  error - Undefined name 'freezed' used as an annotation - lib\domain\entities\community_recipe.dart:31:1 - undefined_annotation
  error - Undefined name 'Default' used as an annotation - lib\domain\entities\community_recipe.dart:40:5 - undefined_annotation
  error - The name '_RecipeComment' isn't a type and can't be used in a redirected constructor - lib\domain\entities\community_recipe.dart:43:8 - redirect_to_non_class
  error - The method '_$RecipeCommentFromJson' isn't defined for the type 'RecipeComment' - lib\domain\entities\community_recipe.dart:46:7 - undefined_method
   info - The imported package 'freezed_annotation' isn't a dependency of the importing package - lib\domain\entities\cooking_session.dart:1:8 - depend_on_referenced_packages
  error - Target of URI doesn't exist: 'package:freezed_annotation/freezed_annotation.dart' - lib\domain\entities\cooking_session.dart:1:8 - uri_does_not_exist
  error - Target of URI doesn't exist: 'package:chefmind_ai/domain/entities/cooking_session.freezed.dart' - lib\domain\entities\cooking_session.dart:3:6 - uri_does_not_exist
  error - Target of URI hasn't been generated: 'package:chefmind_ai/domain/entities/cooking_session.g.dart' - lib\domain\entities\cooking_session.dart:4:6 - uri_has_not_been_generated
  error - Undefined name 'freezed' used as an annotation - lib\domain\entities\cooking_session.dart:6:1 - undefined_annotation
  error - Undefined name 'Default' used as an annotation - lib\domain\entities\cooking_session.dart:15:5 - undefined_annotation
  error - Undefined name 'Default' used as an annotation - lib\domain\entities\cooking_session.dart:16:5 - undefined_annotation
  error - Undefined name 'Default' used as an annotation - lib\domain\entities\cooking_session.dart:17:5 - undefined_annotation
  error - Undefined name 'Default' used as an annotation - lib\domain\entities\cooking_session.dart:21:5 - undefined_annotation
  error - The name '_CookingSession' isn't a type and can't be used in a redirected constructor - lib\domain\entities\cooking_session.dart:24:8 - redirect_to_non_class
  error - The method '_$CookingSessionFromJson' isn't defined for the type 'CookingSession' - lib\domain\entities\cooking_session.dart:27:7 - undefined_method
  error - Undefined name 'freezed' used as an annotation - lib\domain\entities\cooking_session.dart:30:1 - undefined_annotation
  error - Undefined name 'Default' used as an annotation - lib\domain\entities\cooking_session.dart:37:5 - undefined_annotation
  error - The name '_SessionStep' isn't a type and can't be used in a redirected constructor - lib\domain\entities\cooking_session.dart:38:8 - redirect_to_non_class
  error - The method '_$SessionStepFromJson' isn't defined for the type 'SessionStep' - lib\domain\entities\cooking_session.dart:41:7 - undefined_method
  error - Undefined name 'freezed' used as an annotation - lib\domain\entities\cooking_session.dart:44:1 - undefined_annotation
  error - The name '_SessionNote' isn't a type and can't be used in a redirected constructor - lib\domain\entities\cooking_session.dart:51:8 - redirect_to_non_class
  error - The method '_$SessionNoteFromJson' isn't defined for the type 'SessionNote' - lib\domain\entities\cooking_session.dart:54:7 - undefined_method
   info - The imported package 'freezed_annotation' isn't a dependency of the importing package - lib\domain\entities\ingredient.dart:1:8 - depend_on_referenced_packages
  error - Target of URI doesn't exist: 'package:freezed_annotation/freezed_annotation.dart' - lib\domain\entities\ingredient.dart:1:8 - uri_does_not_exist
  error - Target of URI doesn't exist: 'package:chefmind_ai/domain/entities/ingredient.freezed.dart' - lib\domain\entities\ingredient.dart:3:6 - uri_does_not_exist
  error - Target of URI hasn't been generated: 'package:chefmind_ai/domain/entities/ingredient.g.dart' - lib\domain\entities\ingredient.dart:4:6 - uri_has_not_been_generated
  error - Undefined name 'freezed' used as an annotation - lib\domain\entities\ingredient.dart:6:1 - undefined_annotation
  error - Undefined name 'Default' used as an annotation - lib\domain\entities\ingredient.dart:13:5 - undefined_annotation
  error - Undefined name 'Default' used as an annotation - lib\domain\entities\ingredient.dart:14:5 - undefined_annotation
  error - The name '_Ingredient' isn't a type and can't be used in a redirected constructor - lib\domain\entities\ingredient.dart:16:8 - redirect_to_non_class
  error - The method '_$IngredientFromJson' isn't defined for the type 'Ingredient' - lib\domain\entities\ingredient.dart:19:7 - undefined_method
  error - Undefined name 'freezed' used as an annotation - lib\domain\entities\ingredient.dart:22:1 - undefined_annotation
  error - The name '_NutritionInfo' isn't a type and can't be used in a redirected constructor - lib\domain\entities\ingredient.dart:34:8 - redirect_to_non_class
  error - The method '_$NutritionInfoFromJson' isn't defined for the type 'NutritionInfo' - lib\domain\entities\ingredient.dart:37:7 - undefined_method
  error - Undefined name 'freezed' used as an annotation - lib\domain\entities\ingredient.dart:40:1 - undefined_annotation
  error - The name '_CookingStep' isn't a type and can't be used in a redirected constructor - lib\domain\entities\ingredient.dart:49:8 - redirect_to_non_class
  error - The method '_$CookingStepFromJson' isn't defined for the type 'CookingStep' - lib\domain\entities\ingredient.dart:52:7 - undefined_method
   info - The imported package 'freezed_annotation' isn't a dependency of the importing package - lib\domain\entities\meal_plan.dart:1:8 - depend_on_referenced_packages
  error - Target of URI doesn't exist: 'package:freezed_annotation/freezed_annotation.dart' - lib\domain\entities\meal_plan.dart:1:8 - uri_does_not_exist
  error - Target of URI doesn't exist: 'package:chefmind_ai/domain/entities/meal_plan.freezed.dart' - lib\domain\entities\meal_plan.dart:4:6 - uri_does_not_exist
  error - Target of URI hasn't been generated: 'package:chefmind_ai/domain/entities/meal_plan.g.dart' - lib\domain\entities\meal_plan.dart:5:6 - uri_has_not_been_generated
  error - Undefined name 'freezed' used as an annotation - lib\domain\entities\meal_plan.dart:7:1 - undefined_annotation
  error - Undefined class 'ShoppingList' - lib\domain\entities\meal_plan.dart:16:5 - undefined_class
  error - Undefined name 'Default' used as an annotation - lib\domain\entities\meal_plan.dart:19:5 - undefined_annotation
  error - Undefined name 'Default' used as an annotation - lib\domain\entities\meal_plan.dart:20:5 - undefined_annotation
  error - The name '_MealPlan' isn't a type and can't be used in a redirected constructor - lib\domain\entities\meal_plan.dart:23:8 - redirect_to_non_class
  error - The method '_$MealPlanFromJson' isn't defined for the type 'MealPlan' - lib\domain\entities\meal_plan.dart:26:7 - undefined_method
  error - Undefined name 'freezed' used as an annotation - lib\domain\entities\meal_plan.dart:29:1 - undefined_annotation
  error - Undefined name 'Default' used as an annotation - lib\domain\entities\meal_plan.dart:35:5 - undefined_annotation
  error - Undefined name 'Default' used as an annotation - lib\domain\entities\meal_plan.dart:36:5 - undefined_annotation
  error - The name '_DailyMealPlan' isn't a type and can't be used in a redirected constructor - lib\domain\entities\meal_plan.dart:37:8 - redirect_to_non_class
  error - The method '_$DailyMealPlanFromJson' isn't defined for the type 'DailyMealPlan' - lib\domain\entities\meal_plan.dart:40:7 - undefined_method
  error - Undefined name 'freezed' used as an annotation - lib\domain\entities\meal_plan.dart:43:1 - undefined_annotation
  error - Undefined name 'Default' used as an annotation - lib\domain\entities\meal_plan.dart:50:5 - undefined_annotation
  error - The name '_PlannedMeal' isn't a type and can't be used in a redirected constructor - lib\domain\entities\meal_plan.dart:52:8 - redirect_to_non_class
  error - The method '_$PlannedMealFromJson' isn't defined for the type 'PlannedMeal' - lib\domain\entities\meal_plan.dart:55:7 - undefined_method
  error - Undefined name 'freezed' used as an annotation - lib\domain\entities\meal_plan.dart:58:1 - undefined_annotation
  error - The name '_NutritionSummary' isn't a type and can't be used in a redirected constructor - lib\domain\entities\meal_plan.dart:69:8 - redirect_to_non_class
  error - The method '_$NutritionSummaryFromJson' isn't defined for the type 'NutritionSummary' - lib\domain\entities\meal_plan.dart:72:7 - undefined_method
  error - Undefined name 'freezed' used as an annotation - lib\domain\entities\meal_plan.dart:75:1 - undefined_annotation
  error - The name '_PrepSchedule' isn't a type and can't be used in a redirected constructor - lib\domain\entities\meal_plan.dart:81:8 - redirect_to_non_class
  error - The method '_$PrepScheduleFromJson' isn't defined for the type 'PrepSchedule' - lib\domain\entities\meal_plan.dart:84:7 - undefined_method
  error - Undefined name 'freezed' used as an annotation - lib\domain\entities\meal_plan.dart:87:1 - undefined_annotation
  error - Undefined name 'Default' used as an annotation - lib\domain\entities\meal_plan.dart:94:5 - undefined_annotation
  error - The name '_PrepTask' isn't a type and can't be used in a redirected constructor - lib\domain\entities\meal_plan.dart:97:8 - redirect_to_non_class
  error - The method '_$PrepTaskFromJson' isn't defined for the type 'PrepTask' - lib\domain\entities\meal_plan.dart:100:7 - undefined_method
   info - The imported package 'freezed_annotation' isn't a dependency of the importing package - lib\domain\entities\pantry_item.dart:1:8 - depend_on_referenced_packages
  error - Target of URI doesn't exist: 'package:freezed_annotation/freezed_annotation.dart' - lib\domain\entities\pantry_item.dart:1:8 - uri_does_not_exist
  error - Target of URI doesn't exist: 'package:chefmind_ai/domain/entities/pantry_item.freezed.dart' - lib\domain\entities\pantry_item.dart:3:6 - uri_does_not_exist
  error - Target of URI hasn't been generated: 'package:chefmind_ai/domain/entities/pantry_item.g.dart' - lib\domain\entities\pantry_item.dart:4:6 - uri_has_not_been_generated
  error - Undefined name 'freezed' used as an annotation - lib\domain\entities\pantry_item.dart:6:1 - undefined_annotation
  error - Undefined name 'Default' used as an annotation - lib\domain\entities\pantry_item.dart:19:5 - undefined_annotation
  error - Undefined name 'Default' used as an annotation - lib\domain\entities\pantry_item.dart:20:5 - undefined_annotation
  error - The name '_PantryItem' isn't a type and can't be used in a redirected constructor - lib\domain\entities\pantry_item.dart:25:8 - redirect_to_non_class
  error - The method '_$PantryItemFromJson' isn't defined for the type 'PantryItem' - lib\domain\entities\pantry_item.dart:28:7 - undefined_method
  error - Undefined name 'expiryDate' - lib\domain\entities\pantry_item.dart:33:9 - undefined_identifier
  error - Undefined name 'expiryDate' - lib\domain\entities\pantry_item.dart:34:35 - undefined_identifier
  error - Undefined name 'expiryDate' - lib\domain\entities\pantry_item.dart:38:9 - undefined_identifier
  error - Undefined name 'expiryDate' - lib\domain\entities\pantry_item.dart:39:29 - undefined_identifier
  error - Undefined name 'expiryDate' - lib\domain\entities\pantry_item.dart:44:9 - undefined_identifier
  error - Undefined name 'expiryDate' - lib\domain\entities\pantry_item.dart:45:12 - undefined_identifier
   info - The imported package 'freezed_annotation' isn't a dependency of the importing package - lib\domain\entities\recipe.dart:1:8 - depend_on_referenced_packages
  error - Target of URI doesn't exist: 'package:freezed_annotation/freezed_annotation.dart' - lib\domain\entities\recipe.dart:1:8 - uri_does_not_exist
  error - Target of URI doesn't exist: 'package:chefmind_ai/domain/entities/recipe.freezed.dart' - lib\domain\entities\recipe.dart:7:6 - uri_does_not_exist
  error - Target of URI hasn't been generated: 'package:chefmind_ai/domain/entities/recipe.g.dart' - lib\domain\entities\recipe.dart:8:6 - uri_has_not_been_generated
  error - Undefined name 'freezed' used as an annotation - lib\domain\entities\recipe.dart:10:1 - undefined_annotation
  error - Undefined name 'Default' used as an annotation - lib\domain\entities\recipe.dart:24:5 - undefined_annotation
  error - Undefined name 'Default' used as an annotation - lib\domain\entities\recipe.dart:25:5 - undefined_annotation
  error - Undefined name 'Default' used as an annotation - lib\domain\entities\recipe.dart:26:5 - undefined_annotation
  error - Undefined name 'Default' used as an annotation - lib\domain\entities\recipe.dart:36:5 - undefined_annotation
  error - Undefined name 'Default' used as an annotation - lib\domain\entities\recipe.dart:37:5 - undefined_annotation
  error - Undefined name 'Default' used as an annotation - lib\domain\entities\recipe.dart:38:5 - undefined_annotation
  error - The name '_Recipe' isn't a type and can't be used in a redirected constructor - lib\domain\entities\recipe.dart:40:8 - redirect_to_non_class
  error - The method '_$RecipeFromJson' isn't defined for the type 'Recipe' - lib\domain\entities\recipe.dart:42:57 - undefined_method
  error - Undefined name 'prepTime' - lib\domain\entities\recipe.dart:46:29 - undefined_identifier
  error - Undefined name 'cookingTime' - lib\domain\entities\recipe.dart:46:40 - undefined_identifier
  error - Undefined name 'nutrition' - lib\domain\entities\recipe.dart:50:25 - undefined_identifier
  error - Undefined name 'nutrition' - lib\domain\entities\recipe.dart:50:53 - undefined_identifier
  error - Undefined name 'ingredients' - lib\domain\entities\recipe.dart:53:7 - undefined_identifier
  error - Undefined name 'nutrition' - lib\domain\entities\recipe.dart:55:36 - undefined_identifier
  error - Undefined name 'servings' - lib\domain\entities\recipe.dart:55:57 - undefined_identifier
   info - The imported package 'freezed_annotation' isn't a dependency of the importing package - lib\domain\entities\shopping_list.dart:1:8 - depend_on_referenced_packages
  error - Target of URI doesn't exist: 'package:freezed_annotation/freezed_annotation.dart' - lib\domain\entities\shopping_list.dart:1:8 - uri_does_not_exist
  error - Target of URI doesn't exist: 'package:chefmind_ai/domain/entities/shopping_list.freezed.dart' - lib\domain\entities\shopping_list.dart:3:6 - uri_does_not_exist
  error - Target of URI hasn't been generated: 'package:chefmind_ai/domain/entities/shopping_list.g.dart' - lib\domain\entities\shopping_list.dart:4:6 - uri_has_not_been_generated
  error - Undefined name 'freezed' used as an annotation - lib\domain\entities\shopping_list.dart:6:1 - undefined_annotation
  error - Undefined name 'Default' used as an annotation - lib\domain\entities\shopping_list.dart:13:5 - undefined_annotation
  error - Undefined name 'Default' used as an annotation - lib\domain\entities\shopping_list.dart:14:5 - undefined_annotation
  error - Undefined name 'Default' used as an annotation - lib\domain\entities\shopping_list.dart:15:5 - undefined_annotation
  error - The name '_ShoppingList' isn't a type and can't be used in a redirected constructor - lib\domain\entities\shopping_list.dart:20:8 - redirect_to_non_class
  error - The method '_$ShoppingListFromJson' isn't defined for the type 'ShoppingList' - lib\domain\entities\shopping_list.dart:23:7 - undefined_method
  error - Undefined name 'freezed' used as an annotation - lib\domain\entities\shopping_list.dart:26:1 - undefined_annotation
  error - Undefined name 'Default' used as an annotation - lib\domain\entities\shopping_list.dart:34:5 - undefined_annotation
  error - Undefined name 'Default' used as an annotation - lib\domain\entities\shopping_list.dart:35:5 - undefined_annotation
  error - The name '_ShoppingItem' isn't a type and can't be used in a redirected constructor - lib\domain\entities\shopping_list.dart:40:8 - redirect_to_non_class
  error - The method '_$ShoppingItemFromJson' isn't defined for the type 'ShoppingItem' - lib\domain\entities\shopping_list.dart:43:7 - undefined_method
  error - Undefined name 'items' - lib\domain\entities\shopping_list.dart:47:25 - undefined_identifier
  error - Undefined name 'items' - lib\domain\entities\shopping_list.dart:49:29 - undefined_identifier
  error - Undefined name 'items' - lib\domain\entities\shopping_list.dart:56:36 - undefined_identifier
  error - Undefined name 'items' - lib\domain\entities\shopping_list.dart:62:24 - undefined_identifier
   info - The imported package 'freezed_annotation' isn't a dependency of the importing package - lib\domain\entities\user_profile.dart:1:8 - depend_on_referenced_packages
  error - Target of URI doesn't exist: 'package:freezed_annotation/freezed_annotation.dart' - lib\domain\entities\user_profile.dart:1:8 - uri_does_not_exist
  error - Target of URI doesn't exist: 'package:chefmind_ai/domain/entities/user_profile.freezed.dart' - lib\domain\entities\user_profile.dart:5:6 - uri_does_not_exist
  error - Target of URI hasn't been generated: 'package:chefmind_ai/domain/entities/user_profile.g.dart' - lib\domain\entities\user_profile.dart:6:6 - uri_has_not_been_generated
  error - Undefined name 'freezed' used as an annotation - lib\domain\entities\user_profile.dart:8:1 - undefined_annotation
  error - Undefined name 'Default' used as an annotation - lib\domain\entities\user_profile.dart:24:5 - undefined_annotation
  error - Undefined name 'Default' used as an annotation - lib\domain\entities\user_profile.dart:25:5 - undefined_annotation
  error - Undefined name 'Default' used as an annotation - lib\domain\entities\user_profile.dart:28:5 - undefined_annotation
  error - Undefined name 'Default' used as an annotation - lib\domain\entities\user_profile.dart:29:5 - undefined_annotation
  error - The name '_UserProfile' isn't a type and can't be used in a redirected constructor - lib\domain\entities\user_profile.dart:31:8 - redirect_to_non_class
  error - The method '_$UserProfileFromJson' isn't defined for the type 'UserProfile' - lib\domain\entities\user_profile.dart:34:7 - undefined_method
  error - Undefined name 'freezed' used as an annotation - lib\domain\entities\user_profile.dart:37:1 - undefined_annotation
  error - Undefined name 'Default' used as an annotation - lib\domain\entities\user_profile.dart:40:5 - undefined_annotation
  error - Undefined name 'Default' used as an annotation - lib\domain\entities\user_profile.dart:41:5 - undefined_annotation
  error - Undefined name 'Default' used as an annotation - lib\domain\entities\user_profile.dart:42:5 - undefined_annotation
  error - Undefined name 'Default' used as an annotation - lib\domain\entities\user_profile.dart:43:5 - undefined_annotation
  error - Undefined name 'Default' used as an annotation - lib\domain\entities\user_profile.dart:44:5 - undefined_annotation
  error - Undefined name 'Default' used as an annotation - lib\domain\entities\user_profile.dart:45:5 - undefined_annotation
  error - Undefined name 'Default' used as an annotation - lib\domain\entities\user_profile.dart:47:5 - undefined_annotation
  error - The name '_CookingPreferences' isn't a type and can't be used in a redirected constructor - lib\domain\entities\user_profile.dart:48:8 - redirect_to_non_class
  error - The method '_$CookingPreferencesFromJson' isn't defined for the type 'CookingPreferences' - lib\domain\entities\user_profile.dart:51:7 - undefined_method
  error - Undefined name 'freezed' used as an annotation - lib\domain\entities\user_profile.dart:54:1 - undefined_annotation
  error - Undefined name 'Default' used as an annotation - lib\domain\entities\user_profile.dart:63:5 - undefined_annotation
  error - Undefined name 'Default' used as an annotation - lib\domain\entities\user_profile.dart:64:5 - undefined_annotation
  error - Undefined name 'Default' used as an annotation - lib\domain\entities\user_profile.dart:65:5 - undefined_annotation
  error - The name '_NutritionalGoals' isn't a type and can't be used in a redirected constructor - lib\domain\entities\user_profile.dart:66:8 - redirect_to_non_class
  error - The method '_$NutritionalGoalsFromJson' isn't defined for the type 'NutritionalGoals' - lib\domain\entities\user_profile.dart:69:7 - undefined_method
   info - The constant name 'middle_eastern' isn't a lowerCamelCase identifier - lib\domain\enums\cuisine_type.dart:11:3 - constant_identifier_names
   info - The imported package 'freezed_annotation' isn't a dependency of the importing package - lib\infrastructure\models\meal_plan_model.dart:1:8 - depend_on_referenced_packages
  error - Target of URI doesn't exist: 'package:freezed_annotation/freezed_annotation.dart' - lib\infrastructure\models\meal_plan_model.dart:1:8 - uri_does_not_exist
  error - Target of URI doesn't exist: 'package:chefmind_ai/infrastructure/models/meal_plan_model.freezed.dart' - lib\infrastructure\models\meal_plan_model.dart:4:6 - uri_does_not_exist
  error - Target of URI hasn't been generated: 'package:chefmind_ai/infrastructure/models/meal_plan_model.g.dart' - lib\infrastructure\models\meal_plan_model.dart:5:6 - uri_has_not_been_generated
  error - Undefined name 'freezed' used as an annotation - lib\infrastructure\models\meal_plan_model.dart:7:1 - undefined_annotation
  error - A class declaration must have a body, even if it is empty - lib\infrastructure\models\meal_plan_model.dart:8:26 - expected_body
  error - Classes can only mix in mixins and classes - lib\infrastructure\models\meal_plan_model.dart:8:26 - mixin_of_non_class
  error - Expected a method, getter, setter or operator declaration - lib\infrastructure\models\meal_plan_model.dart:8:27 - expected_executable
  error - Functions must have an explicit list of parameters - lib\infrastructure\models\meal_plan_model.dart:8:28 - missing_function_parameters
   info - An uninitialized variable should have an explicit type annotation - lib\infrastructure\models\meal_plan_model.dart:9:9 - prefer_typing_uninitialized_variables
  error - Expected to find ';' - lib\infrastructure\models\meal_plan_model.dart:9:9 - expected_token
  error - The constant 'factory' must be initialized - lib\infrastructure\models\meal_plan_model.dart:9:9 - const_not_initialized
  error - Object patterns can only use named fields - lib\infrastructure\models\meal_plan_model.dart:9:31 - positional_field_in_object_pattern
  error - Key expressions in map patterns must be constants - lib\infrastructure\models\meal_plan_model.dart:10:5 - non_constant_map_pattern_key
  error - Undefined name 'required' - lib\infrastructure\models\meal_plan_model.dart:10:5 - undefined_identifier
  error - Expected to find ':' - lib\infrastructure\models\meal_plan_model.dart:10:14 - expected_token
warning - The value of the local variable 'id' isn't used - lib\infrastructure\models\meal_plan_model.dart:10:21 - unused_local_variable
  error - Variable 'id' can't be declared in a pattern assignment - lib\infrastructure\models\meal_plan_model.dart:10:21 - pattern_assignment_declares_variable
  error - Key expressions in map patterns must be constants - lib\infrastructure\models\meal_plan_model.dart:11:5 - non_constant_map_pattern_key
  error - Undefined name 'required' - lib\infrastructure\models\meal_plan_model.dart:11:5 - undefined_identifier
  error - Expected to find ':' - lib\infrastructure\models\meal_plan_model.dart:11:14 - expected_token
warning - The value of the local variable 'userId' isn't used - lib\infrastructure\models\meal_plan_model.dart:11:21 - unused_local_variable
  error - Variable 'userId' can't be declared in a pattern assignment - lib\infrastructure\models\meal_plan_model.dart:11:21 - pattern_assignment_declares_variable
  error - Key expressions in map patterns must be constants - lib\infrastructure\models\meal_plan_model.dart:12:5 - non_constant_map_pattern_key
  error - Undefined name 'required' - lib\infrastructure\models\meal_plan_model.dart:12:5 - undefined_identifier
  error - Expected to find ':' - lib\infrastructure\models\meal_plan_model.dart:12:14 - expected_token
warning - The value of the local variable 'name' isn't used - lib\infrastructure\models\meal_plan_model.dart:12:21 - unused_local_variable
  error - Variable 'name' can't be declared in a pattern assignment - lib\infrastructure\models\meal_plan_model.dart:12:21 - pattern_assignment_declares_variable
  error - Key expressions in map patterns must be constants - lib\infrastructure\models\meal_plan_model.dart:13:5 - non_constant_map_pattern_key
  error - Undefined name 'required' - lib\infrastructure\models\meal_plan_model.dart:13:5 - undefined_identifier
  error - Expected to find ':' - lib\infrastructure\models\meal_plan_model.dart:13:14 - expected_token
warning - The value of the local variable 'startDate' isn't used - lib\infrastructure\models\meal_plan_model.dart:13:23 - unused_local_variable
  error - Variable 'startDate' can't be declared in a pattern assignment - lib\infrastructure\models\meal_plan_model.dart:13:23 - pattern_assignment_declares_variable
  error - Key expressions in map patterns must be constants - lib\infrastructure\models\meal_plan_model.dart:14:5 - non_constant_map_pattern_key
  error - Undefined name 'required' - lib\infrastructure\models\meal_plan_model.dart:14:5 - undefined_identifier
  error - Expected to find ':' - lib\infrastructure\models\meal_plan_model.dart:14:14 - expected_token
warning - The value of the local variable 'endDate' isn't used - lib\infrastructure\models\meal_plan_model.dart:14:23 - unused_local_variable
  error - Variable 'endDate' can't be declared in a pattern assignment - lib\infrastructure\models\meal_plan_model.dart:14:23 - pattern_assignment_declares_variable
  error - Key expressions in map patterns must be constants - lib\infrastructure\models\meal_plan_model.dart:15:5 - non_constant_map_pattern_key
  error - Undefined name 'required' - lib\infrastructure\models\meal_plan_model.dart:15:5 - undefined_identifier
  error - Expected to find ':' - lib\infrastructure\models\meal_plan_model.dart:15:14 - expected_token
warning - The value of the local variable 'dailyPlans' isn't used - lib\infrastructure\models\meal_plan_model.dart:15:41 - unused_local_variable
  error - Variable 'dailyPlans' can't be declared in a pattern assignment - lib\infrastructure\models\meal_plan_model.dart:15:41 - pattern_assignment_declares_variable
  error - In constant expressions, operands of this operator must be of type 'num' - lib\infrastructure\models\meal_plan_model.dart:16:5 - const_eval_type_num
  error - The operator '<' isn't defined for the type 'Type' - lib\infrastructure\models\meal_plan_model.dart:16:8 - undefined_operator
  error - Expected an identifier - lib\infrastructure\models\meal_plan_model.dart:16:15 - missing_identifier
  error - Expected to find ':' - lib\infrastructure\models\meal_plan_model.dart:16:15 - expected_token
  error - Refutable patterns can't be used in an irrefutable context - lib\infrastructure\models\meal_plan_model.dart:16:15 - refutable_pattern_in_irrefutable_context
  error - The operator '>' isn't defined for the type 'Type' - lib\infrastructure\models\meal_plan_model.dart:16:24 - undefined_operator
  error - Expected an identifier - lib\infrastructure\models\meal_plan_model.dart:16:25 - missing_identifier
  error - Key expressions in map patterns must be constants - lib\infrastructure\models\meal_plan_model.dart:16:25 - non_constant_map_pattern_key
  error - Undefined name 'shoppingList' - lib\infrastructure\models\meal_plan_model.dart:16:27 - undefined_identifier
  error - Expected an identifier - lib\infrastructure\models\meal_plan_model.dart:16:39 - missing_identifier
  error - Expected to find ':' - lib\infrastructure\models\meal_plan_model.dart:16:39 - expected_token
  error - Refutable patterns can't be used in an irrefutable context - lib\infrastructure\models\meal_plan_model.dart:16:39 - refutable_pattern_in_irrefutable_context
  error - In constant expressions, operands of this operator must be of type 'num' - lib\infrastructure\models\meal_plan_model.dart:17:5 - const_eval_type_num
  error - The operator '<' isn't defined for the type 'Type' - lib\infrastructure\models\meal_plan_model.dart:17:8 - undefined_operator
  error - Expected an identifier - lib\infrastructure\models\meal_plan_model.dart:17:15 - missing_identifier
  error - Expected to find ':' - lib\infrastructure\models\meal_plan_model.dart:17:15 - expected_token
  error - Refutable patterns can't be used in an irrefutable context - lib\infrastructure\models\meal_plan_model.dart:17:15 - refutable_pattern_in_irrefutable_context
  error - The operator '>' isn't defined for the type 'Type' - lib\infrastructure\models\meal_plan_model.dart:17:24 - undefined_operator
  error - Expected an identifier - lib\infrastructure\models\meal_plan_model.dart:17:25 - missing_identifier
  error - Key expressions in map patterns must be constants - lib\infrastructure\models\meal_plan_model.dart:17:25 - non_constant_map_pattern_key
  error - Undefined name 'nutritionSummary' - lib\infrastructure\models\meal_plan_model.dart:17:27 - undefined_identifier
  error - Expected an identifier - lib\infrastructure\models\meal_plan_model.dart:17:43 - missing_identifier
  error - Expected to find ':' - lib\infrastructure\models\meal_plan_model.dart:17:43 - expected_token
  error - Refutable patterns can't be used in an irrefutable context - lib\infrastructure\models\meal_plan_model.dart:17:43 - refutable_pattern_in_irrefutable_context
  error - In constant expressions, operands of this operator must be of type 'num' - lib\infrastructure\models\meal_plan_model.dart:18:5 - const_eval_type_num
  error - The operator '<' isn't defined for the type 'Type' - lib\infrastructure\models\meal_plan_model.dart:18:8 - undefined_operator
  error - Expected an identifier - lib\infrastructure\models\meal_plan_model.dart:18:15 - missing_identifier
  error - Expected to find ':' - lib\infrastructure\models\meal_plan_model.dart:18:15 - expected_token
  error - Refutable patterns can't be used in an irrefutable context - lib\infrastructure\models\meal_plan_model.dart:18:15 - refutable_pattern_in_irrefutable_context
  error - The operator '>' isn't defined for the type 'Type' - lib\infrastructure\models\meal_plan_model.dart:18:24 - undefined_operator
  error - Expected an identifier - lib\infrastructure\models\meal_plan_model.dart:18:25 - missing_identifier
  error - Key expressions in map patterns must be constants - lib\infrastructure\models\meal_plan_model.dart:18:25 - non_constant_map_pattern_key
  error - Undefined name 'prepSchedule' - lib\infrastructure\models\meal_plan_model.dart:18:27 - undefined_identifier
  error - Expected an identifier - lib\infrastructure\models\meal_plan_model.dart:18:39 - missing_identifier
  error - Expected to find ':' - lib\infrastructure\models\meal_plan_model.dart:18:39 - expected_token
  error - Refutable patterns can't be used in an irrefutable context - lib\infrastructure\models\meal_plan_model.dart:18:39 - refutable_pattern_in_irrefutable_context
  error - Expected an identifier - lib\infrastructure\models\meal_plan_model.dart:19:5 - missing_identifier
  error - Expected to find ':' - lib\infrastructure\models\meal_plan_model.dart:19:5 - expected_token
  error - Key expressions in map patterns must be constants - lib\infrastructure\models\meal_plan_model.dart:19:5 - non_constant_map_pattern_key
  error - Refutable patterns can't be used in an irrefutable context - lib\infrastructure\models\meal_plan_model.dart:19:5 - refutable_pattern_in_irrefutable_context
  error - Expected to find ',' - lib\infrastructure\models\meal_plan_model.dart:19:6 - expected_token
  error - Key expressions in map patterns must be constants - lib\infrastructure\models\meal_plan_model.dart:19:6 - non_constant_map_pattern_key
  error - The function 'Default' isn't defined - lib\infrastructure\models\meal_plan_model.dart:19:6 - undefined_function
  error - Expected to find ':' - lib\infrastructure\models\meal_plan_model.dart:19:18 - expected_token
warning - The value of the local variable 'notes' isn't used - lib\infrastructure\models\meal_plan_model.dart:19:31 - unused_local_variable
  error - Variable 'notes' can't be declared in a pattern assignment - lib\infrastructure\models\meal_plan_model.dart:19:31 - pattern_assignment_declares_variable
  error - Expected an identifier - lib\infrastructure\models\meal_plan_model.dart:20:5 - missing_identifier
  error - Expected to find ':' - lib\infrastructure\models\meal_plan_model.dart:20:5 - expected_token
  error - Key expressions in map patterns must be constants - lib\infrastructure\models\meal_plan_model.dart:20:5 - non_constant_map_pattern_key
  error - Refutable patterns can't be used in an irrefutable context - lib\infrastructure\models\meal_plan_model.dart:20:5 - refutable_pattern_in_irrefutable_context
  error - Expected to find ',' - lib\infrastructure\models\meal_plan_model.dart:20:6 - expected_token
  error - Key expressions in map patterns must be constants - lib\infrastructure\models\meal_plan_model.dart:20:6 - non_constant_map_pattern_key
  error - The function 'Default' isn't defined - lib\infrastructure\models\meal_plan_model.dart:20:6 - undefined_function
  error - Expected to find ':' - lib\infrastructure\models\meal_plan_model.dart:20:21 - expected_token
warning - The value of the local variable 'isActive' isn't used - lib\infrastructure\models\meal_plan_model.dart:20:26 - unused_local_variable
  error - Variable 'isActive' can't be declared in a pattern assignment - lib\infrastructure\models\meal_plan_model.dart:20:26 - pattern_assignment_declares_variable
  error - Key expressions in map patterns must be constants - lib\infrastructure\models\meal_plan_model.dart:21:5 - non_constant_map_pattern_key
  error - Undefined name 'required' - lib\infrastructure\models\meal_plan_model.dart:21:5 - undefined_identifier
  error - Expected to find ':' - lib\infrastructure\models\meal_plan_model.dart:21:14 - expected_token
warning - The value of the local variable 'createdAt' isn't used - lib\infrastructure\models\meal_plan_model.dart:21:23 - unused_local_variable
  error - Variable 'createdAt' can't be declared in a pattern assignment - lib\infrastructure\models\meal_plan_model.dart:21:23 - pattern_assignment_declares_variable
  error - Conditions must have a static type of 'bool' - lib\infrastructure\models\meal_plan_model.dart:22:5 - non_bool_condition
  error - In constant expressions, operands of this operator must be of type 'bool' - lib\infrastructure\models\meal_plan_model.dart:22:5 - const_eval_type_bool
  error - Undefined name 'updatedAt' - lib\infrastructure\models\meal_plan_model.dart:22:15 - undefined_identifier
  error - Expected an identifier - lib\infrastructure\models\meal_plan_model.dart:22:24 - missing_identifier
  error - Expected to find ':' - lib\infrastructure\models\meal_plan_model.dart:22:24 - expected_token
  error - Refutable patterns can't be used in an irrefutable context - lib\infrastructure\models\meal_plan_model.dart:22:24 - refutable_pattern_in_irrefutable_context
  error - Undefined name '_MealPlanModel' - lib\infrastructure\models\meal_plan_model.dart:23:8 - undefined_identifier
  error - Expected to find ';' - lib\infrastructure\models\meal_plan_model.dart:25:3 - expected_token
  error - The method 'fromJson' isn't defined for the type 'MealPlanModel' - lib\infrastructure\models\meal_plan_model.dart:25:25 - undefined_method
  error - The operator '<' isn't defined for the type 'Type' - lib\infrastructure\models\meal_plan_model.dart:25:37 - undefined_operator
  error - The operator '>' isn't defined for the type 'Type' - lib\infrastructure\models\meal_plan_model.dart:25:53 - undefined_operator
  error - Undefined name 'json' - lib\infrastructure\models\meal_plan_model.dart:25:55 - undefined_identifier
  error - Expected to find ';' - lib\infrastructure\models\meal_plan_model.dart:25:59 - expected_token
  error - Expected an identifier - lib\infrastructure\models\meal_plan_model.dart:25:61 - missing_identifier
  error - Expected to find ';' - lib\infrastructure\models\meal_plan_model.dart:25:61 - expected_token
  error - Expected to find ';' - lib\infrastructure\models\meal_plan_model.dart:26:7 - expected_token
  error - Undefined name '_' - lib\infrastructure\models\meal_plan_model.dart:26:7 - undefined_identifier
  error - Expected an identifier - lib\infrastructure\models\meal_plan_model.dart:26:8 - missing_identifier
  error - Expected to find ';' - lib\infrastructure\models\meal_plan_model.dart:26:8 - expected_token
  error - The function '$MealPlanModelFromJson' isn't defined - lib\infrastructure\models\meal_plan_model.dart:26:9 - undefined_function
  error - Undefined name 'json' - lib\infrastructure\models\meal_plan_model.dart:26:32 - undefined_identifier
  error - Expected to find ';' - lib\infrastructure\models\meal_plan_model.dart:28:3 - expected_token
  error - The method 'fromDomain' isn't defined for the type 'MealPlanModel' - lib\infrastructure\models\meal_plan_model.dart:28:25 - undefined_method
  error - Expected to find ',' - lib\infrastructure\models\meal_plan_model.dart:28:45 - expected_token
  error - Undefined name 'mealPlan' - lib\infrastructure\models\meal_plan_model.dart:28:45 - undefined_identifier
  error - Expected to find ';' - lib\infrastructure\models\meal_plan_model.dart:28:53 - expected_token
  error - The named parameter 'id' isn't defined - lib\infrastructure\models\meal_plan_model.dart:30:7 - undefined_named_parameter
  error - Undefined name 'mealPlan' - lib\infrastructure\models\meal_plan_model.dart:30:11 - undefined_identifier
  error - The named parameter 'userId' isn't defined - lib\infrastructure\models\meal_plan_model.dart:31:7 - undefined_named_parameter
  error - Undefined name 'mealPlan' - lib\infrastructure\models\meal_plan_model.dart:31:15 - undefined_identifier
  error - The named parameter 'name' isn't defined - lib\infrastructure\models\meal_plan_model.dart:32:7 - undefined_named_parameter
  error - Undefined name 'mealPlan' - lib\infrastructure\models\meal_plan_model.dart:32:13 - undefined_identifier
  error - The named parameter 'startDate' isn't defined - lib\infrastructure\models\meal_plan_model.dart:33:7 - undefined_named_parameter
  error - Undefined name 'mealPlan' - lib\infrastructure\models\meal_plan_model.dart:33:18 - undefined_identifier
  error - The named parameter 'endDate' isn't defined - lib\infrastructure\models\meal_plan_model.dart:34:7 - undefined_named_parameter
  error - Undefined name 'mealPlan' - lib\infrastructure\models\meal_plan_model.dart:34:16 - undefined_identifier
  error - The named parameter 'dailyPlans' isn't defined - lib\infrastructure\models\meal_plan_model.dart:35:7 - undefined_named_parameter
  error - Undefined name 'mealPlan' - lib\infrastructure\models\meal_plan_model.dart:35:19 - undefined_identifier
  error - The named parameter 'notes' isn't defined - lib\infrastructure\models\meal_plan_model.dart:52:7 - undefined_named_parameter
  error - Undefined name 'mealPlan' - lib\infrastructure\models\meal_plan_model.dart:52:14 - undefined_identifier
  error - The named parameter 'isActive' isn't defined - lib\infrastructure\models\meal_plan_model.dart:53:7 - undefined_named_parameter
  error - Undefined name 'mealPlan' - lib\infrastructure\models\meal_plan_model.dart:53:17 - undefined_identifier
  error - The named parameter 'createdAt' isn't defined - lib\infrastructure\models\meal_plan_model.dart:54:7 - undefined_named_parameter
  error - Undefined name 'mealPlan' - lib\infrastructure\models\meal_plan_model.dart:54:18 - undefined_identifier
  error - The named parameter 'updatedAt' isn't defined - lib\infrastructure\models\meal_plan_model.dart:55:7 - undefined_named_parameter
  error - Undefined name 'mealPlan' - lib\infrastructure\models\meal_plan_model.dart:55:18 - undefined_identifier
   info - The imported package 'freezed_annotation' isn't a dependency of the importing package - lib\infrastructure\models\pantry_model.dart:1:8 - depend_on_referenced_packages
  error - Target of URI doesn't exist: 'package:freezed_annotation/freezed_annotation.dart' - lib\infrastructure\models\pantry_model.dart:1:8 - uri_does_not_exist
  error - Target of URI doesn't exist: 'package:chefmind_ai/infrastructure/models/pantry_model.freezed.dart' - lib\infrastructure\models\pantry_model.dart:4:6 - uri_does_not_exist
  error - Target of URI hasn't been generated: 'package:chefmind_ai/infrastructure/models/pantry_model.g.dart' - lib\infrastructure\models\pantry_model.dart:5:6 - uri_has_not_been_generated
  error - Undefined name 'freezed' used as an annotation - lib\infrastructure\models\pantry_model.dart:7:1 - undefined_annotation
  error - A class declaration must have a body, even if it is empty - lib\infrastructure\models\pantry_model.dart:8:24 - expected_body
  error - Classes can only mix in mixins and classes - lib\infrastructure\models\pantry_model.dart:8:24 - mixin_of_non_class
  error - Expected a method, getter, setter or operator declaration - lib\infrastructure\models\pantry_model.dart:8:25 - expected_executable
  error - Functions must have an explicit list of parameters - lib\infrastructure\models\pantry_model.dart:8:26 - missing_function_parameters
   info - An uninitialized variable should have an explicit type annotation - lib\infrastructure\models\pantry_model.dart:9:9 - prefer_typing_uninitialized_variables
  error - Expected to find ';' - lib\infrastructure\models\pantry_model.dart:9:9 - expected_token
  error - The constant 'factory' must be initialized - lib\infrastructure\models\pantry_model.dart:9:9 - const_not_initialized
  error - Object patterns can only use named fields - lib\infrastructure\models\pantry_model.dart:9:29 - positional_field_in_object_pattern
  error - Key expressions in map patterns must be constants - lib\infrastructure\models\pantry_model.dart:10:5 - non_constant_map_pattern_key
  error - Undefined name 'required' - lib\infrastructure\models\pantry_model.dart:10:5 - undefined_identifier
  error - Expected to find ':' - lib\infrastructure\models\pantry_model.dart:10:14 - expected_token
warning - The value of the local variable 'id' isn't used - lib\infrastructure\models\pantry_model.dart:10:21 - unused_local_variable
  error - Variable 'id' can't be declared in a pattern assignment - lib\infrastructure\models\pantry_model.dart:10:21 - pattern_assignment_declares_variable
  error - Key expressions in map patterns must be constants - lib\infrastructure\models\pantry_model.dart:11:5 - non_constant_map_pattern_key
  error - Undefined name 'required' - lib\infrastructure\models\pantry_model.dart:11:5 - undefined_identifier
  error - Expected to find ':' - lib\infrastructure\models\pantry_model.dart:11:14 - expected_token
warning - The value of the local variable 'name' isn't used - lib\infrastructure\models\pantry_model.dart:11:21 - unused_local_variable
  error - Variable 'name' can't be declared in a pattern assignment - lib\infrastructure\models\pantry_model.dart:11:21 - pattern_assignment_declares_variable
  error - Key expressions in map patterns must be constants - lib\infrastructure\models\pantry_model.dart:12:5 - non_constant_map_pattern_key
  error - Undefined name 'required' - lib\infrastructure\models\pantry_model.dart:12:5 - undefined_identifier
  error - Expected to find ':' - lib\infrastructure\models\pantry_model.dart:12:14 - expected_token
warning - The value of the local variable 'category' isn't used - lib\infrastructure\models\pantry_model.dart:12:21 - unused_local_variable
  error - Variable 'category' can't be declared in a pattern assignment - lib\infrastructure\models\pantry_model.dart:12:21 - pattern_assignment_declares_variable
  error - Key expressions in map patterns must be constants - lib\infrastructure\models\pantry_model.dart:13:5 - non_constant_map_pattern_key
  error - Undefined name 'required' - lib\infrastructure\models\pantry_model.dart:13:5 - undefined_identifier
  error - Expected to find ':' - lib\infrastructure\models\pantry_model.dart:13:14 - expected_token
warning - The value of the local variable 'quantity' isn't used - lib\infrastructure\models\pantry_model.dart:13:21 - unused_local_variable
  error - Variable 'quantity' can't be declared in a pattern assignment - lib\infrastructure\models\pantry_model.dart:13:21 - pattern_assignment_declares_variable
  error - Key expressions in map patterns must be constants - lib\infrastructure\models\pantry_model.dart:14:5 - non_constant_map_pattern_key
  error - Undefined name 'required' - lib\infrastructure\models\pantry_model.dart:14:5 - undefined_identifier
  error - Expected to find ':' - lib\infrastructure\models\pantry_model.dart:14:14 - expected_token
warning - The value of the local variable 'unit' isn't used - lib\infrastructure\models\pantry_model.dart:14:21 - unused_local_variable
  error - Variable 'unit' can't be declared in a pattern assignment - lib\infrastructure\models\pantry_model.dart:14:21 - pattern_assignment_declares_variable
  error - Conditions must have a static type of 'bool' - lib\infrastructure\models\pantry_model.dart:15:5 - non_bool_condition
  error - In constant expressions, operands of this operator must be of type 'bool' - lib\infrastructure\models\pantry_model.dart:15:5 - const_eval_type_bool
  error - Undefined name 'expiryDate' - lib\infrastructure\models\pantry_model.dart:15:15 - undefined_identifier
  error - Expected an identifier - lib\infrastructure\models\pantry_model.dart:15:25 - missing_identifier
  error - Expected to find ':' - lib\infrastructure\models\pantry_model.dart:15:25 - expected_token
  error - Refutable patterns can't be used in an irrefutable context - lib\infrastructure\models\pantry_model.dart:15:25 - refutable_pattern_in_irrefutable_context
  error - Conditions must have a static type of 'bool' - lib\infrastructure\models\pantry_model.dart:16:5 - non_bool_condition
  error - In constant expressions, operands of this operator must be of type 'bool' - lib\infrastructure\models\pantry_model.dart:16:5 - const_eval_type_bool
  error - Undefined name 'purchaseDate' - lib\infrastructure\models\pantry_model.dart:16:15 - undefined_identifier
  error - Expected an identifier - lib\infrastructure\models\pantry_model.dart:16:27 - missing_identifier
  error - Expected to find ':' - lib\infrastructure\models\pantry_model.dart:16:27 - expected_token
  error - Refutable patterns can't be used in an irrefutable context - lib\infrastructure\models\pantry_model.dart:16:27 - refutable_pattern_in_irrefutable_context
  error - Conditions must have a static type of 'bool' - lib\infrastructure\models\pantry_model.dart:17:5 - non_bool_condition
  error - In constant expressions, operands of this operator must be of type 'bool' - lib\infrastructure\models\pantry_model.dart:17:5 - const_eval_type_bool
  error - Undefined name 'brand' - lib\infrastructure\models\pantry_model.dart:17:13 - undefined_identifier
  error - Expected an identifier - lib\infrastructure\models\pantry_model.dart:17:18 - missing_identifier
  error - Expected to find ':' - lib\infrastructure\models\pantry_model.dart:17:18 - expected_token
  error - Refutable patterns can't be used in an irrefutable context - lib\infrastructure\models\pantry_model.dart:17:18 - refutable_pattern_in_irrefutable_context
  error - Conditions must have a static type of 'bool' - lib\infrastructure\models\pantry_model.dart:18:5 - non_bool_condition
  error - In constant expressions, operands of this operator must be of type 'bool' - lib\infrastructure\models\pantry_model.dart:18:5 - const_eval_type_bool
  error - Undefined name 'location' - lib\infrastructure\models\pantry_model.dart:18:13 - undefined_identifier
  error - Expected an identifier - lib\infrastructure\models\pantry_model.dart:18:21 - missing_identifier
  error - Expected to find ':' - lib\infrastructure\models\pantry_model.dart:18:21 - expected_token
  error - Refutable patterns can't be used in an irrefutable context - lib\infrastructure\models\pantry_model.dart:18:21 - refutable_pattern_in_irrefutable_context
  error - Conditions must have a static type of 'bool' - lib\infrastructure\models\pantry_model.dart:19:5 - non_bool_condition
  error - In constant expressions, operands of this operator must be of type 'bool' - lib\infrastructure\models\pantry_model.dart:19:5 - const_eval_type_bool
  error - Undefined name 'notes' - lib\infrastructure\models\pantry_model.dart:19:13 - undefined_identifier
  error - Expected an identifier - lib\infrastructure\models\pantry_model.dart:19:18 - missing_identifier
  error - Expected to find ':' - lib\infrastructure\models\pantry_model.dart:19:18 - expected_token
  error - Refutable patterns can't be used in an irrefutable context - lib\infrastructure\models\pantry_model.dart:19:18 - refutable_pattern_in_irrefutable_context
  error - Expected an identifier - lib\infrastructure\models\pantry_model.dart:20:5 - missing_identifier
  error - Expected to find ':' - lib\infrastructure\models\pantry_model.dart:20:5 - expected_token
  error - Key expressions in map patterns must be constants - lib\infrastructure\models\pantry_model.dart:20:5 - non_constant_map_pattern_key
  error - Refutable patterns can't be used in an irrefutable context - lib\infrastructure\models\pantry_model.dart:20:5 - refutable_pattern_in_irrefutable_context
  error - Expected to find ',' - lib\infrastructure\models\pantry_model.dart:20:6 - expected_token
  error - Key expressions in map patterns must be constants - lib\infrastructure\models\pantry_model.dart:20:6 - non_constant_map_pattern_key
  error - The function 'Default' isn't defined - lib\infrastructure\models\pantry_model.dart:20:6 - undefined_function
  error - Expected to find ':' - lib\infrastructure\models\pantry_model.dart:20:21 - expected_token
warning - The value of the local variable 'isRunningLow' isn't used - lib\infrastructure\models\pantry_model.dart:20:26 - unused_local_variable
  error - Variable 'isRunningLow' can't be declared in a pattern assignment - lib\infrastructure\models\pantry_model.dart:20:26 - pattern_assignment_declares_variable
  error - Expected an identifier - lib\infrastructure\models\pantry_model.dart:21:5 - missing_identifier
  error - Expected to find ':' - lib\infrastructure\models\pantry_model.dart:21:5 - expected_token
  error - Key expressions in map patterns must be constants - lib\infrastructure\models\pantry_model.dart:21:5 - non_constant_map_pattern_key
  error - Refutable patterns can't be used in an irrefutable context - lib\infrastructure\models\pantry_model.dart:21:5 - refutable_pattern_in_irrefutable_context
  error - Expected to find ',' - lib\infrastructure\models\pantry_model.dart:21:6 - expected_token
  error - Key expressions in map patterns must be constants - lib\infrastructure\models\pantry_model.dart:21:6 - non_constant_map_pattern_key
  error - The function 'Default' isn't defined - lib\infrastructure\models\pantry_model.dart:21:6 - undefined_function
  error - Expected to find ':' - lib\infrastructure\models\pantry_model.dart:21:19 - expected_token
warning - The value of the local variable 'cost' isn't used - lib\infrastructure\models\pantry_model.dart:21:26 - unused_local_variable
  error - Variable 'cost' can't be declared in a pattern assignment - lib\infrastructure\models\pantry_model.dart:21:26 - pattern_assignment_declares_variable
  error - Conditions must have a static type of 'bool' - lib\infrastructure\models\pantry_model.dart:22:5 - non_bool_condition
  error - In constant expressions, operands of this operator must be of type 'bool' - lib\infrastructure\models\pantry_model.dart:22:5 - const_eval_type_bool
  error - Undefined name 'barcode' - lib\infrastructure\models\pantry_model.dart:22:13 - undefined_identifier
  error - Expected an identifier - lib\infrastructure\models\pantry_model.dart:22:20 - missing_identifier
  error - Expected to find ':' - lib\infrastructure\models\pantry_model.dart:22:20 - expected_token
  error - Refutable patterns can't be used in an irrefutable context - lib\infrastructure\models\pantry_model.dart:22:20 - refutable_pattern_in_irrefutable_context
  error - Conditions must have a static type of 'bool' - lib\infrastructure\models\pantry_model.dart:23:5 - non_bool_condition
  error - In constant expressions, operands of this operator must be of type 'bool' - lib\infrastructure\models\pantry_model.dart:23:5 - const_eval_type_bool
  error - Undefined name 'imageUrl' - lib\infrastructure\models\pantry_model.dart:23:13 - undefined_identifier
  error - Expected an identifier - lib\infrastructure\models\pantry_model.dart:23:21 - missing_identifier
  error - Expected to find ':' - lib\infrastructure\models\pantry_model.dart:23:21 - expected_token
  error - Refutable patterns can't be used in an irrefutable context - lib\infrastructure\models\pantry_model.dart:23:21 - refutable_pattern_in_irrefutable_context
  error - Key expressions in map patterns must be constants - lib\infrastructure\models\pantry_model.dart:24:5 - non_constant_map_pattern_key
  error - Undefined name 'required' - lib\infrastructure\models\pantry_model.dart:24:5 - undefined_identifier
  error - Expected to find ':' - lib\infrastructure\models\pantry_model.dart:24:14 - expected_token
warning - The value of the local variable 'createdAt' isn't used - lib\infrastructure\models\pantry_model.dart:24:23 - unused_local_variable
  error - Variable 'createdAt' can't be declared in a pattern assignment - lib\infrastructure\models\pantry_model.dart:24:23 - pattern_assignment_declares_variable
  error - Conditions must have a static type of 'bool' - lib\infrastructure\models\pantry_model.dart:25:5 - non_bool_condition
  error - In constant expressions, operands of this operator must be of type 'bool' - lib\infrastructure\models\pantry_model.dart:25:5 - const_eval_type_bool
  error - Undefined name 'updatedAt' - lib\infrastructure\models\pantry_model.dart:25:15 - undefined_identifier
  error - Expected an identifier - lib\infrastructure\models\pantry_model.dart:25:24 - missing_identifier
  error - Expected to find ':' - lib\infrastructure\models\pantry_model.dart:25:24 - expected_token
  error - Refutable patterns can't be used in an irrefutable context - lib\infrastructure\models\pantry_model.dart:25:24 - refutable_pattern_in_irrefutable_context
  error - Undefined name '_PantryModel' - lib\infrastructure\models\pantry_model.dart:26:8 - undefined_identifier
  error - Expected to find ';' - lib\infrastructure\models\pantry_model.dart:28:3 - expected_token
  error - The method 'fromJson' isn't defined for the type 'PantryModel' - lib\infrastructure\models\pantry_model.dart:28:23 - undefined_method
  error - The operator '<' isn't defined for the type 'Type' - lib\infrastructure\models\pantry_model.dart:28:35 - undefined_operator
  error - The operator '>' isn't defined for the type 'Type' - lib\infrastructure\models\pantry_model.dart:28:51 - undefined_operator
  error - Undefined name 'json' - lib\infrastructure\models\pantry_model.dart:28:53 - undefined_identifier
  error - Expected to find ';' - lib\infrastructure\models\pantry_model.dart:28:57 - expected_token
  error - Expected an identifier - lib\infrastructure\models\pantry_model.dart:28:59 - missing_identifier
  error - Expected to find ';' - lib\infrastructure\models\pantry_model.dart:28:59 - expected_token
  error - Expected to find ';' - lib\infrastructure\models\pantry_model.dart:29:7 - expected_token
  error - Undefined name '_' - lib\infrastructure\models\pantry_model.dart:29:7 - undefined_identifier
  error - Expected an identifier - lib\infrastructure\models\pantry_model.dart:29:8 - missing_identifier
  error - Expected to find ';' - lib\infrastructure\models\pantry_model.dart:29:8 - expected_token
  error - The function '$PantryModelFromJson' isn't defined - lib\infrastructure\models\pantry_model.dart:29:9 - undefined_function
  error - Undefined name 'json' - lib\infrastructure\models\pantry_model.dart:29:30 - undefined_identifier
  error - Expected to find ';' - lib\infrastructure\models\pantry_model.dart:31:3 - expected_token
  error - The method 'fromDomain' isn't defined for the type 'PantryModel' - lib\infrastructure\models\pantry_model.dart:31:23 - undefined_method
  error - Expected to find ',' - lib\infrastructure\models\pantry_model.dart:31:45 - expected_token
  error - Undefined name 'item' - lib\infrastructure\models\pantry_model.dart:31:45 - undefined_identifier
  error - Expected to find ';' - lib\infrastructure\models\pantry_model.dart:31:49 - expected_token
  error - The named parameter 'id' isn't defined - lib\infrastructure\models\pantry_model.dart:33:7 - undefined_named_parameter
  error - Undefined name 'item' - lib\infrastructure\models\pantry_model.dart:33:11 - undefined_identifier
  error - The named parameter 'name' isn't defined - lib\infrastructure\models\pantry_model.dart:34:7 - undefined_named_parameter
  error - Undefined name 'item' - lib\infrastructure\models\pantry_model.dart:34:13 - undefined_identifier
  error - The named parameter 'category' isn't defined - lib\infrastructure\models\pantry_model.dart:35:7 - undefined_named_parameter
  error - Undefined name 'item' - lib\infrastructure\models\pantry_model.dart:35:17 - undefined_identifier
  error - The named parameter 'quantity' isn't defined - lib\infrastructure\models\pantry_model.dart:36:7 - undefined_named_parameter
  error - Undefined name 'item' - lib\infrastructure\models\pantry_model.dart:36:17 - undefined_identifier
  error - The named parameter 'unit' isn't defined - lib\infrastructure\models\pantry_model.dart:37:7 - undefined_named_parameter
  error - Undefined name 'item' - lib\infrastructure\models\pantry_model.dart:37:13 - undefined_identifier
  error - The named parameter 'expiryDate' isn't defined - lib\infrastructure\models\pantry_model.dart:38:7 - undefined_named_parameter
  error - Undefined name 'item' - lib\infrastructure\models\pantry_model.dart:38:19 - undefined_identifier
  error - The named parameter 'purchaseDate' isn't defined - lib\infrastructure\models\pantry_model.dart:39:7 - undefined_named_parameter
  error - Undefined name 'item' - lib\infrastructure\models\pantry_model.dart:39:21 - undefined_identifier
  error - The named parameter 'brand' isn't defined - lib\infrastructure\models\pantry_model.dart:40:7 - undefined_named_parameter
  error - Undefined name 'item' - lib\infrastructure\models\pantry_model.dart:40:14 - undefined_identifier
  error - The named parameter 'location' isn't defined - lib\infrastructure\models\pantry_model.dart:41:7 - undefined_named_parameter
  error - Undefined name 'item' - lib\infrastructure\models\pantry_model.dart:41:17 - undefined_identifier
  error - The named parameter 'notes' isn't defined - lib\infrastructure\models\pantry_model.dart:42:7 - undefined_named_parameter
  error - Undefined name 'item' - lib\infrastructure\models\pantry_model.dart:42:14 - undefined_identifier
  error - The named parameter 'isRunningLow' isn't defined - lib\infrastructure\models\pantry_model.dart:43:7 - undefined_named_parameter
  error - Undefined name 'item' - lib\infrastructure\models\pantry_model.dart:43:21 - undefined_identifier
  error - The named parameter 'cost' isn't defined - lib\infrastructure\models\pantry_model.dart:44:7 - undefined_named_parameter
  error - Undefined name 'item' - lib\infrastructure\models\pantry_model.dart:44:13 - undefined_identifier
  error - The named parameter 'barcode' isn't defined - lib\infrastructure\models\pantry_model.dart:45:7 - undefined_named_parameter
  error - Undefined name 'item' - lib\infrastructure\models\pantry_model.dart:45:16 - undefined_identifier
  error - The named parameter 'imageUrl' isn't defined - lib\infrastructure\models\pantry_model.dart:46:7 - undefined_named_parameter
  error - Undefined name 'item' - lib\infrastructure\models\pantry_model.dart:46:17 - undefined_identifier
  error - The named parameter 'createdAt' isn't defined - lib\infrastructure\models\pantry_model.dart:47:7 - undefined_named_parameter
  error - Undefined name 'item' - lib\infrastructure\models\pantry_model.dart:47:18 - undefined_identifier
  error - The named parameter 'updatedAt' isn't defined - lib\infrastructure\models\pantry_model.dart:48:7 - undefined_named_parameter
  error - Undefined name 'item' - lib\infrastructure\models\pantry_model.dart:48:18 - undefined_identifier
   info - The imported package 'freezed_annotation' isn't a dependency of the importing package - lib\infrastructure\models\recipe_model.dart:1:8 - depend_on_referenced_packages
  error - Target of URI doesn't exist: 'package:freezed_annotation/freezed_annotation.dart' - lib\infrastructure\models\recipe_model.dart:1:8 - uri_does_not_exist
  error - Target of URI doesn't exist: 'package:chefmind_ai/infrastructure/models/recipe_model.freezed.dart' - lib\infrastructure\models\recipe_model.dart:8:6 - uri_does_not_exist
  error - Target of URI hasn't been generated: 'package:chefmind_ai/infrastructure/models/recipe_model.g.dart' - lib\infrastructure\models\recipe_model.dart:9:6 - uri_has_not_been_generated
  error - Undefined name 'freezed' used as an annotation - lib\infrastructure\models\recipe_model.dart:11:1 - undefined_annotation
  error - A class declaration must have a body, even if it is empty - lib\infrastructure\models\recipe_model.dart:12:24 - expected_body
  error - Classes can only mix in mixins and classes - lib\infrastructure\models\recipe_model.dart:12:24 - mixin_of_non_class
  error - Expected a method, getter, setter or operator declaration - lib\infrastructure\models\recipe_model.dart:12:25 - expected_executable
  error - Functions must have an explicit list of parameters - lib\infrastructure\models\recipe_model.dart:12:26 - missing_function_parameters
   info - An uninitialized variable should have an explicit type annotation - lib\infrastructure\models\recipe_model.dart:13:9 - prefer_typing_uninitialized_variables
  error - Expected to find ';' - lib\infrastructure\models\recipe_model.dart:13:9 - expected_token
  error - The constant 'factory' must be initialized - lib\infrastructure\models\recipe_model.dart:13:9 - const_not_initialized
  error - Object patterns can only use named fields - lib\infrastructure\models\recipe_model.dart:13:29 - positional_field_in_object_pattern
  error - Key expressions in map patterns must be constants - lib\infrastructure\models\recipe_model.dart:14:5 - non_constant_map_pattern_key
  error - Undefined name 'required' - lib\infrastructure\models\recipe_model.dart:14:5 - undefined_identifier
  error - Expected to find ':' - lib\infrastructure\models\recipe_model.dart:14:14 - expected_token
warning - The value of the local variable 'id' isn't used - lib\infrastructure\models\recipe_model.dart:14:21 - unused_local_variable
  error - Variable 'id' can't be declared in a pattern assignment - lib\infrastructure\models\recipe_model.dart:14:21 - pattern_assignment_declares_variable
  error - Key expressions in map patterns must be constants - lib\infrastructure\models\recipe_model.dart:15:5 - non_constant_map_pattern_key
  error - Undefined name 'required' - lib\infrastructure\models\recipe_model.dart:15:5 - undefined_identifier
  error - Expected to find ':' - lib\infrastructure\models\recipe_model.dart:15:14 - expected_token
warning - The value of the local variable 'title' isn't used - lib\infrastructure\models\recipe_model.dart:15:21 - unused_local_variable
  error - Variable 'title' can't be declared in a pattern assignment - lib\infrastructure\models\recipe_model.dart:15:21 - pattern_assignment_declares_variable
  error - Key expressions in map patterns must be constants - lib\infrastructure\models\recipe_model.dart:16:5 - non_constant_map_pattern_key
  error - Undefined name 'required' - lib\infrastructure\models\recipe_model.dart:16:5 - undefined_identifier
  error - Expected to find ':' - lib\infrastructure\models\recipe_model.dart:16:14 - expected_token
warning - The value of the local variable 'description' isn't used - lib\infrastructure\models\recipe_model.dart:16:21 - unused_local_variable
  error - Variable 'description' can't be declared in a pattern assignment - lib\infrastructure\models\recipe_model.dart:16:21 - pattern_assignment_declares_variable
  error - Key expressions in map patterns must be constants - lib\infrastructure\models\recipe_model.dart:17:5 - non_constant_map_pattern_key
  error - Undefined name 'required' - lib\infrastructure\models\recipe_model.dart:17:5 - undefined_identifier
  error - Expected to find ':' - lib\infrastructure\models\recipe_model.dart:17:14 - expected_token
warning - The value of the local variable 'ingredients' isn't used - lib\infrastructure\models\recipe_model.dart:17:41 - unused_local_variable
  error - Variable 'ingredients' can't be declared in a pattern assignment - lib\infrastructure\models\recipe_model.dart:17:41 - pattern_assignment_declares_variable
  error - Key expressions in map patterns must be constants - lib\infrastructure\models\recipe_model.dart:18:5 - non_constant_map_pattern_key
  error - Undefined name 'required' - lib\infrastructure\models\recipe_model.dart:18:5 - undefined_identifier
  error - Expected to find ':' - lib\infrastructure\models\recipe_model.dart:18:14 - expected_token
warning - The value of the local variable 'instructions' isn't used - lib\infrastructure\models\recipe_model.dart:18:41 - unused_local_variable
  error - Variable 'instructions' can't be declared in a pattern assignment - lib\infrastructure\models\recipe_model.dart:18:41 - pattern_assignment_declares_variable
  error - Key expressions in map patterns must be constants - lib\infrastructure\models\recipe_model.dart:19:5 - non_constant_map_pattern_key
  error - Undefined name 'required' - lib\infrastructure\models\recipe_model.dart:19:5 - undefined_identifier
  error - Expected to find ':' - lib\infrastructure\models\recipe_model.dart:19:14 - expected_token
warning - The value of the local variable 'cookingTimeMinutes' isn't used - lib\infrastructure\models\recipe_model.dart:19:18 - unused_local_variable
  error - Variable 'cookingTimeMinutes' can't be declared in a pattern assignment - lib\infrastructure\models\recipe_model.dart:19:18 - pattern_assignment_declares_variable
  error - Key expressions in map patterns must be constants - lib\infrastructure\models\recipe_model.dart:20:5 - non_constant_map_pattern_key
  error - Undefined name 'required' - lib\infrastructure\models\recipe_model.dart:20:5 - undefined_identifier
  error - Expected to find ':' - lib\infrastructure\models\recipe_model.dart:20:14 - expected_token
warning - The value of the local variable 'prepTimeMinutes' isn't used - lib\infrastructure\models\recipe_model.dart:20:18 - unused_local_variable
  error - Variable 'prepTimeMinutes' can't be declared in a pattern assignment - lib\infrastructure\models\recipe_model.dart:20:18 - pattern_assignment_declares_variable
  error - Key expressions in map patterns must be constants - lib\infrastructure\models\recipe_model.dart:21:5 - non_constant_map_pattern_key
  error - Undefined name 'required' - lib\infrastructure\models\recipe_model.dart:21:5 - undefined_identifier
  error - Expected to find ':' - lib\infrastructure\models\recipe_model.dart:21:14 - expected_token
warning - The value of the local variable 'difficulty' isn't used - lib\infrastructure\models\recipe_model.dart:21:21 - unused_local_variable
  error - Variable 'difficulty' can't be declared in a pattern assignment - lib\infrastructure\models\recipe_model.dart:21:21 - pattern_assignment_declares_variable
  error - Key expressions in map patterns must be constants - lib\infrastructure\models\recipe_model.dart:22:5 - non_constant_map_pattern_key
  error - Undefined name 'required' - lib\infrastructure\models\recipe_model.dart:22:5 - undefined_identifier
  error - Expected to find ':' - lib\infrastructure\models\recipe_model.dart:22:14 - expected_token
warning - The value of the local variable 'servings' isn't used - lib\infrastructure\models\recipe_model.dart:22:18 - unused_local_variable
  error - Variable 'servings' can't be declared in a pattern assignment - lib\infrastructure\models\recipe_model.dart:22:18 - pattern_assignment_declares_variable
  error - Key expressions in map patterns must be constants - lib\infrastructure\models\recipe_model.dart:23:5 - non_constant_map_pattern_key
  error - Undefined name 'required' - lib\infrastructure\models\recipe_model.dart:23:5 - undefined_identifier
  error - Expected to find ':' - lib\infrastructure\models\recipe_model.dart:23:14 - expected_token
warning - The value of the local variable 'tags' isn't used - lib\infrastructure\models\recipe_model.dart:23:27 - unused_local_variable
  error - Variable 'tags' can't be declared in a pattern assignment - lib\infrastructure\models\recipe_model.dart:23:27 - pattern_assignment_declares_variable
  error - Key expressions in map patterns must be constants - lib\infrastructure\models\recipe_model.dart:24:5 - non_constant_map_pattern_key
  error - Undefined name 'required' - lib\infrastructure\models\recipe_model.dart:24:5 - undefined_identifier
  error - Expected to find ':' - lib\infrastructure\models\recipe_model.dart:24:14 - expected_token
warning - The value of the local variable 'nutrition' isn't used - lib\infrastructure\models\recipe_model.dart:24:35 - unused_local_variable
  error - Variable 'nutrition' can't be declared in a pattern assignment - lib\infrastructure\models\recipe_model.dart:24:35 - pattern_assignment_declares_variable
  error - Expected an identifier - lib\infrastructure\models\recipe_model.dart:25:5 - missing_identifier
  error - Expected to find ':' - lib\infrastructure\models\recipe_model.dart:25:5 - expected_token
  error - Key expressions in map patterns must be constants - lib\infrastructure\models\recipe_model.dart:25:5 - non_constant_map_pattern_key
  error - Refutable patterns can't be used in an irrefutable context - lib\infrastructure\models\recipe_model.dart:25:5 - refutable_pattern_in_irrefutable_context
  error - Expected to find ',' - lib\infrastructure\models\recipe_model.dart:25:6 - expected_token
  error - Key expressions in map patterns must be constants - lib\infrastructure\models\recipe_model.dart:25:6 - non_constant_map_pattern_key
  error - The function 'Default' isn't defined - lib\infrastructure\models\recipe_model.dart:25:6 - undefined_function
  error - Expected to find ':' - lib\infrastructure\models\recipe_model.dart:25:18 - expected_token
warning - The value of the local variable 'tips' isn't used - lib\infrastructure\models\recipe_model.dart:25:31 - unused_local_variable
  error - Variable 'tips' can't be declared in a pattern assignment - lib\infrastructure\models\recipe_model.dart:25:31 - pattern_assignment_declares_variable
  error - Expected an identifier - lib\infrastructure\models\recipe_model.dart:26:5 - missing_identifier
  error - Expected to find ':' - lib\infrastructure\models\recipe_model.dart:26:5 - expected_token
  error - Key expressions in map patterns must be constants - lib\infrastructure\models\recipe_model.dart:26:5 - non_constant_map_pattern_key
  error - Refutable patterns can't be used in an irrefutable context - lib\infrastructure\models\recipe_model.dart:26:5 - refutable_pattern_in_irrefutable_context
  error - Expected to find ',' - lib\infrastructure\models\recipe_model.dart:26:6 - expected_token
  error - Key expressions in map patterns must be constants - lib\infrastructure\models\recipe_model.dart:26:6 - non_constant_map_pattern_key
  error - The function 'Default' isn't defined - lib\infrastructure\models\recipe_model.dart:26:6 - undefined_function
  error - Expected to find ':' - lib\infrastructure\models\recipe_model.dart:26:19 - expected_token
warning - The value of the local variable 'rating' isn't used - lib\infrastructure\models\recipe_model.dart:26:26 - unused_local_variable
  error - Variable 'rating' can't be declared in a pattern assignment - lib\infrastructure\models\recipe_model.dart:26:26 - pattern_assignment_declares_variable
  error - Expected an identifier - lib\infrastructure\models\recipe_model.dart:27:5 - missing_identifier
  error - Expected to find ':' - lib\infrastructure\models\recipe_model.dart:27:5 - expected_token
  error - Key expressions in map patterns must be constants - lib\infrastructure\models\recipe_model.dart:27:5 - non_constant_map_pattern_key
  error - Refutable patterns can't be used in an irrefutable context - lib\infrastructure\models\recipe_model.dart:27:5 - refutable_pattern_in_irrefutable_context
  error - Expected to find ',' - lib\infrastructure\models\recipe_model.dart:27:6 - expected_token
  error - Key expressions in map patterns must be constants - lib\infrastructure\models\recipe_model.dart:27:6 - non_constant_map_pattern_key
  error - The function 'Default' isn't defined - lib\infrastructure\models\recipe_model.dart:27:6 - undefined_function
  error - Expected to find ':' - lib\infrastructure\models\recipe_model.dart:27:17 - expected_token
warning - The value of the local variable 'ratingCount' isn't used - lib\infrastructure\models\recipe_model.dart:27:21 - unused_local_variable
  error - Variable 'ratingCount' can't be declared in a pattern assignment - lib\infrastructure\models\recipe_model.dart:27:21 - pattern_assignment_declares_variable
  error - Key expressions in map patterns must be constants - lib\infrastructure\models\recipe_model.dart:28:5 - non_constant_map_pattern_key
  error - Undefined name 'required' - lib\infrastructure\models\recipe_model.dart:28:5 - undefined_identifier
  error - Expected to find ':' - lib\infrastructure\models\recipe_model.dart:28:14 - expected_token
warning - The value of the local variable 'createdAt' isn't used - lib\infrastructure\models\recipe_model.dart:28:23 - unused_local_variable
  error - Variable 'createdAt' can't be declared in a pattern assignment - lib\infrastructure\models\recipe_model.dart:28:23 - pattern_assignment_declares_variable
  error - Conditions must have a static type of 'bool' - lib\infrastructure\models\recipe_model.dart:29:5 - non_bool_condition
  error - In constant expressions, operands of this operator must be of type 'bool' - lib\infrastructure\models\recipe_model.dart:29:5 - const_eval_type_bool
  error - Undefined name 'updatedAt' - lib\infrastructure\models\recipe_model.dart:29:15 - undefined_identifier
  error - Expected an identifier - lib\infrastructure\models\recipe_model.dart:29:24 - missing_identifier
  error - Expected to find ':' - lib\infrastructure\models\recipe_model.dart:29:24 - expected_token
  error - Refutable patterns can't be used in an irrefutable context - lib\infrastructure\models\recipe_model.dart:29:24 - refutable_pattern_in_irrefutable_context
  error - Conditions must have a static type of 'bool' - lib\infrastructure\models\recipe_model.dart:30:5 - non_bool_condition
  error - In constant expressions, operands of this operator must be of type 'bool' - lib\infrastructure\models\recipe_model.dart:30:5 - const_eval_type_bool
  error - Undefined name 'imageUrl' - lib\infrastructure\models\recipe_model.dart:30:13 - undefined_identifier
  error - Expected an identifier - lib\infrastructure\models\recipe_model.dart:30:21 - missing_identifier
  error - Expected to find ':' - lib\infrastructure\models\recipe_model.dart:30:21 - expected_token
  error - Refutable patterns can't be used in an irrefutable context - lib\infrastructure\models\recipe_model.dart:30:21 - refutable_pattern_in_irrefutable_context
  error - In constant expressions, operands of this operator must be of type 'num' - lib\infrastructure\models\recipe_model.dart:31:5 - const_eval_type_num
  error - The operator '<' isn't defined for the type 'Type' - lib\infrastructure\models\recipe_model.dart:31:9 - undefined_operator
  error - A comparison expression can't be an operand of another comparison expression - lib\infrastructure\models\recipe_model.dart:31:16 - equality_cannot_be_equality_operand
  error - Expected an identifier - lib\infrastructure\models\recipe_model.dart:31:17 - missing_identifier
  error - Undefined name 'imageUrls' - lib\infrastructure\models\recipe_model.dart:31:19 - undefined_identifier
  error - Expected an identifier - lib\infrastructure\models\recipe_model.dart:31:28 - missing_identifier
  error - Expected to find ':' - lib\infrastructure\models\recipe_model.dart:31:28 - expected_token
  error - Refutable patterns can't be used in an irrefutable context - lib\infrastructure\models\recipe_model.dart:31:28 - refutable_pattern_in_irrefutable_context
  error - Conditions must have a static type of 'bool' - lib\infrastructure\models\recipe_model.dart:32:5 - non_bool_condition
  error - In constant expressions, operands of this operator must be of type 'bool' - lib\infrastructure\models\recipe_model.dart:32:5 - const_eval_type_bool
  error - Undefined name 'videoUrl' - lib\infrastructure\models\recipe_model.dart:32:13 - undefined_identifier
  error - Expected an identifier - lib\infrastructure\models\recipe_model.dart:32:21 - missing_identifier
  error - Expected to find ':' - lib\infrastructure\models\recipe_model.dart:32:21 - expected_token
  error - Refutable patterns can't be used in an irrefutable context - lib\infrastructure\models\recipe_model.dart:32:21 - refutable_pattern_in_irrefutable_context
  error - Conditions must have a static type of 'bool' - lib\infrastructure\models\recipe_model.dart:33:5 - non_bool_condition
  error - In constant expressions, operands of this operator must be of type 'bool' - lib\infrastructure\models\recipe_model.dart:33:5 - const_eval_type_bool
  error - Undefined name 'authorId' - lib\infrastructure\models\recipe_model.dart:33:13 - undefined_identifier
  error - Expected an identifier - lib\infrastructure\models\recipe_model.dart:33:21 - missing_identifier
  error - Expected to find ':' - lib\infrastructure\models\recipe_model.dart:33:21 - expected_token
  error - Refutable patterns can't be used in an irrefutable context - lib\infrastructure\models\recipe_model.dart:33:21 - refutable_pattern_in_irrefutable_context
  error - Conditions must have a static type of 'bool' - lib\infrastructure\models\recipe_model.dart:34:5 - non_bool_condition
  error - In constant expressions, operands of this operator must be of type 'bool' - lib\infrastructure\models\recipe_model.dart:34:5 - const_eval_type_bool
  error - Undefined name 'authorName' - lib\infrastructure\models\recipe_model.dart:34:13 - undefined_identifier
  error - Expected an identifier - lib\infrastructure\models\recipe_model.dart:34:23 - missing_identifier
  error - Expected to find ':' - lib\infrastructure\models\recipe_model.dart:34:23 - expected_token
  error - Refutable patterns can't be used in an irrefutable context - lib\infrastructure\models\recipe_model.dart:34:23 - refutable_pattern_in_irrefutable_context
  error - Conditions must have a static type of 'bool' - lib\infrastructure\models\recipe_model.dart:35:5 - non_bool_condition
  error - In constant expressions, operands of this operator must be of type 'bool' - lib\infrastructure\models\recipe_model.dart:35:5 - const_eval_type_bool
  error - Undefined name 'mealType' - lib\infrastructure\models\recipe_model.dart:35:13 - undefined_identifier
  error - Expected an identifier - lib\infrastructure\models\recipe_model.dart:35:21 - missing_identifier
  error - Expected to find ':' - lib\infrastructure\models\recipe_model.dart:35:21 - expected_token
  error - Refutable patterns can't be used in an irrefutable context - lib\infrastructure\models\recipe_model.dart:35:21 - refutable_pattern_in_irrefutable_context
  error - Conditions must have a static type of 'bool' - lib\infrastructure\models\recipe_model.dart:36:5 - non_bool_condition
  error - In constant expressions, operands of this operator must be of type 'bool' - lib\infrastructure\models\recipe_model.dart:36:5 - const_eval_type_bool
  error - Undefined name 'cuisineType' - lib\infrastructure\models\recipe_model.dart:36:13 - undefined_identifier
  error - Expected an identifier - lib\infrastructure\models\recipe_model.dart:36:24 - missing_identifier
  error - Expected to find ':' - lib\infrastructure\models\recipe_model.dart:36:24 - expected_token
  error - Refutable patterns can't be used in an irrefutable context - lib\infrastructure\models\recipe_model.dart:36:24 - refutable_pattern_in_irrefutable_context
  error - Expected an identifier - lib\infrastructure\models\recipe_model.dart:37:5 - missing_identifier
  error - Expected to find ':' - lib\infrastructure\models\recipe_model.dart:37:5 - expected_token
  error - Key expressions in map patterns must be constants - lib\infrastructure\models\recipe_model.dart:37:5 - non_constant_map_pattern_key
  error - Refutable patterns can't be used in an irrefutable context - lib\infrastructure\models\recipe_model.dart:37:5 - refutable_pattern_in_irrefutable_context
  error - Expected to find ',' - lib\infrastructure\models\recipe_model.dart:37:6 - expected_token
  error - Key expressions in map patterns must be constants - lib\infrastructure\models\recipe_model.dart:37:6 - non_constant_map_pattern_key
  error - The function 'Default' isn't defined - lib\infrastructure\models\recipe_model.dart:37:6 - undefined_function
  error - Expected to find ':' - lib\infrastructure\models\recipe_model.dart:37:21 - expected_token
warning - The value of the local variable 'isPublic' isn't used - lib\infrastructure\models\recipe_model.dart:37:26 - unused_local_variable
  error - Variable 'isPublic' can't be declared in a pattern assignment - lib\infrastructure\models\recipe_model.dart:37:26 - pattern_assignment_declares_variable
  error - Expected an identifier - lib\infrastructure\models\recipe_model.dart:38:5 - missing_identifier
  error - Expected to find ':' - lib\infrastructure\models\recipe_model.dart:38:5 - expected_token
  error - Key expressions in map patterns must be constants - lib\infrastructure\models\recipe_model.dart:38:5 - non_constant_map_pattern_key
  error - Refutable patterns can't be used in an irrefutable context - lib\infrastructure\models\recipe_model.dart:38:5 - refutable_pattern_in_irrefutable_context
  error - Expected to find ',' - lib\infrastructure\models\recipe_model.dart:38:6 - expected_token
  error - Key expressions in map patterns must be constants - lib\infrastructure\models\recipe_model.dart:38:6 - non_constant_map_pattern_key
  error - The function 'Default' isn't defined - lib\infrastructure\models\recipe_model.dart:38:6 - undefined_function
  error - Expected to find ':' - lib\infrastructure\models\recipe_model.dart:38:21 - expected_token
warning - The value of the local variable 'isFavorite' isn't used - lib\infrastructure\models\recipe_model.dart:38:26 - unused_local_variable
  error - Variable 'isFavorite' can't be declared in a pattern assignment - lib\infrastructure\models\recipe_model.dart:38:26 - pattern_assignment_declares_variable
  error - Expected an identifier - lib\infrastructure\models\recipe_model.dart:39:5 - missing_identifier
  error - Expected to find ':' - lib\infrastructure\models\recipe_model.dart:39:5 - expected_token
  error - Key expressions in map patterns must be constants - lib\infrastructure\models\recipe_model.dart:39:5 - non_constant_map_pattern_key
  error - Refutable patterns can't be used in an irrefutable context - lib\infrastructure\models\recipe_model.dart:39:5 - refutable_pattern_in_irrefutable_context
  error - Expected to find ',' - lib\infrastructure\models\recipe_model.dart:39:6 - expected_token
  error - Key expressions in map patterns must be constants - lib\infrastructure\models\recipe_model.dart:39:6 - non_constant_map_pattern_key
  error - The function 'Default' isn't defined - lib\infrastructure\models\recipe_model.dart:39:6 - undefined_function
  error - Expected to find ':' - lib\infrastructure\models\recipe_model.dart:39:17 - expected_token
warning - The value of the local variable 'cookCount' isn't used - lib\infrastructure\models\recipe_model.dart:39:21 - unused_local_variable
  error - Variable 'cookCount' can't be declared in a pattern assignment - lib\infrastructure\models\recipe_model.dart:39:21 - pattern_assignment_declares_variable
  error - In constant expressions, operands of this operator must be of type 'num' - lib\infrastructure\models\recipe_model.dart:40:5 - const_eval_type_num
  error - The operator '<' isn't defined for the type 'Type' - lib\infrastructure\models\recipe_model.dart:40:8 - undefined_operator
  error - Expected an identifier - lib\infrastructure\models\recipe_model.dart:40:15 - missing_identifier
  error - Expected to find ':' - lib\infrastructure\models\recipe_model.dart:40:15 - expected_token
  error - Refutable patterns can't be used in an irrefutable context - lib\infrastructure\models\recipe_model.dart:40:15 - refutable_pattern_in_irrefutable_context
  error - The operator '>' isn't defined for the type 'Type' - lib\infrastructure\models\recipe_model.dart:40:24 - undefined_operator
  error - Expected an identifier - lib\infrastructure\models\recipe_model.dart:40:25 - missing_identifier
  error - Key expressions in map patterns must be constants - lib\infrastructure\models\recipe_model.dart:40:25 - non_constant_map_pattern_key
  error - Undefined name 'metadata' - lib\infrastructure\models\recipe_model.dart:40:27 - undefined_identifier
  error - Expected an identifier - lib\infrastructure\models\recipe_model.dart:40:35 - missing_identifier
  error - Expected to find ':' - lib\infrastructure\models\recipe_model.dart:40:35 - expected_token
  error - Refutable patterns can't be used in an irrefutable context - lib\infrastructure\models\recipe_model.dart:40:35 - refutable_pattern_in_irrefutable_context
  error - Undefined name '_RecipeModel' - lib\infrastructure\models\recipe_model.dart:41:8 - undefined_identifier
  error - Expected to find ';' - lib\infrastructure\models\recipe_model.dart:43:3 - expected_token
  error - The method 'fromJson' isn't defined for the type 'RecipeModel' - lib\infrastructure\models\recipe_model.dart:43:23 - undefined_method
  error - The operator '<' isn't defined for the type 'Type' - lib\infrastructure\models\recipe_model.dart:43:35 - undefined_operator
  error - The operator '>' isn't defined for the type 'Type' - lib\infrastructure\models\recipe_model.dart:43:51 - undefined_operator
  error - Undefined name 'json' - lib\infrastructure\models\recipe_model.dart:43:53 - undefined_identifier
  error - Expected to find ';' - lib\infrastructure\models\recipe_model.dart:43:57 - expected_token
  error - Expected an identifier - lib\infrastructure\models\recipe_model.dart:43:59 - missing_identifier
  error - Expected to find ';' - lib\infrastructure\models\recipe_model.dart:43:59 - expected_token
  error - Expected to find ';' - lib\infrastructure\models\recipe_model.dart:44:7 - expected_token
  error - Undefined name '_' - lib\infrastructure\models\recipe_model.dart:44:7 - undefined_identifier
  error - Expected an identifier - lib\infrastructure\models\recipe_model.dart:44:8 - missing_identifier
  error - Expected to find ';' - lib\infrastructure\models\recipe_model.dart:44:8 - expected_token
  error - The function '$RecipeModelFromJson' isn't defined - lib\infrastructure\models\recipe_model.dart:44:9 - undefined_function
  error - Undefined name 'json' - lib\infrastructure\models\recipe_model.dart:44:30 - undefined_identifier
  error - Expected to find ';' - lib\infrastructure\models\recipe_model.dart:46:3 - expected_token
  error - The method 'fromDomain' isn't defined for the type 'RecipeModel' - lib\infrastructure\models\recipe_model.dart:46:23 - undefined_method
  error - Expected to find ',' - lib\infrastructure\models\recipe_model.dart:46:41 - expected_token
  error - Undefined name 'recipe' - lib\infrastructure\models\recipe_model.dart:46:41 - undefined_identifier
  error - Expected to find ';' - lib\infrastructure\models\recipe_model.dart:46:47 - expected_token
  error - The named parameter 'id' isn't defined - lib\infrastructure\models\recipe_model.dart:48:7 - undefined_named_parameter
  error - Undefined name 'recipe' - lib\infrastructure\models\recipe_model.dart:48:11 - undefined_identifier
  error - The named parameter 'title' isn't defined - lib\infrastructure\models\recipe_model.dart:49:7 - undefined_named_parameter
  error - Undefined name 'recipe' - lib\infrastructure\models\recipe_model.dart:49:14 - undefined_identifier
  error - The named parameter 'description' isn't defined - lib\infrastructure\models\recipe_model.dart:50:7 - undefined_named_parameter
  error - Undefined name 'recipe' - lib\infrastructure\models\recipe_model.dart:50:20 - undefined_identifier
  error - The named parameter 'ingredients' isn't defined - lib\infrastructure\models\recipe_model.dart:51:7 - undefined_named_parameter
  error - Undefined name 'recipe' - lib\infrastructure\models\recipe_model.dart:51:20 - undefined_identifier
  error - The named parameter 'instructions' isn't defined - lib\infrastructure\models\recipe_model.dart:62:7 - undefined_named_parameter
  error - Undefined name 'recipe' - lib\infrastructure\models\recipe_model.dart:62:21 - undefined_identifier
  error - The named parameter 'cookingTimeMinutes' isn't defined - lib\infrastructure\models\recipe_model.dart:72:7 - undefined_named_parameter
  error - Undefined name 'recipe' - lib\infrastructure\models\recipe_model.dart:72:27 - undefined_identifier
  error - The named parameter 'prepTimeMinutes' isn't defined - lib\infrastructure\models\recipe_model.dart:73:7 - undefined_named_parameter
  error - Undefined name 'recipe' - lib\infrastructure\models\recipe_model.dart:73:24 - undefined_identifier
  error - The named parameter 'difficulty' isn't defined - lib\infrastructure\models\recipe_model.dart:74:7 - undefined_named_parameter
  error - Undefined name 'recipe' - lib\infrastructure\models\recipe_model.dart:74:19 - undefined_identifier
  error - The named parameter 'servings' isn't defined - lib\infrastructure\models\recipe_model.dart:75:7 - undefined_named_parameter
  error - Undefined name 'recipe' - lib\infrastructure\models\recipe_model.dart:75:17 - undefined_identifier
  error - The named parameter 'tags' isn't defined - lib\infrastructure\models\recipe_model.dart:76:7 - undefined_named_parameter
  error - Undefined name 'recipe' - lib\infrastructure\models\recipe_model.dart:76:13 - undefined_identifier
  error - The named parameter 'nutrition' isn't defined - lib\infrastructure\models\recipe_model.dart:77:7 - undefined_named_parameter
  error - Undefined name 'recipe' - lib\infrastructure\models\recipe_model.dart:78:21 - undefined_identifier
  error - Undefined name 'recipe' - lib\infrastructure\models\recipe_model.dart:79:20 - undefined_identifier
  error - Undefined name 'recipe' - lib\infrastructure\models\recipe_model.dart:80:26 - undefined_identifier
  error - Undefined name 'recipe' - lib\infrastructure\models\recipe_model.dart:81:16 - undefined_identifier
  error - Undefined name 'recipe' - lib\infrastructure\models\recipe_model.dart:82:18 - undefined_identifier
  error - Undefined name 'recipe' - lib\infrastructure\models\recipe_model.dart:83:18 - undefined_identifier
  error - Undefined name 'recipe' - lib\infrastructure\models\recipe_model.dart:84:19 - undefined_identifier
  error - The named parameter 'tips' isn't defined - lib\infrastructure\models\recipe_model.dart:86:7 - undefined_named_parameter
  error - Undefined name 'recipe' - lib\infrastructure\models\recipe_model.dart:86:13 - undefined_identifier
  error - The named parameter 'rating' isn't defined - lib\infrastructure\models\recipe_model.dart:87:7 - undefined_named_parameter
  error - Undefined name 'recipe' - lib\infrastructure\models\recipe_model.dart:87:15 - undefined_identifier
  error - The named parameter 'ratingCount' isn't defined - lib\infrastructure\models\recipe_model.dart:88:7 - undefined_named_parameter
  error - Undefined name 'recipe' - lib\infrastructure\models\recipe_model.dart:88:20 - undefined_identifier
  error - The named parameter 'createdAt' isn't defined - lib\infrastructure\models\recipe_model.dart:89:7 - undefined_named_parameter
  error - Undefined name 'recipe' - lib\infrastructure\models\recipe_model.dart:89:18 - undefined_identifier
  error - The named parameter 'updatedAt' isn't defined - lib\infrastructure\models\recipe_model.dart:90:7 - undefined_named_parameter
  error - Undefined name 'recipe' - lib\infrastructure\models\recipe_model.dart:90:18 - undefined_identifier
  error - The named parameter 'imageUrl' isn't defined - lib\infrastructure\models\recipe_model.dart:91:7 - undefined_named_parameter
  error - Undefined name 'recipe' - lib\infrastructure\models\recipe_model.dart:91:17 - undefined_identifier
  error - The named parameter 'imageUrls' isn't defined - lib\infrastructure\models\recipe_model.dart:92:7 - undefined_named_parameter
  error - Undefined name 'recipe' - lib\infrastructure\models\recipe_model.dart:92:18 - undefined_identifier
  error - The named parameter 'videoUrl' isn't defined - lib\infrastructure\models\recipe_model.dart:93:7 - undefined_named_parameter
  error - Undefined name 'recipe' - lib\infrastructure\models\recipe_model.dart:93:17 - undefined_identifier
  error - The named parameter 'authorId' isn't defined - lib\infrastructure\models\recipe_model.dart:94:7 - undefined_named_parameter
  error - Undefined name 'recipe' - lib\infrastructure\models\recipe_model.dart:94:17 - undefined_identifier
  error - The named parameter 'authorName' isn't defined - lib\infrastructure\models\recipe_model.dart:95:7 - undefined_named_parameter
  error - Undefined name 'recipe' - lib\infrastructure\models\recipe_model.dart:95:19 - undefined_identifier
  error - The named parameter 'mealType' isn't defined - lib\infrastructure\models\recipe_model.dart:96:7 - undefined_named_parameter
  error - Undefined name 'recipe' - lib\infrastructure\models\recipe_model.dart:96:17 - undefined_identifier
  error - The named parameter 'cuisineType' isn't defined - lib\infrastructure\models\recipe_model.dart:97:7 - undefined_named_parameter
  error - Undefined name 'recipe' - lib\infrastructure\models\recipe_model.dart:97:20 - undefined_identifier
  error - The named parameter 'isPublic' isn't defined - lib\infrastructure\models\recipe_model.dart:98:7 - undefined_named_parameter
  error - Undefined name 'recipe' - lib\infrastructure\models\recipe_model.dart:98:17 - undefined_identifier
  error - The named parameter 'isFavorite' isn't defined - lib\infrastructure\models\recipe_model.dart:99:7 - undefined_named_parameter
  error - Undefined name 'recipe' - lib\infrastructure\models\recipe_model.dart:99:19 - undefined_identifier
  error - The named parameter 'cookCount' isn't defined - lib\infrastructure\models\recipe_model.dart:100:7 - undefined_named_parameter
  error - Undefined name 'recipe' - lib\infrastructure\models\recipe_model.dart:100:18 - undefined_identifier
  error - The named parameter 'metadata' isn't defined - lib\infrastructure\models\recipe_model.dart:101:7 - undefined_named_parameter
  error - Undefined name 'recipe' - lib\infrastructure\models\recipe_model.dart:101:17 - undefined_identifier
   info - The imported package 'freezed_annotation' isn't a dependency of the importing package - lib\infrastructure\models\user_model.dart:1:8 - depend_on_referenced_packages
  error - Target of URI doesn't exist: 'package:freezed_annotation/freezed_annotation.dart' - lib\infrastructure\models\user_model.dart:1:8 - uri_does_not_exist
  error - Target of URI doesn't exist: 'package:chefmind_ai/infrastructure/models/user_model.freezed.dart' - lib\infrastructure\models\user_model.dart:6:6 - uri_does_not_exist
  error - Target of URI hasn't been generated: 'package:chefmind_ai/infrastructure/models/user_model.g.dart' - lib\infrastructure\models\user_model.dart:7:6 - uri_has_not_been_generated
  error - Undefined name 'freezed' used as an annotation - lib\infrastructure\models\user_model.dart:9:1 - undefined_annotation
  error - A class declaration must have a body, even if it is empty - lib\infrastructure\models\user_model.dart:10:22 - expected_body
  error - Classes can only mix in mixins and classes - lib\infrastructure\models\user_model.dart:10:22 - mixin_of_non_class
  error - Expected a method, getter, setter or operator declaration - lib\infrastructure\models\user_model.dart:10:23 - expected_executable
  error - Functions must have an explicit list of parameters - lib\infrastructure\models\user_model.dart:10:24 - missing_function_parameters
   info - An uninitialized variable should have an explicit type annotation - lib\infrastructure\models\user_model.dart:11:9 - prefer_typing_uninitialized_variables
  error - Expected to find ';' - lib\infrastructure\models\user_model.dart:11:9 - expected_token
  error - The constant 'factory' must be initialized - lib\infrastructure\models\user_model.dart:11:9 - const_not_initialized
  error - Object patterns can only use named fields - lib\infrastructure\models\user_model.dart:11:27 - positional_field_in_object_pattern
  error - Key expressions in map patterns must be constants - lib\infrastructure\models\user_model.dart:12:5 - non_constant_map_pattern_key
  error - Undefined name 'required' - lib\infrastructure\models\user_model.dart:12:5 - undefined_identifier
  error - Expected to find ':' - lib\infrastructure\models\user_model.dart:12:14 - expected_token
warning - The value of the local variable 'id' isn't used - lib\infrastructure\models\user_model.dart:12:21 - unused_local_variable
  error - Variable 'id' can't be declared in a pattern assignment - lib\infrastructure\models\user_model.dart:12:21 - pattern_assignment_declares_variable
  error - Key expressions in map patterns must be constants - lib\infrastructure\models\user_model.dart:13:5 - non_constant_map_pattern_key
  error - Undefined name 'required' - lib\infrastructure\models\user_model.dart:13:5 - undefined_identifier
  error - Expected to find ':' - lib\infrastructure\models\user_model.dart:13:14 - expected_token
warning - The value of the local variable 'email' isn't used - lib\infrastructure\models\user_model.dart:13:21 - unused_local_variable
  error - Variable 'email' can't be declared in a pattern assignment - lib\infrastructure\models\user_model.dart:13:21 - pattern_assignment_declares_variable
  error - Conditions must have a static type of 'bool' - lib\infrastructure\models\user_model.dart:14:5 - non_bool_condition
  error - In constant expressions, operands of this operator must be of type 'bool' - lib\infrastructure\models\user_model.dart:14:5 - const_eval_type_bool
  error - Undefined name 'displayName' - lib\infrastructure\models\user_model.dart:14:13 - undefined_identifier
  error - Expected an identifier - lib\infrastructure\models\user_model.dart:14:24 - missing_identifier
  error - Expected to find ':' - lib\infrastructure\models\user_model.dart:14:24 - expected_token
  error - Refutable patterns can't be used in an irrefutable context - lib\infrastructure\models\user_model.dart:14:24 - refutable_pattern_in_irrefutable_context
  error - Conditions must have a static type of 'bool' - lib\infrastructure\models\user_model.dart:15:5 - non_bool_condition
  error - In constant expressions, operands of this operator must be of type 'bool' - lib\infrastructure\models\user_model.dart:15:5 - const_eval_type_bool
  error - Undefined name 'photoUrl' - lib\infrastructure\models\user_model.dart:15:13 - undefined_identifier
  error - Expected an identifier - lib\infrastructure\models\user_model.dart:15:21 - missing_identifier
  error - Expected to find ':' - lib\infrastructure\models\user_model.dart:15:21 - expected_token
  error - Refutable patterns can't be used in an irrefutable context - lib\infrastructure\models\user_model.dart:15:21 - refutable_pattern_in_irrefutable_context
  error - Conditions must have a static type of 'bool' - lib\infrastructure\models\user_model.dart:16:5 - non_bool_condition
  error - In constant expressions, operands of this operator must be of type 'bool' - lib\infrastructure\models\user_model.dart:16:5 - const_eval_type_bool
  error - Undefined name 'phoneNumber' - lib\infrastructure\models\user_model.dart:16:13 - undefined_identifier
  error - Expected an identifier - lib\infrastructure\models\user_model.dart:16:24 - missing_identifier
  error - Expected to find ':' - lib\infrastructure\models\user_model.dart:16:24 - expected_token
  error - Refutable patterns can't be used in an irrefutable context - lib\infrastructure\models\user_model.dart:16:24 - refutable_pattern_in_irrefutable_context
  error - Key expressions in map patterns must be constants - lib\infrastructure\models\user_model.dart:17:5 - non_constant_map_pattern_key
  error - Undefined name 'required' - lib\infrastructure\models\user_model.dart:17:5 - undefined_identifier
  error - Expected to find ':' - lib\infrastructure\models\user_model.dart:17:14 - expected_token
warning - The value of the local variable 'skillLevel' isn't used - lib\infrastructure\models\user_model.dart:17:21 - unused_local_variable
  error - Variable 'skillLevel' can't be declared in a pattern assignment - lib\infrastructure\models\user_model.dart:17:21 - pattern_assignment_declares_variable
  error - Key expressions in map patterns must be constants - lib\infrastructure\models\user_model.dart:18:5 - non_constant_map_pattern_key
  error - Undefined name 'required' - lib\infrastructure\models\user_model.dart:18:5 - undefined_identifier
  error - Expected to find ':' - lib\infrastructure\models\user_model.dart:18:14 - expected_token
warning - The value of the local variable 'dietaryRestrictions' isn't used - lib\infrastructure\models\user_model.dart:18:27 - unused_local_variable
  error - Variable 'dietaryRestrictions' can't be declared in a pattern assignment - lib\infrastructure\models\user_model.dart:18:27 - pattern_assignment_declares_variable
  error - Key expressions in map patterns must be constants - lib\infrastructure\models\user_model.dart:19:5 - non_constant_map_pattern_key
  error - Undefined name 'required' - lib\infrastructure\models\user_model.dart:19:5 - undefined_identifier
  error - Expected to find ':' - lib\infrastructure\models\user_model.dart:19:14 - expected_token
warning - The value of the local variable 'allergies' isn't used - lib\infrastructure\models\user_model.dart:19:27 - unused_local_variable
  error - Variable 'allergies' can't be declared in a pattern assignment - lib\infrastructure\models\user_model.dart:19:27 - pattern_assignment_declares_variable
  error - Key expressions in map patterns must be constants - lib\infrastructure\models\user_model.dart:20:5 - non_constant_map_pattern_key
  error - Undefined name 'required' - lib\infrastructure\models\user_model.dart:20:5 - undefined_identifier
  error - Expected to find ':' - lib\infrastructure\models\user_model.dart:20:14 - expected_token
warning - The value of the local variable 'favoriteIngredients' isn't used - lib\infrastructure\models\user_model.dart:20:27 - unused_local_variable
  error - Variable 'favoriteIngredients' can't be declared in a pattern assignment - lib\infrastructure\models\user_model.dart:20:27 - pattern_assignment_declares_variable
  error - Key expressions in map patterns must be constants - lib\infrastructure\models\user_model.dart:21:5 - non_constant_map_pattern_key
  error - Undefined name 'required' - lib\infrastructure\models\user_model.dart:21:5 - undefined_identifier
  error - Expected to find ':' - lib\infrastructure\models\user_model.dart:21:14 - expected_token
warning - The value of the local variable 'dislikedIngredients' isn't used - lib\infrastructure\models\user_model.dart:21:27 - unused_local_variable
  error - Variable 'dislikedIngredients' can't be declared in a pattern assignment - lib\infrastructure\models\user_model.dart:21:27 - pattern_assignment_declares_variable
  error - Key expressions in map patterns must be constants - lib\infrastructure\models\user_model.dart:22:5 - non_constant_map_pattern_key
  error - Undefined name 'required' - lib\infrastructure\models\user_model.dart:22:5 - undefined_identifier
  error - Expected to find ':' - lib\infrastructure\models\user_model.dart:22:14 - expected_token
warning - The value of the local variable 'kitchenEquipment' isn't used - lib\infrastructure\models\user_model.dart:22:27 - unused_local_variable
  error - Variable 'kitchenEquipment' can't be declared in a pattern assignment - lib\infrastructure\models\user_model.dart:22:27 - pattern_assignment_declares_variable
  error - Key expressions in map patterns must be constants - lib\infrastructure\models\user_model.dart:23:5 - non_constant_map_pattern_key
  error - Undefined name 'required' - lib\infrastructure\models\user_model.dart:23:5 - undefined_identifier
  error - Expected to find ':' - lib\infrastructure\models\user_model.dart:23:14 - expected_token
warning - The value of the local variable 'preferences' isn't used - lib\infrastructure\models\user_model.dart:23:35 - unused_local_variable
  error - Variable 'preferences' can't be declared in a pattern assignment - lib\infrastructure\models\user_model.dart:23:35 - pattern_assignment_declares_variable
  error - Key expressions in map patterns must be constants - lib\infrastructure\models\user_model.dart:24:5 - non_constant_map_pattern_key
  error - Undefined name 'required' - lib\infrastructure\models\user_model.dart:24:5 - undefined_identifier
  error - Expected to find ':' - lib\infrastructure\models\user_model.dart:24:14 - expected_token
warning - The value of the local variable 'nutritionalGoals' isn't used - lib\infrastructure\models\user_model.dart:24:35 - unused_local_variable
  error - Variable 'nutritionalGoals' can't be declared in a pattern assignment - lib\infrastructure\models\user_model.dart:24:35 - pattern_assignment_declares_variable
  error - Expected an identifier - lib\infrastructure\models\user_model.dart:25:5 - missing_identifier
  error - Expected to find ':' - lib\infrastructure\models\user_model.dart:25:5 - expected_token
  error - Key expressions in map patterns must be constants - lib\infrastructure\models\user_model.dart:25:5 - non_constant_map_pattern_key
  error - Refutable patterns can't be used in an irrefutable context - lib\infrastructure\models\user_model.dart:25:5 - refutable_pattern_in_irrefutable_context
  error - Expected to find ',' - lib\infrastructure\models\user_model.dart:25:6 - expected_token
  error - Key expressions in map patterns must be constants - lib\infrastructure\models\user_model.dart:25:6 - non_constant_map_pattern_key
  error - The function 'Default' isn't defined - lib\infrastructure\models\user_model.dart:25:6 - undefined_function
  error - Expected to find ':' - lib\infrastructure\models\user_model.dart:25:18 - expected_token
warning - The value of the local variable 'favoriteRecipes' isn't used - lib\infrastructure\models\user_model.dart:25:31 - unused_local_variable
  error - Variable 'favoriteRecipes' can't be declared in a pattern assignment - lib\infrastructure\models\user_model.dart:25:31 - pattern_assignment_declares_variable
  error - Expected an identifier - lib\infrastructure\models\user_model.dart:26:5 - missing_identifier
  error - Expected to find ':' - lib\infrastructure\models\user_model.dart:26:5 - expected_token
  error - Key expressions in map patterns must be constants - lib\infrastructure\models\user_model.dart:26:5 - non_constant_map_pattern_key
  error - Refutable patterns can't be used in an irrefutable context - lib\infrastructure\models\user_model.dart:26:5 - refutable_pattern_in_irrefutable_context
  error - Expected to find ',' - lib\infrastructure\models\user_model.dart:26:6 - expected_token
  error - Key expressions in map patterns must be constants - lib\infrastructure\models\user_model.dart:26:6 - non_constant_map_pattern_key
  error - The function 'Default' isn't defined - lib\infrastructure\models\user_model.dart:26:6 - undefined_function
  error - Expected to find ':' - lib\infrastructure\models\user_model.dart:26:18 - expected_token
warning - The value of the local variable 'savedCollections' isn't used - lib\infrastructure\models\user_model.dart:26:31 - unused_local_variable
  error - Variable 'savedCollections' can't be declared in a pattern assignment - lib\infrastructure\models\user_model.dart:26:31 - pattern_assignment_declares_variable
  error - Key expressions in map patterns must be constants - lib\infrastructure\models\user_model.dart:27:5 - non_constant_map_pattern_key
  error - Undefined name 'required' - lib\infrastructure\models\user_model.dart:27:5 - undefined_identifier
  error - Expected to find ':' - lib\infrastructure\models\user_model.dart:27:14 - expected_token
warning - The value of the local variable 'createdAt' isn't used - lib\infrastructure\models\user_model.dart:27:23 - unused_local_variable
  error - Variable 'createdAt' can't be declared in a pattern assignment - lib\infrastructure\models\user_model.dart:27:23 - pattern_assignment_declares_variable
  error - Conditions must have a static type of 'bool' - lib\infrastructure\models\user_model.dart:28:5 - non_bool_condition
  error - In constant expressions, operands of this operator must be of type 'bool' - lib\infrastructure\models\user_model.dart:28:5 - const_eval_type_bool
  error - Undefined name 'lastActiveAt' - lib\infrastructure\models\user_model.dart:28:15 - undefined_identifier
  error - Expected an identifier - lib\infrastructure\models\user_model.dart:28:27 - missing_identifier
  error - Expected to find ':' - lib\infrastructure\models\user_model.dart:28:27 - expected_token
  error - Refutable patterns can't be used in an irrefutable context - lib\infrastructure\models\user_model.dart:28:27 - refutable_pattern_in_irrefutable_context
  error - Expected an identifier - lib\infrastructure\models\user_model.dart:29:5 - missing_identifier
  error - Expected to find ':' - lib\infrastructure\models\user_model.dart:29:5 - expected_token
  error - Key expressions in map patterns must be constants - lib\infrastructure\models\user_model.dart:29:5 - non_constant_map_pattern_key
  error - Refutable patterns can't be used in an irrefutable context - lib\infrastructure\models\user_model.dart:29:5 - refutable_pattern_in_irrefutable_context
  error - Expected to find ',' - lib\infrastructure\models\user_model.dart:29:6 - expected_token
  error - Key expressions in map patterns must be constants - lib\infrastructure\models\user_model.dart:29:6 - non_constant_map_pattern_key
  error - The function 'Default' isn't defined - lib\infrastructure\models\user_model.dart:29:6 - undefined_function
  error - Expected to find ':' - lib\infrastructure\models\user_model.dart:29:21 - expected_token
warning - The value of the local variable 'isEmailVerified' isn't used - lib\infrastructure\models\user_model.dart:29:26 - unused_local_variable
  error - Variable 'isEmailVerified' can't be declared in a pattern assignment - lib\infrastructure\models\user_model.dart:29:26 - pattern_assignment_declares_variable
  error - Expected an identifier - lib\infrastructure\models\user_model.dart:30:5 - missing_identifier
  error - Expected to find ':' - lib\infrastructure\models\user_model.dart:30:5 - expected_token
  error - Key expressions in map patterns must be constants - lib\infrastructure\models\user_model.dart:30:5 - non_constant_map_pattern_key
  error - Refutable patterns can't be used in an irrefutable context - lib\infrastructure\models\user_model.dart:30:5 - refutable_pattern_in_irrefutable_context
  error - Expected to find ',' - lib\infrastructure\models\user_model.dart:30:6 - expected_token
  error - Key expressions in map patterns must be constants - lib\infrastructure\models\user_model.dart:30:6 - non_constant_map_pattern_key
  error - The function 'Default' isn't defined - lib\infrastructure\models\user_model.dart:30:6 - undefined_function
  error - Expected to find ':' - lib\infrastructure\models\user_model.dart:30:21 - expected_token
warning - The value of the local variable 'isPremiumUser' isn't used - lib\infrastructure\models\user_model.dart:30:26 - unused_local_variable
  error - Variable 'isPremiumUser' can't be declared in a pattern assignment - lib\infrastructure\models\user_model.dart:30:26 - pattern_assignment_declares_variable
  error - In constant expressions, operands of this operator must be of type 'num' - lib\infrastructure\models\user_model.dart:31:5 - const_eval_type_num
  error - The operator '<' isn't defined for the type 'Type' - lib\infrastructure\models\user_model.dart:31:8 - undefined_operator
  error - Expected an identifier - lib\infrastructure\models\user_model.dart:31:15 - missing_identifier
  error - Expected to find ':' - lib\infrastructure\models\user_model.dart:31:15 - expected_token
  error - Refutable patterns can't be used in an irrefutable context - lib\infrastructure\models\user_model.dart:31:15 - refutable_pattern_in_irrefutable_context
  error - The operator '>' isn't defined for the type 'Type' - lib\infrastructure\models\user_model.dart:31:24 - undefined_operator
  error - Expected an identifier - lib\infrastructure\models\user_model.dart:31:25 - missing_identifier
  error - Key expressions in map patterns must be constants - lib\infrastructure\models\user_model.dart:31:25 - non_constant_map_pattern_key
  error - Undefined name 'settings' - lib\infrastructure\models\user_model.dart:31:27 - undefined_identifier
  error - Expected an identifier - lib\infrastructure\models\user_model.dart:31:35 - missing_identifier
  error - Expected to find ':' - lib\infrastructure\models\user_model.dart:31:35 - expected_token
  error - Refutable patterns can't be used in an irrefutable context - lib\infrastructure\models\user_model.dart:31:35 - refutable_pattern_in_irrefutable_context
  error - Undefined name '_UserModel' - lib\infrastructure\models\user_model.dart:32:8 - undefined_identifier
  error - Expected to find ';' - lib\infrastructure\models\user_model.dart:34:3 - expected_token
  error - The method 'fromJson' isn't defined for the type 'UserModel' - lib\infrastructure\models\user_model.dart:34:21 - undefined_method
  error - The operator '<' isn't defined for the type 'Type' - lib\infrastructure\models\user_model.dart:34:33 - undefined_operator
  error - The operator '>' isn't defined for the type 'Type' - lib\infrastructure\models\user_model.dart:34:49 - undefined_operator
  error - Undefined name 'json' - lib\infrastructure\models\user_model.dart:34:51 - undefined_identifier
  error - Expected to find ';' - lib\infrastructure\models\user_model.dart:34:55 - expected_token
  error - Expected an identifier - lib\infrastructure\models\user_model.dart:34:57 - missing_identifier
  error - Expected to find ';' - lib\infrastructure\models\user_model.dart:34:57 - expected_token
  error - Expected to find ';' - lib\infrastructure\models\user_model.dart:35:7 - expected_token
  error - Undefined name '_' - lib\infrastructure\models\user_model.dart:35:7 - undefined_identifier
  error - Expected an identifier - lib\infrastructure\models\user_model.dart:35:8 - missing_identifier
  error - Expected to find ';' - lib\infrastructure\models\user_model.dart:35:8 - expected_token
  error - The function '$UserModelFromJson' isn't defined - lib\infrastructure\models\user_model.dart:35:9 - undefined_function
  error - Undefined name 'json' - lib\infrastructure\models\user_model.dart:35:28 - undefined_identifier
  error - Expected to find ';' - lib\infrastructure\models\user_model.dart:37:3 - expected_token
  error - The method 'fromDomain' isn't defined for the type 'UserModel' - lib\infrastructure\models\user_model.dart:37:21 - undefined_method
  error - Expected to find ',' - lib\infrastructure\models\user_model.dart:37:44 - expected_token
  error - Undefined name 'profile' - lib\infrastructure\models\user_model.dart:37:44 - undefined_identifier
  error - Expected to find ';' - lib\infrastructure\models\user_model.dart:37:51 - expected_token
  error - The named parameter 'id' isn't defined - lib\infrastructure\models\user_model.dart:39:7 - undefined_named_parameter
  error - Undefined name 'profile' - lib\infrastructure\models\user_model.dart:39:11 - undefined_identifier
  error - The named parameter 'email' isn't defined - lib\infrastructure\models\user_model.dart:40:7 - undefined_named_parameter
  error - Undefined name 'profile' - lib\infrastructure\models\user_model.dart:40:14 - undefined_identifier
  error - The named parameter 'displayName' isn't defined - lib\infrastructure\models\user_model.dart:41:7 - undefined_named_parameter
  error - Undefined name 'profile' - lib\infrastructure\models\user_model.dart:41:20 - undefined_identifier
  error - The named parameter 'photoUrl' isn't defined - lib\infrastructure\models\user_model.dart:42:7 - undefined_named_parameter
  error - Undefined name 'profile' - lib\infrastructure\models\user_model.dart:42:17 - undefined_identifier
  error - The named parameter 'phoneNumber' isn't defined - lib\infrastructure\models\user_model.dart:43:7 - undefined_named_parameter
  error - Undefined name 'profile' - lib\infrastructure\models\user_model.dart:43:20 - undefined_identifier
  error - The named parameter 'skillLevel' isn't defined - lib\infrastructure\models\user_model.dart:44:7 - undefined_named_parameter
  error - Undefined name 'profile' - lib\infrastructure\models\user_model.dart:44:19 - undefined_identifier
  error - The named parameter 'dietaryRestrictions' isn't defined - lib\infrastructure\models\user_model.dart:45:7 - undefined_named_parameter
  error - Undefined name 'profile' - lib\infrastructure\models\user_model.dart:45:28 - undefined_identifier
  error - The named parameter 'allergies' isn't defined - lib\infrastructure\models\user_model.dart:46:7 - undefined_named_parameter
  error - Undefined name 'profile' - lib\infrastructure\models\user_model.dart:46:18 - undefined_identifier
  error - The named parameter 'favoriteIngredients' isn't defined - lib\infrastructure\models\user_model.dart:47:7 - undefined_named_parameter
  error - Undefined name 'profile' - lib\infrastructure\models\user_model.dart:47:28 - undefined_identifier
  error - The named parameter 'dislikedIngredients' isn't defined - lib\infrastructure\models\user_model.dart:48:7 - undefined_named_parameter
  error - Undefined name 'profile' - lib\infrastructure\models\user_model.dart:48:28 - undefined_identifier
  error - The named parameter 'kitchenEquipment' isn't defined - lib\infrastructure\models\user_model.dart:49:7 - undefined_named_parameter
  error - Undefined name 'profile' - lib\infrastructure\models\user_model.dart:49:25 - undefined_identifier
  error - The named parameter 'preferences' isn't defined - lib\infrastructure\models\user_model.dart:50:7 - undefined_named_parameter
  error - Undefined name 'profile' - lib\infrastructure\models\user_model.dart:51:27 - undefined_identifier
  error - Undefined name 'profile' - lib\infrastructure\models\user_model.dart:52:28 - undefined_identifier
  error - Undefined name 'profile' - lib\infrastructure\models\user_model.dart:53:29 - undefined_identifier
  error - Undefined name 'profile' - lib\infrastructure\models\user_model.dart:54:31 - undefined_identifier
  error - Undefined name 'profile' - lib\infrastructure\models\user_model.dart:55:30 - undefined_identifier
  error - Undefined name 'profile' - lib\infrastructure\models\user_model.dart:56:25 - undefined_identifier
  error - Undefined name 'profile' - lib\infrastructure\models\user_model.dart:57:29 - undefined_identifier
  error - Undefined name 'profile' - lib\infrastructure\models\user_model.dart:58:32 - undefined_identifier
  error - The named parameter 'nutritionalGoals' isn't defined - lib\infrastructure\models\user_model.dart:60:7 - undefined_named_parameter
  error - Undefined name 'profile' - lib\infrastructure\models\user_model.dart:61:26 - undefined_identifier
  error - Undefined name 'profile' - lib\infrastructure\models\user_model.dart:62:25 - undefined_identifier
  error - Undefined name 'profile' - lib\infrastructure\models\user_model.dart:63:23 - undefined_identifier
  error - Undefined name 'profile' - lib\infrastructure\models\user_model.dart:64:21 - undefined_identifier
  error - Undefined name 'profile' - lib\infrastructure\models\user_model.dart:65:23 - undefined_identifier
  error - Undefined name 'profile' - lib\infrastructure\models\user_model.dart:66:24 - undefined_identifier
  error - Undefined name 'profile' - lib\infrastructure\models\user_model.dart:67:26 - undefined_identifier
  error - Undefined name 'profile' - lib\infrastructure\models\user_model.dart:68:24 - undefined_identifier
  error - Undefined name 'profile' - lib\infrastructure\models\user_model.dart:69:24 - undefined_identifier
  error - The named parameter 'favoriteRecipes' isn't defined - lib\infrastructure\models\user_model.dart:71:7 - undefined_named_parameter
  error - Undefined name 'profile' - lib\infrastructure\models\user_model.dart:71:24 - undefined_identifier
  error - The named parameter 'savedCollections' isn't defined - lib\infrastructure\models\user_model.dart:72:7 - undefined_named_parameter
  error - Undefined name 'profile' - lib\infrastructure\models\user_model.dart:72:25 - undefined_identifier
  error - The named parameter 'createdAt' isn't defined - lib\infrastructure\models\user_model.dart:73:7 - undefined_named_parameter
  error - Undefined name 'profile' - lib\infrastructure\models\user_model.dart:73:18 - undefined_identifier
  error - The named parameter 'lastActiveAt' isn't defined - lib\infrastructure\models\user_model.dart:74:7 - undefined_named_parameter
  error - Undefined name 'profile' - lib\infrastructure\models\user_model.dart:74:21 - undefined_identifier
  error - The named parameter 'isEmailVerified' isn't defined - lib\infrastructure\models\user_model.dart:75:7 - undefined_named_parameter
  error - Undefined name 'profile' - lib\infrastructure\models\user_model.dart:75:24 - undefined_identifier
  error - The named parameter 'isPremiumUser' isn't defined - lib\infrastructure\models\user_model.dart:76:7 - undefined_named_parameter
  error - Undefined name 'profile' - lib\infrastructure\models\user_model.dart:76:22 - undefined_identifier
  error - The named parameter 'settings' isn't defined - lib\infrastructure\models\user_model.dart:77:7 - undefined_named_parameter
  error - Undefined name 'profile' - lib\infrastructure\models\user_model.dart:77:17 - undefined_identifier
   info - The imported package 'cloud_firestore' isn't a dependency of the importing package - lib\infrastructure\repositories\firebase_community_repository.dart:1:8 - depend_on_referenced_packages
  error - Target of URI doesn't exist: 'package:cloud_firestore/cloud_firestore.dart' - lib\infrastructure\repositories\firebase_community_repository.dart:1:8 - uri_does_not_exist
  error - Missing concrete implementations of 'abstract class CommunityRepository.getFeaturedRecipes', 'abstract class CommunityRepository.getRecipesByAuthor', 'abstract class CommunityRepository.publishRecipe', 'abstract class CommunityRepository.saveRecipe', and 1 more - lib\infrastructure\repositories\firebase_community_repository.dart:7:7 - non_abstract_class_inherits_abstract_member
  error - Undefined class 'FirebaseFirestore' - lib\infrastructure\repositories\firebase_community_repository.dart:8:9 - undefined_class
  error - Undefined name 'FirebaseFirestore' - lib\infrastructure\repositories\firebase_community_repository.dart:8:40 - undefined_identifier
  error - 'FirebaseCommunityRepository.shareRecipe' ('Future<void> Function(CommunityRecipe)') isn't a valid override of 'CommunityRepository.shareRecipe' ('Future<void> Function(String, String)') - lib\infrastructure\repositories\firebase_community_repository.dart:11:16 - invalid_override
  error - The getter 'id' isn't defined for the type 'CommunityRecipe' - lib\infrastructure\repositories\firebase_community_repository.dart:15:23 - undefined_getter
  error - The method 'toJson' isn't defined for the type 'CommunityRecipe' - lib\infrastructure\repositories\firebase_community_repository.dart:16:23 - undefined_method
  error - 'FirebaseCommunityRepository.getCommunityRecipes' ('Future<List<CommunityRecipe>> Function({String? category, int limit, String? searchQuery})') isn't a valid override of 'CommunityRepository.getCommunityRecipes' ('Future<List<CommunityRecipe>> Function({String? lastRecipeId, int limit})') - lib\infrastructure\repositories\firebase_community_repository.dart:23:33 - invalid_override
  error - Undefined class 'Query' - lib\infrastructure\repositories\firebase_community_repository.dart:29:7 - undefined_class
   info - Use interpolation to compose strings and values - lib\infrastructure\repositories\firebase_community_repository.dart:41:50 - prefer_interpolation_to_compose_strings
warning - The method doesn't override an inherited method - lib\infrastructure\repositories\firebase_community_repository.dart:55:33 - override_on_non_overriding_member
warning - The method doesn't override an inherited method - lib\infrastructure\repositories\firebase_community_repository.dart:74:33 - override_on_non_overriding_member
  error - Undefined name 'FieldValue' - lib\infrastructure\repositories\firebase_community_repository.dart:104:20 - undefined_identifier
  error - Undefined name 'FieldValue' - lib\infrastructure\repositories\firebase_community_repository.dart:113:23 - undefined_identifier
  error - Undefined name 'FieldValue' - lib\infrastructure\repositories\firebase_community_repository.dart:114:18 - undefined_identifier
warning - The method doesn't override an inherited method - lib\infrastructure\repositories\firebase_community_repository.dart:124:16 - override_on_non_overriding_member
  error - Undefined name 'FieldValue' - lib\infrastructure\repositories\firebase_community_repository.dart:143:23 - undefined_identifier
  error - Undefined name 'FieldValue' - lib\infrastructure\repositories\firebase_community_repository.dart:144:18 - undefined_identifier
  error - 'FirebaseCommunityRepository.addComment' ('Future<void> Function(String, String, String)') isn't a valid override of 'CommunityRepository.addComment' ('Future<void> Function(String, RecipeComment)') - lib\infrastructure\repositories\firebase_community_repository.dart:154:16 - invalid_override
  error - Undefined name 'FieldValue' - lib\infrastructure\repositories\firebase_community_repository.dart:163:22 - undefined_identifier
  error - Undefined name 'FieldValue' - lib\infrastructure\repositories\firebase_community_repository.dart:171:26 - undefined_identifier
  error - 'FirebaseCommunityRepository.getComments' ('Future<List<Map<String, dynamic>>> Function(String)') isn't a valid override of 'CommunityRepository.getComments' ('Future<List<RecipeComment>> Function(String)') - lib\infrastructure\repositories\firebase_community_repository.dart:179:38 - invalid_override
warning - The method doesn't override an inherited method - lib\infrastructure\repositories\firebase_community_repository.dart:198:16 - override_on_non_overriding_member
  error - Undefined name 'FieldValue' - lib\infrastructure\repositories\firebase_community_repository.dart:208:22 - undefined_identifier
warning - The method doesn't override an inherited method - lib\infrastructure\repositories\firebase_community_repository.dart:216:16 - override_on_non_overriding_member
  error - Undefined class 'Query' - lib\infrastructure\repositories\firebase_community_repository.dart:236:5 - undefined_class
warning - The method doesn't override an inherited method - lib\infrastructure\repositories\firebase_community_repository.dart:253:24 - override_on_non_overriding_member
  error - Undefined name 'Timestamp' - lib\infrastructure\repositories\firebase_community_repository.dart:258:46 - undefined_identifier
   info - The imported package 'cloud_firestore' isn't a dependency of the importing package - lib\infrastructure\repositories\firebase_meal_plan_repository.dart:1:8 - depend_on_referenced_packages
  error - Target of URI doesn't exist: 'package:cloud_firestore/cloud_firestore.dart' - lib\infrastructure\repositories\firebase_meal_plan_repository.dart:1:8 - uri_does_not_exist
  error - Missing concrete implementations of 'abstract class MealPlanRepository.generateMealPlan' and 'abstract class MealPlanRepository.markMealAsCooked' - lib\infrastructure\repositories\firebase_meal_plan_repository.dart:8:7 - non_abstract_class_inherits_abstract_member
  error - Undefined class 'FirebaseFirestore' - lib\infrastructure\repositories\firebase_meal_plan_repository.dart:9:9 - undefined_class
  error - Undefined name 'FirebaseFirestore' - lib\infrastructure\repositories\firebase_meal_plan_repository.dart:9:40 - undefined_identifier
  error - The method 'fromDomain' isn't defined for the type 'MealPlanModel' - lib\infrastructure\repositories\firebase_meal_plan_repository.dart:14:35 - undefined_method
  error - The getter 'id' isn't defined for the type 'MealPlan' - lib\infrastructure\repositories\firebase_meal_plan_repository.dart:17:25 - undefined_getter
  error - The method 'fromJson' isn't defined for the type 'MealPlanModel' - lib\infrastructure\repositories\firebase_meal_plan_repository.dart:33:37 - undefined_method
  error - The method 'fromJson' isn't defined for the type 'MealPlanModel' - lib\infrastructure\repositories\firebase_meal_plan_repository.dart:52:37 - undefined_method
warning - The method doesn't override an inherited method - lib\infrastructure\repositories\firebase_meal_plan_repository.dart:61:26 - override_on_non_overriding_member
  error - The method 'fromJson' isn't defined for the type 'MealPlanModel' - lib\infrastructure\repositories\firebase_meal_plan_repository.dart:71:37 - undefined_method
warning - The method doesn't override an inherited method - lib\infrastructure\repositories\firebase_meal_plan_repository.dart:80:21 - override_on_non_overriding_member
  error - Undefined name 'Timestamp' - lib\infrastructure\repositories\firebase_meal_plan_repository.dart:87:52 - undefined_identifier
  error - Undefined name 'Timestamp' - lib\infrastructure\repositories\firebase_meal_plan_repository.dart:88:53 - undefined_identifier
  error - The method 'fromJson' isn't defined for the type 'MealPlanModel' - lib\infrastructure\repositories\firebase_meal_plan_repository.dart:94:37 - undefined_method
  error - The method 'fromDomain' isn't defined for the type 'MealPlanModel' - lib\infrastructure\repositories\firebase_meal_plan_repository.dart:106:35 - undefined_method
  error - The getter 'id' isn't defined for the type 'MealPlan' - lib\infrastructure\repositories\firebase_meal_plan_repository.dart:109:25 - undefined_getter
warning - The method doesn't override an inherited method - lib\infrastructure\repositories\firebase_meal_plan_repository.dart:129:16 - override_on_non_overriding_member
warning - The method doesn't override an inherited method - lib\infrastructure\repositories\firebase_meal_plan_repository.dart:157:26 - override_on_non_overriding_member
  error - Undefined name 'Timestamp' - lib\infrastructure\repositories\firebase_meal_plan_repository.dart:162:52 - undefined_identifier
  error - Undefined name 'Timestamp' - lib\infrastructure\repositories\firebase_meal_plan_repository.dart:163:53 - undefined_identifier
  error - The method 'fromJson' isn't defined for the type 'MealPlanModel' - lib\infrastructure\repositories\firebase_meal_plan_repository.dart:168:37 - undefined_method
  error - The method 'fromJson' isn't defined for the type 'MealPlanModel' - lib\infrastructure\repositories\firebase_meal_plan_repository.dart:185:37 - undefined_method
warning - The method doesn't override an inherited method - lib\infrastructure\repositories\firebase_meal_plan_repository.dart:192:21 - override_on_non_overriding_member
  error - Undefined name 'Timestamp' - lib\infrastructure\repositories\firebase_meal_plan_repository.dart:198:50 - undefined_identifier
  error - Undefined name 'Timestamp' - lib\infrastructure\repositories\firebase_meal_plan_repository.dart:199:51 - undefined_identifier
  error - The method 'fromJson' isn't defined for the type 'MealPlanModel' - lib\infrastructure\repositories\firebase_meal_plan_repository.dart:204:37 - undefined_method
   info - The imported package 'cloud_firestore' isn't a dependency of the importing package - lib\infrastructure\repositories\firebase_pantry_repository.dart:1:8 - depend_on_referenced_packages
  error - Target of URI doesn't exist: 'package:cloud_firestore/cloud_firestore.dart' - lib\infrastructure\repositories\firebase_pantry_repository.dart:1:8 - uri_does_not_exist
  error - Missing concrete implementations of 'abstract class PantryRepository.generateShoppingList', 'abstract class PantryRepository.getPantryItems', and 'abstract class PantryRepository.searchPantryItems' - lib\infrastructure\repositories\firebase_pantry_repository.dart:8:7 - non_abstract_class_inherits_abstract_member
  error - Undefined class 'FirebaseFirestore' - lib\infrastructure\repositories\firebase_pantry_repository.dart:9:9 - undefined_class
  error - Undefined name 'FirebaseFirestore' - lib\infrastructure\repositories\firebase_pantry_repository.dart:9:40 - undefined_identifier
  error - 'FirebasePantryRepository.addPantryItem' ('Future<void> Function(String, PantryItem)') isn't a valid override of 'PantryRepository.addPantryItem' ('Future<void> Function(PantryItem)') - lib\infrastructure\repositories\firebase_pantry_repository.dart:12:16 - invalid_override
  error - The method 'fromDomain' isn't defined for the type 'PantryModel' - lib\infrastructure\repositories\firebase_pantry_repository.dart:14:33 - undefined_method
  error - The getter 'id' isn't defined for the type 'PantryItem' - lib\infrastructure\repositories\firebase_pantry_repository.dart:19:21 - undefined_getter
  error - 'FirebasePantryRepository.updatePantryItem' ('Future<void> Function(String, PantryItem)') isn't a valid override of 'PantryRepository.updatePantryItem' ('Future<void> Function(PantryItem)') - lib\infrastructure\repositories\firebase_pantry_repository.dart:27:16 - invalid_override
  error - The method 'fromDomain' isn't defined for the type 'PantryModel' - lib\infrastructure\repositories\firebase_pantry_repository.dart:29:33 - undefined_method
  error - The getter 'id' isn't defined for the type 'PantryItem' - lib\infrastructure\repositories\firebase_pantry_repository.dart:34:21 - undefined_getter
  error - 'FirebasePantryRepository.deletePantryItem' ('Future<void> Function(String, String)') isn't a valid override of 'PantryRepository.deletePantryItem' ('Future<void> Function(String)') - lib\infrastructure\repositories\firebase_pantry_repository.dart:42:16 - invalid_override
warning - The method doesn't override an inherited method - lib\infrastructure\repositories\firebase_pantry_repository.dart:56:23 - override_on_non_overriding_member
  error - The method 'fromJson' isn't defined for the type 'PantryModel' - lib\infrastructure\repositories\firebase_pantry_repository.dart:66:35 - undefined_method
warning - The method doesn't override an inherited method - lib\infrastructure\repositories\firebase_pantry_repository.dart:76:28 - override_on_non_overriding_member
  error - The method 'fromJson' isn't defined for the type 'PantryModel' - lib\infrastructure\repositories\firebase_pantry_repository.dart:86:35 - undefined_method
warning - The method doesn't override an inherited method - lib\infrastructure\repositories\firebase_pantry_repository.dart:95:28 - override_on_non_overriding_member
  error - The method 'fromJson' isn't defined for the type 'PantryModel' - lib\infrastructure\repositories\firebase_pantry_repository.dart:106:35 - undefined_method
  error - 'FirebasePantryRepository.getExpiringItems' ('Future<List<PantryItem>> Function(String, {int daysFromNow})') isn't a valid override of 'PantryRepository.getExpiringItems' ('Future<List<PantryItem>> Function(String, int)') - lib\infrastructure\repositories\firebase_pantry_repository.dart:115:28 - invalid_override
  error - Undefined name 'Timestamp' - lib\infrastructure\repositories\firebase_pantry_repository.dart:123:53 - undefined_identifier
  error - The method 'fromJson' isn't defined for the type 'PantryModel' - lib\infrastructure\repositories\firebase_pantry_repository.dart:128:35 - undefined_method
warning - The method doesn't override an inherited method - lib\infrastructure\repositories\firebase_pantry_repository.dart:137:28 - override_on_non_overriding_member
  error - The method 'fromJson' isn't defined for the type 'PantryModel' - lib\infrastructure\repositories\firebase_pantry_repository.dart:148:35 - undefined_method
warning - The method doesn't override an inherited method - lib\infrastructure\repositories\firebase_pantry_repository.dart:157:16 - override_on_non_overriding_member
  error - Undefined name 'FieldValue' - lib\infrastructure\repositories\firebase_pantry_repository.dart:166:22 - undefined_identifier
warning - The method doesn't override an inherited method - lib\infrastructure\repositories\firebase_pantry_repository.dart:174:16 - override_on_non_overriding_member
  error - Undefined name 'FieldValue' - lib\infrastructure\repositories\firebase_pantry_repository.dart:183:22 - undefined_identifier
  error - The method 'fromJson' isn't defined for the type 'PantryModel' - lib\infrastructure\repositories\firebase_pantry_repository.dart:200:35 - undefined_method
warning - The method doesn't override an inherited method - lib\infrastructure\repositories\firebase_pantry_repository.dart:207:24 - override_on_non_overriding_member
   info - The imported package 'cloud_firestore' isn't a dependency of the importing package - lib\infrastructure\repositories\firebase_recipe_repository.dart:1:8 - depend_on_referenced_packages
  error - Target of URI doesn't exist: 'package:cloud_firestore/cloud_firestore.dart' - lib\infrastructure\repositories\firebase_recipe_repository.dart:1:8 - uri_does_not_exist
  error - Undefined class 'FirebaseFirestore' - lib\infrastructure\repositories\firebase_recipe_repository.dart:9:9 - undefined_class
  error - Undefined name 'FirebaseFirestore' - lib\infrastructure\repositories\firebase_recipe_repository.dart:9:40 - undefined_identifier
  error - The method 'fromDomain' isn't defined for the type 'RecipeModel' - lib\infrastructure\repositories\firebase_recipe_repository.dart:14:33 - undefined_method
  error - The getter 'id' isn't defined for the type 'Recipe' - lib\infrastructure\repositories\firebase_recipe_repository.dart:17:23 - undefined_getter
  error - The method 'fromJson' isn't defined for the type 'RecipeModel' - lib\infrastructure\repositories\firebase_recipe_repository.dart:33:35 - undefined_method
  error - The method 'fromJson' isn't defined for the type 'RecipeModel' - lib\infrastructure\repositories\firebase_recipe_repository.dart:52:35 - undefined_method
  error - The method 'fromJson' isn't defined for the type 'RecipeModel' - lib\infrastructure\repositories\firebase_recipe_repository.dart:72:35 - undefined_method
  error - The method 'fromDomain' isn't defined for the type 'RecipeModel' - lib\infrastructure\repositories\firebase_recipe_repository.dart:95:33 - undefined_method
  error - The getter 'id' isn't defined for the type 'Recipe' - lib\infrastructure\repositories\firebase_recipe_repository.dart:98:23 - undefined_getter
  error - The method 'fromJson' isn't defined for the type 'RecipeModel' - lib\infrastructure\repositories\firebase_recipe_repository.dart:115:35 - undefined_method
  error - The method 'fromJson' isn't defined for the type 'RecipeModel' - lib\infrastructure\repositories\firebase_recipe_repository.dart:224:35 - undefined_method
   info - The imported package 'cloud_firestore' isn't a dependency of the importing package - lib\infrastructure\repositories\firebase_user_repository.dart:1:8 - depend_on_referenced_packages
  error - Target of URI doesn't exist: 'package:cloud_firestore/cloud_firestore.dart' - lib\infrastructure\repositories\firebase_user_repository.dart:1:8 - uri_does_not_exist
  error - Undefined class 'FirebaseFirestore' - lib\infrastructure\repositories\firebase_user_repository.dart:9:9 - undefined_class
  error - Undefined name 'FirebaseFirestore' - lib\infrastructure\repositories\firebase_user_repository.dart:9:40 - undefined_identifier
  error - The method 'fromDomain' isn't defined for the type 'UserModel' - lib\infrastructure\repositories\firebase_user_repository.dart:14:31 - undefined_method
  error - The getter 'id' isn't defined for the type 'UserProfile' - lib\infrastructure\repositories\firebase_user_repository.dart:17:24 - undefined_getter
  error - The method 'fromJson' isn't defined for the type 'UserModel' - lib\infrastructure\repositories\firebase_user_repository.dart:33:33 - undefined_method
  error - The method 'fromDomain' isn't defined for the type 'UserModel' - lib\infrastructure\repositories\firebase_user_repository.dart:45:31 - undefined_method
  error - The getter 'id' isn't defined for the type 'UserProfile' - lib\infrastructure\repositories\firebase_user_repository.dart:48:24 - undefined_getter
  error - The method 'fromJson' isn't defined for the type 'UserModel' - lib\infrastructure\repositories\firebase_user_repository.dart:78:33 - undefined_method
  error - Undefined name 'FieldValue' - lib\infrastructure\repositories\firebase_user_repository.dart:93:22 - undefined_identifier
  error - Undefined name 'FieldValue' - lib\infrastructure\repositories\firebase_user_repository.dart:98:22 - undefined_identifier
  error - Undefined name 'FieldValue' - lib\infrastructure\repositories\firebase_user_repository.dart:114:22 - undefined_identifier
  error - Undefined name 'FieldValue' - lib\infrastructure\repositories\firebase_user_repository.dart:119:22 - undefined_identifier
  error - The method 'fromJson' isn't defined for the type 'UserModel' - lib\infrastructure\repositories\firebase_user_repository.dart:170:33 - undefined_method
   info - The imported package 'firebase_auth' isn't a dependency of the importing package - lib\infrastructure\services\firebase_auth_service.dart:1:8 - depend_on_referenced_packages
  error - Target of URI doesn't exist: 'package:firebase_auth/firebase_auth.dart' - lib\infrastructure\services\firebase_auth_service.dart:1:8 - uri_does_not_exist
   info - The imported package 'google_sign_in' isn't a dependency of the importing package - lib\infrastructure\services\firebase_auth_service.dart:2:8 - depend_on_referenced_packages
  error - Target of URI doesn't exist: 'package:google_sign_in/google_sign_in.dart' - lib\infrastructure\services\firebase_auth_service.dart:2:8 - uri_does_not_exist
  error - Missing concrete implementations of 'abstract class AuthenticationService.getCurrentUser' and 'abstract class AuthenticationService.isSignedIn' - lib\infrastructure\services\firebase_auth_service.dart:8:7 - non_abstract_class_inherits_abstract_member
  error - Undefined class 'FirebaseAuth' - lib\infrastructure\services\firebase_auth_service.dart:9:9 - undefined_class
  error - Undefined name 'FirebaseAuth' - lib\infrastructure\services\firebase_auth_service.dart:9:38 - undefined_identifier
  error - Undefined class 'GoogleSignIn' - lib\infrastructure\services\firebase_auth_service.dart:10:9 - undefined_class
  error - The method 'GoogleSignIn' isn't defined for the type 'FirebaseAuthService' - lib\infrastructure\services\firebase_auth_service.dart:10:38 - undefined_method
warning - The getter doesn't override an inherited getter - lib\infrastructure\services\firebase_auth_service.dart:21:28 - override_on_non_overriding_member
  error - The name 'FirebaseAuthException' isn't a type and can't be used in an on-catch clause - lib\infrastructure\services\firebase_auth_service.dart:37:10 - non_type_in_catch_clause
  error - The name 'FirebaseAuthException' isn't a type and can't be used in an on-catch clause - lib\infrastructure\services\firebase_auth_service.dart:62:10 - non_type_in_catch_clause
  error - Undefined class 'GoogleSignInAccount' - lib\infrastructure\services\firebase_auth_service.dart:72:13 - undefined_class
  error - Undefined class 'GoogleSignInAuthentication' - lib\infrastructure\services\firebase_auth_service.dart:75:13 - undefined_class
  error - Undefined name 'GoogleAuthProvider' - lib\infrastructure\services\firebase_auth_service.dart:77:26 - undefined_identifier
  error - The name 'FirebaseAuthException' isn't a type and can't be used in an on-catch clause - lib\infrastructure\services\firebase_auth_service.dart:86:10 - non_type_in_catch_clause
  error - The name 'FirebaseAuthException' isn't a type and can't be used in an on-catch clause - lib\infrastructure\services\firebase_auth_service.dart:109:10 - non_type_in_catch_clause
  error - 'FirebaseAuthService.updateProfile' ('Future<void> Function({String? displayName, String? photoUrl})') isn't a valid override of 'AuthenticationService.updateProfile' ('Future<void> Function(UserProfile)') - lib\infrastructure\services\firebase_auth_service.dart:117:16 - invalid_override
  error - The name 'FirebaseAuthException' isn't a type and can't be used in an on-catch clause - lib\infrastructure\services\firebase_auth_service.dart:133:10 - non_type_in_catch_clause
warning - The method doesn't override an inherited method - lib\infrastructure\services\firebase_auth_service.dart:141:16 - override_on_non_overriding_member
  error - The name 'FirebaseAuthException' isn't a type and can't be used in an on-catch clause - lib\infrastructure\services\firebase_auth_service.dart:149:10 - non_type_in_catch_clause
warning - The method doesn't override an inherited method - lib\infrastructure\services\firebase_auth_service.dart:157:16 - override_on_non_overriding_member
  error - The name 'FirebaseAuthException' isn't a type and can't be used in an on-catch clause - lib\infrastructure\services\firebase_auth_service.dart:165:10 - non_type_in_catch_clause
  error - The name 'FirebaseAuthException' isn't a type and can't be used in an on-catch clause - lib\infrastructure\services\firebase_auth_service.dart:181:10 - non_type_in_catch_clause
warning - The method doesn't override an inherited method - lib\infrastructure\services\firebase_auth_service.dart:192:16 - override_on_non_overriding_member
  error - The name 'FirebaseAuthException' isn't a type and can't be used in an on-catch clause - lib\infrastructure\services\firebase_auth_service.dart:202:10 - non_type_in_catch_clause
  error - Undefined class 'User' - lib\infrastructure\services\firebase_auth_service.dart:209:45 - undefined_class
  error - Undefined class 'FirebaseAuthException' - lib\infrastructure\services\firebase_auth_service.dart:244:53 - undefined_class
   info - The imported package 'hive_flutter' isn't a dependency of the importing package - lib\infrastructure\services\hive_storage_service.dart:1:8 - depend_on_referenced_packages
  error - Target of URI doesn't exist: 'package:hive_flutter/hive_flutter.dart' - lib\infrastructure\services\hive_storage_service.dart:1:8 - uri_does_not_exist
  error - Undefined class 'Box' - lib\infrastructure\services\hive_storage_service.dart:11:3 - undefined_class
  error - Undefined class 'Box' - lib\infrastructure\services\hive_storage_service.dart:12:3 - undefined_class
  error - Undefined class 'Box' - lib\infrastructure\services\hive_storage_service.dart:13:3 - undefined_class
  error - Undefined class 'Box' - lib\infrastructure\services\hive_storage_service.dart:14:3 - undefined_class
  error - Undefined name 'Hive' - lib\infrastructure\services\hive_storage_service.dart:21:13 - undefined_identifier
  error - Undefined name 'Hive' - lib\infrastructure\services\hive_storage_service.dart:23:27 - undefined_identifier
  error - Undefined name 'Hive' - lib\infrastructure\services\hive_storage_service.dart:24:24 - undefined_identifier
  error - Undefined name 'Hive' - lib\infrastructure\services\hive_storage_service.dart:25:31 - undefined_identifier
  error - Undefined name 'Hive' - lib\infrastructure\services\hive_storage_service.dart:26:25 - undefined_identifier
  error - The getter 'id' isn't defined for the type 'Recipe' - lib\infrastructure\services\hive_storage_service.dart:38:37 - undefined_getter
  error - The method 'toJson' isn't defined for the type 'Recipe' - lib\infrastructure\services\hive_storage_service.dart:38:48 - undefined_method
  error - The method 'toJson' isn't defined for the type 'UserProfile' - lib\infrastructure\services\hive_storage_service.dart:81:46 - undefined_method
   info - The imported package 'dio' isn't a dependency of the importing package - lib\infrastructure\services\openai_client.dart:1:8 - depend_on_referenced_packages
  error - Target of URI doesn't exist: 'package:dio/dio.dart' - lib\infrastructure\services\openai_client.dart:1:8 - uri_does_not_exist
  error - Undefined class 'Dio' - lib\infrastructure\services\openai_client.dart:13:14 - undefined_class
  error - The method 'Dio' isn't defined for the type 'OpenAIClient' - lib\infrastructure\services\openai_client.dart:19:12 - undefined_method
  error - The method 'BaseOptions' isn't defined for the type 'OpenAIClient' - lib\infrastructure\services\openai_client.dart:19:16 - undefined_method
  error - The name 'DioException' isn't a type and can't be used in an on-catch clause - lib\infrastructure\services\openai_client.dart:72:10 - non_type_in_catch_clause
  error - The getter 'dietaryRestrictions' isn't defined for the type 'UserProfile' - lib\infrastructure\services\openai_client.dart:104:23 - undefined_getter
  error - The getter 'allergies' isn't defined for the type 'UserProfile' - lib\infrastructure\services\openai_client.dart:107:23 - undefined_getter
  error - Undefined class 'DioException' - lib\infrastructure\services\openai_client.dart:157:36 - undefined_class
   info - The imported package 'flutter_riverpod' isn't a dependency of the importing package - lib\main.dart:2:8 - depend_on_referenced_packages
  error - Target of URI doesn't exist: 'package:flutter_riverpod/flutter_riverpod.dart' - lib\main.dart:2:8 - uri_does_not_exist
   info - The imported package 'firebase_core' isn't a dependency of the importing package - lib\main.dart:3:8 - depend_on_referenced_packages
  error - Target of URI doesn't exist: 'package:firebase_core/firebase_core.dart' - lib\main.dart:3:8 - uri_does_not_exist
   info - The imported package 'hive_flutter' isn't a dependency of the importing package - lib\main.dart:4:8 - depend_on_referenced_packages
  error - Target of URI doesn't exist: 'package:hive_flutter/hive_flutter.dart' - lib\main.dart:4:8 - uri_does_not_exist
  error - Undefined name 'Firebase' - lib\main.dart:15:9 - undefined_identifier
  error - Undefined name 'Hive' - lib\main.dart:18:9 - undefined_identifier
  error - Instance member 'initialize' can't be accessed using static access - lib\main.dart:19:29 - static_access_to_instance_member
  error - The name 'ProviderScope' isn't a class - lib\main.dart:21:16 - creation_with_non_type
  error - Classes can only extend other classes - lib\main.dart:24:27 - extends_non_class
  error - No associated named super constructor parameter - lib\main.dart:25:28 - super_formal_parameter_without_associated_named
warning - The method doesn't override an inherited method - lib\main.dart:28:10 - override_on_non_overriding_member
  error - Undefined class 'WidgetRef' - lib\main.dart:28:38 - undefined_class
  error - The name 'routerProvider' is defined in the libraries 'package:chefmind_ai/core/providers/app_providers.dart' and 'package:chefmind_ai/core/router/app_router.dart' - lib\main.dart:29:30 - ambiguous_import
   info - The imported package 'flutter_riverpod' isn't a dependency of the importing package - lib\presentation\screens\auth\forgot_password_screen.dart:2:8 - depend_on_referenced_packages
  error - Target of URI doesn't exist: 'package:flutter_riverpod/flutter_riverpod.dart' - lib\presentation\screens\auth\forgot_password_screen.dart:2:8 - uri_does_not_exist
   info - The imported package 'go_router' isn't a dependency of the importing package - lib\presentation\screens\auth\forgot_password_screen.dart:3:8 - depend_on_referenced_packages
  error - Target of URI doesn't exist: 'package:go_router/go_router.dart' - lib\presentation\screens\auth\forgot_password_screen.dart:3:8 - uri_does_not_exist
  error - Classes can only extend other classes - lib\presentation\screens\auth\forgot_password_screen.dart:11:36 - extends_non_class
  error - No associated named super constructor parameter - lib\presentation\screens\auth\forgot_password_screen.dart:12:37 - super_formal_parameter_without_associated_named
  error - Undefined class 'ConsumerState' - lib\presentation\screens\auth\forgot_password_screen.dart:15:3 - undefined_class
warning - The method doesn't override an inherited method - lib\presentation\screens\auth\forgot_password_screen.dart:15:39 - override_on_non_overriding_member
  error - Classes can only extend other classes - lib\presentation\screens\auth\forgot_password_screen.dart:18:42 - extends_non_class
warning - The method doesn't override an inherited method - lib\presentation\screens\auth\forgot_password_screen.dart:23:8 - override_on_non_overriding_member
  error - The method 'dispose' isn't defined in a superclass of '_ForgotPasswordScreenState' - lib\presentation\screens\auth\forgot_password_screen.dart:25:11 - undefined_super_member
warning - The method doesn't override an inherited method - lib\presentation\screens\auth\forgot_password_screen.dart:29:10 - override_on_non_overriding_member
  error - Undefined name 'ref' - lib\presentation\screens\auth\forgot_password_screen.dart:30:23 - undefined_identifier
  error - Undefined name 'ref' - lib\presentation\screens\auth\forgot_password_screen.dart:33:5 - undefined_identifier
  error - The method 'go' isn't defined for the type 'BuildContext' - lib\presentation\screens\auth\forgot_password_screen.dart:42:19 - undefined_method
   info - 'withOpacity' is deprecated and shouldn't be used. Use .withValues() to avoid precision loss - lib\presentation\screens\auth\forgot_password_screen.dart:91:56 - deprecated_member_use
  error - The method 'go' isn't defined for the type 'BuildContext' - lib\presentation\screens\auth\forgot_password_screen.dart:131:48 - undefined_method
  error - Undefined name 'ref' - lib\presentation\screens\auth\forgot_password_screen.dart:152:7 - undefined_identifier
   info - The imported package 'flutter_riverpod' isn't a dependency of the importing package - lib\presentation\screens\auth\login_screen.dart:2:8 - depend_on_referenced_packages
  error - Target of URI doesn't exist: 'package:flutter_riverpod/flutter_riverpod.dart' - lib\presentation\screens\auth\login_screen.dart:2:8 - uri_does_not_exist
   info - The imported package 'go_router' isn't a dependency of the importing package - lib\presentation\screens\auth\login_screen.dart:3:8 - depend_on_referenced_packages
  error - Target of URI doesn't exist: 'package:go_router/go_router.dart' - lib\presentation\screens\auth\login_screen.dart:3:8 - uri_does_not_exist
  error - Classes can only extend other classes - lib\presentation\screens\auth\login_screen.dart:11:27 - extends_non_class
  error - No associated named super constructor parameter - lib\presentation\screens\auth\login_screen.dart:12:28 - super_formal_parameter_without_associated_named
  error - Undefined class 'ConsumerState' - lib\presentation\screens\auth\login_screen.dart:15:3 - undefined_class
warning - The method doesn't override an inherited method - lib\presentation\screens\auth\login_screen.dart:15:30 - override_on_non_overriding_member
  error - Classes can only extend other classes - lib\presentation\screens\auth\login_screen.dart:18:33 - extends_non_class
warning - The method doesn't override an inherited method - lib\presentation\screens\auth\login_screen.dart:25:8 - override_on_non_overriding_member
  error - The method 'dispose' isn't defined in a superclass of '_LoginScreenState' - lib\presentation\screens\auth\login_screen.dart:28:11 - undefined_super_member
warning - The method doesn't override an inherited method - lib\presentation\screens\auth\login_screen.dart:32:10 - override_on_non_overriding_member
  error - Undefined name 'ref' - lib\presentation\screens\auth\login_screen.dart:33:23 - undefined_identifier
  error - Undefined name 'ref' - lib\presentation\screens\auth\login_screen.dart:36:5 - undefined_identifier
  error - The method 'go' isn't defined for the type 'BuildContext' - lib\presentation\screens\auth\login_screen.dart:39:19 - undefined_method
   info - 'withOpacity' is deprecated and shouldn't be used. Use .withValues() to avoid precision loss - lib\presentation\screens\auth\login_screen.dart:88:54 - deprecated_member_use
  error - The method 'setState' isn't defined for the type '_LoginScreenState' - lib\presentation\screens\auth\login_screen.dart:122:42 - undefined_method
  error - The method 'push' isn't defined for the type 'BuildContext' - lib\presentation\screens\auth\login_screen.dart:135:50 - undefined_method
   info - 'withOpacity' is deprecated and shouldn't be used. Use .withValues() to avoid precision loss - lib\presentation\screens\auth\login_screen.dart:167:68 - deprecated_member_use
  error - The method 'push' isn't defined for the type 'BuildContext' - lib\presentation\screens\auth\login_screen.dart:199:52 - undefined_method
  error - Undefined name 'ref' - lib\presentation\screens\auth\login_screen.dart:222:7 - undefined_identifier
  error - Undefined name 'ref' - lib\presentation\screens\auth\login_screen.dart:230:5 - undefined_identifier
   info - The imported package 'flutter_riverpod' isn't a dependency of the importing package - lib\presentation\screens\auth\register_screen.dart:2:8 - depend_on_referenced_packages
  error - Target of URI doesn't exist: 'package:flutter_riverpod/flutter_riverpod.dart' - lib\presentation\screens\auth\register_screen.dart:2:8 - uri_does_not_exist
   info - The imported package 'go_router' isn't a dependency of the importing package - lib\presentation\screens\auth\register_screen.dart:3:8 - depend_on_referenced_packages
  error - Target of URI doesn't exist: 'package:go_router/go_router.dart' - lib\presentation\screens\auth\register_screen.dart:3:8 - uri_does_not_exist
  error - Classes can only extend other classes - lib\presentation\screens\auth\register_screen.dart:11:30 - extends_non_class
  error - No associated named super constructor parameter - lib\presentation\screens\auth\register_screen.dart:12:31 - super_formal_parameter_without_associated_named
  error - Undefined class 'ConsumerState' - lib\presentation\screens\auth\register_screen.dart:15:3 - undefined_class
warning - The method doesn't override an inherited method - lib\presentation\screens\auth\register_screen.dart:15:33 - override_on_non_overriding_member
  error - Classes can only extend other classes - lib\presentation\screens\auth\register_screen.dart:18:36 - extends_non_class
warning - The method doesn't override an inherited method - lib\presentation\screens\auth\register_screen.dart:29:8 - override_on_non_overriding_member
  error - The method 'dispose' isn't defined in a superclass of '_RegisterScreenState' - lib\presentation\screens\auth\register_screen.dart:34:11 - undefined_super_member
warning - The method doesn't override an inherited method - lib\presentation\screens\auth\register_screen.dart:38:10 - override_on_non_overriding_member
  error - Undefined name 'ref' - lib\presentation\screens\auth\register_screen.dart:39:23 - undefined_identifier
  error - Undefined name 'ref' - lib\presentation\screens\auth\register_screen.dart:42:5 - undefined_identifier
  error - The method 'go' isn't defined for the type 'BuildContext' - lib\presentation\screens\auth\register_screen.dart:45:19 - undefined_method
   info - 'withOpacity' is deprecated and shouldn't be used. Use .withValues() to avoid precision loss - lib\presentation\screens\auth\register_screen.dart:86:56 - deprecated_member_use
  error - The method 'validateRequired' isn't defined for the type 'Validators' - lib\presentation\screens\auth\register_screen.dart:98:52 - undefined_method
  error - The method 'setState' isn't defined for the type '_RegisterScreenState' - lib\presentation\screens\auth\register_screen.dart:125:38 - undefined_method
  error - The method 'setState' isn't defined for the type '_RegisterScreenState' - lib\presentation\screens\auth\register_screen.dart:143:38 - undefined_method
  error - The method 'setState' isn't defined for the type '_RegisterScreenState' - lib\presentation\screens\auth\register_screen.dart:158:45 - undefined_method
  error - The method 'setState' isn't defined for the type '_RegisterScreenState' - lib\presentation\screens\auth\register_screen.dart:162:38 - undefined_method
  error - The method 'go' isn't defined for the type 'BuildContext' - lib\presentation\screens\auth\register_screen.dart:228:48 - undefined_method
  error - Undefined name 'ref' - lib\presentation\screens\auth\register_screen.dart:259:7 - undefined_identifier
  error - Undefined name 'ref' - lib\presentation\screens\auth\register_screen.dart:269:7 - undefined_identifier
  error - Undefined name 'context' - lib\presentation\screens\auth\register_screen.dart:271:28 - undefined_identifier
   info - The imported package 'flutter_riverpod' isn't a dependency of the importing package - lib\presentation\screens\community\challenges_screen.dart:2:8 - depend_on_referenced_packages
  error - Target of URI doesn't exist: 'package:flutter_riverpod/flutter_riverpod.dart' - lib\presentation\screens\community\challenges_screen.dart:2:8 - uri_does_not_exist
  error - Classes can only extend other classes - lib\presentation\screens\community\challenges_screen.dart:7:32 - extends_non_class
  error - No associated named super constructor parameter - lib\presentation\screens\community\challenges_screen.dart:8:33 - super_formal_parameter_without_associated_named
  error - Undefined class 'ConsumerState' - lib\presentation\screens\community\challenges_screen.dart:11:3 - undefined_class
warning - The method doesn't override an inherited method - lib\presentation\screens\community\challenges_screen.dart:11:35 - override_on_non_overriding_member
  error - 'Object.toString' ('String Function()') isn't a valid concrete implementation of 'Diagnosticable.toString' ('String Function({DiagnosticLevel minLevel})') - lib\presentation\screens\community\challenges_screen.dart:14:7 - invalid_implementation_override
  error - Missing concrete implementations of 'abstract class State<T extends StatefulWidget> with Diagnosticable.deactivate', 'abstract class State<T extends StatefulWidget> with Diagnosticable.didChangeDependencies', 'abstract class State<T extends StatefulWidget> with Diagnosticable.didUpdateWidget', 'abstract class State<T extends StatefulWidget> with Diagnosticable.reassemble', and 6 more - lib\presentation\screens\community\challenges_screen.dart:14:7 - non_abstract_class_inherits_abstract_member
  error - Mixin can only be applied to class - lib\presentation\screens\community\challenges_screen.dart:14:38 - mixin_with_non_class_superclass
  error - 'SingleTickerProviderStateMixin<StatefulWidget>' can't be mixed onto 'Object' because 'Object' doesn't implement 'State<StatefulWidget>' - lib\presentation\screens\community\challenges_screen.dart:14:75 - mixin_application_not_implemented_interface
  error - The method 'initState' is always abstract in the supertype - lib\presentation\screens\community\challenges_screen.dart:19:11 - abstract_super_member_reference
   info - 'withOpacity' is deprecated and shouldn't be used. Use .withValues() to avoid precision loss - lib\presentation\screens\community\challenges_screen.dart:146:74 - deprecated_member_use
   info - 'withOpacity' is deprecated and shouldn't be used. Use .withValues() to avoid precision loss - lib\presentation\screens\community\challenges_screen.dart:172:81 - deprecated_member_use
   info - 'withOpacity' is deprecated and shouldn't be used. Use .withValues() to avoid precision loss - lib\presentation\screens\community\challenges_screen.dart:179:80 - deprecated_member_use
   info - 'surfaceVariant' is deprecated and shouldn't be used. Use surfaceContainerHighest instead. This feature was deprecated after v3.18.0-0.1.pre - lib\presentation\screens\community\challenges_screen.dart:192:52 - deprecated_member_use
   info - The imported package 'flutter_riverpod' isn't a dependency of the importing package - lib\presentation\screens\community\community_screen.dart:2:8 - depend_on_referenced_packages
  error - Target of URI doesn't exist: 'package:flutter_riverpod/flutter_riverpod.dart' - lib\presentation\screens\community\community_screen.dart:2:8 - uri_does_not_exist
   info - The imported package 'go_router' isn't a dependency of the importing package - lib\presentation\screens\community\community_screen.dart:3:8 - depend_on_referenced_packages
  error - Target of URI doesn't exist: 'package:go_router/go_router.dart' - lib\presentation\screens\community\community_screen.dart:3:8 - uri_does_not_exist
  error - Classes can only extend other classes - lib\presentation\screens\community\community_screen.dart:10:31 - extends_non_class
  error - No associated named super constructor parameter - lib\presentation\screens\community\community_screen.dart:11:32 - super_formal_parameter_without_associated_named
  error - Undefined class 'ConsumerState' - lib\presentation\screens\community\community_screen.dart:14:3 - undefined_class
warning - The method doesn't override an inherited method - lib\presentation\screens\community\community_screen.dart:14:34 - override_on_non_overriding_member
  error - 'Object.toString' ('String Function()') isn't a valid concrete implementation of 'Diagnosticable.toString' ('String Function({DiagnosticLevel minLevel})') - lib\presentation\screens\community\community_screen.dart:17:7 - invalid_implementation_override
  error - Missing concrete implementations of 'abstract class State<T extends StatefulWidget> with Diagnosticable.deactivate', 'abstract class State<T extends StatefulWidget> with Diagnosticable.didChangeDependencies', 'abstract class State<T extends StatefulWidget> with Diagnosticable.didUpdateWidget', 'abstract class State<T extends StatefulWidget> with Diagnosticable.reassemble', and 6 more - lib\presentation\screens\community\community_screen.dart:17:7 - non_abstract_class_inherits_abstract_member
  error - Mixin can only be applied to class - lib\presentation\screens\community\community_screen.dart:17:37 - mixin_with_non_class_superclass
  error - 'SingleTickerProviderStateMixin<StatefulWidget>' can't be mixed onto 'Object' because 'Object' doesn't implement 'State<StatefulWidget>' - lib\presentation\screens\community\community_screen.dart:17:73 - mixin_application_not_implemented_interface
  error - The method 'initState' is always abstract in the supertype - lib\presentation\screens\community\community_screen.dart:22:11 - abstract_super_member_reference
warning - The value of the local variable 'communityRecipes' isn't used - lib\presentation\screens\community\community_screen.dart:34:11 - unused_local_variable
  error - Undefined name 'ref' - lib\presentation\screens\community\community_screen.dart:34:30 - undefined_identifier
  error - The method 'push' isn't defined for the type 'BuildContext' - lib\presentation\screens\community\community_screen.dart:52:38 - undefined_method
  error - The method 'push' isn't defined for the type 'BuildContext' - lib\presentation\screens\community\community_screen.dart:66:34 - undefined_method
   info - The imported package 'flutter_riverpod' isn't a dependency of the importing package - lib\presentation\screens\community\cooking_groups_screen.dart:2:8 - depend_on_referenced_packages
  error - Target of URI doesn't exist: 'package:flutter_riverpod/flutter_riverpod.dart' - lib\presentation\screens\community\cooking_groups_screen.dart:2:8 - uri_does_not_exist
  error - Classes can only extend other classes - lib\presentation\screens\community\cooking_groups_screen.dart:8:35 - extends_non_class
  error - No associated named super constructor parameter - lib\presentation\screens\community\cooking_groups_screen.dart:9:36 - super_formal_parameter_without_associated_named
  error - Undefined class 'ConsumerState' - lib\presentation\screens\community\cooking_groups_screen.dart:12:3 - undefined_class
warning - The method doesn't override an inherited method - lib\presentation\screens\community\cooking_groups_screen.dart:12:38 - override_on_non_overriding_member
  error - 'Object.toString' ('String Function()') isn't a valid concrete implementation of 'Diagnosticable.toString' ('String Function({DiagnosticLevel minLevel})') - lib\presentation\screens\community\cooking_groups_screen.dart:15:7 - invalid_implementation_override
  error - Missing concrete implementations of 'abstract class State<T extends StatefulWidget> with Diagnosticable.deactivate', 'abstract class State<T extends StatefulWidget> with Diagnosticable.didChangeDependencies', 'abstract class State<T extends StatefulWidget> with Diagnosticable.didUpdateWidget', 'abstract class State<T extends StatefulWidget> with Diagnosticable.reassemble', and 6 more - lib\presentation\screens\community\cooking_groups_screen.dart:15:7 - non_abstract_class_inherits_abstract_member
  error - Mixin can only be applied to class - lib\presentation\screens\community\cooking_groups_screen.dart:15:41 - mixin_with_non_class_superclass
  error - 'SingleTickerProviderStateMixin<StatefulWidget>' can't be mixed onto 'Object' because 'Object' doesn't implement 'State<StatefulWidget>' - lib\presentation\screens\community\cooking_groups_screen.dart:15:81 - mixin_application_not_implemented_interface
  error - The method 'initState' is always abstract in the supertype - lib\presentation\screens\community\cooking_groups_screen.dart:20:11 - abstract_super_member_reference
   info - 'value' is deprecated and shouldn't be used. Use initialValue instead. This will set the initial value for the form field. This feature was deprecated after v3.33.0-1.0.pre - lib\presentation\screens\community\cooking_groups_screen.dart:290:19 - deprecated_member_use
   info - The imported package 'flutter_riverpod' isn't a dependency of the importing package - lib\presentation\screens\community\shared_recipes_screen.dart:2:8 - depend_on_referenced_packages
  error - Target of URI doesn't exist: 'package:flutter_riverpod/flutter_riverpod.dart' - lib\presentation\screens\community\shared_recipes_screen.dart:2:8 - uri_does_not_exist
  error - Classes can only extend other classes - lib\presentation\screens\community\shared_recipes_screen.dart:9:35 - extends_non_class
  error - No associated named super constructor parameter - lib\presentation\screens\community\shared_recipes_screen.dart:10:36 - super_formal_parameter_without_associated_named
  error - Undefined class 'ConsumerState' - lib\presentation\screens\community\shared_recipes_screen.dart:13:3 - undefined_class
warning - The method doesn't override an inherited method - lib\presentation\screens\community\shared_recipes_screen.dart:13:38 - override_on_non_overriding_member
  error - 'Object.toString' ('String Function()') isn't a valid concrete implementation of 'Diagnosticable.toString' ('String Function({DiagnosticLevel minLevel})') - lib\presentation\screens\community\shared_recipes_screen.dart:16:7 - invalid_implementation_override
  error - Missing concrete implementations of 'abstract class State<T extends StatefulWidget> with Diagnosticable.deactivate', 'abstract class State<T extends StatefulWidget> with Diagnosticable.didChangeDependencies', 'abstract class State<T extends StatefulWidget> with Diagnosticable.didUpdateWidget', 'abstract class State<T extends StatefulWidget> with Diagnosticable.reassemble', and 6 more - lib\presentation\screens\community\shared_recipes_screen.dart:16:7 - non_abstract_class_inherits_abstract_member
  error - Mixin can only be applied to class - lib\presentation\screens\community\shared_recipes_screen.dart:16:41 - mixin_with_non_class_superclass
  error - 'SingleTickerProviderStateMixin<StatefulWidget>' can't be mixed onto 'Object' because 'Object' doesn't implement 'State<StatefulWidget>' - lib\presentation\screens\community\shared_recipes_screen.dart:16:81 - mixin_application_not_implemented_interface
  error - The method 'initState' is always abstract in the supertype - lib\presentation\screens\community\shared_recipes_screen.dart:24:11 - abstract_super_member_reference
   info - 'withOpacity' is deprecated and shouldn't be used. Use .withValues() to avoid precision loss - lib\presentation\screens\community\shared_recipes_screen.dart:253:52 - deprecated_member_use
   info - 'withOpacity' is deprecated and shouldn't be used. Use .withValues() to avoid precision loss - lib\presentation\screens\community\shared_recipes_screen.dart:278:56 - deprecated_member_use
   info - The imported package 'flutter_riverpod' isn't a dependency of the importing package - lib\presentation\screens\home\home_screen.dart:2:8 - depend_on_referenced_packages
  error - Target of URI doesn't exist: 'package:flutter_riverpod/flutter_riverpod.dart' - lib\presentation\screens\home\home_screen.dart:2:8 - uri_does_not_exist
   info - The imported package 'go_router' isn't a dependency of the importing package - lib\presentation\screens\home\home_screen.dart:3:8 - depend_on_referenced_packages
  error - Target of URI doesn't exist: 'package:go_router/go_router.dart' - lib\presentation\screens\home\home_screen.dart:3:8 - uri_does_not_exist
  error - Classes can only extend other classes - lib\presentation\screens\home\home_screen.dart:13:26 - extends_non_class
  error - No associated named super constructor parameter - lib\presentation\screens\home\home_screen.dart:14:27 - super_formal_parameter_without_associated_named
  error - Undefined class 'ConsumerState' - lib\presentation\screens\home\home_screen.dart:17:3 - undefined_class
warning - The method doesn't override an inherited method - lib\presentation\screens\home\home_screen.dart:17:29 - override_on_non_overriding_member
  error - Classes can only extend other classes - lib\presentation\screens\home\home_screen.dart:20:32 - extends_non_class
   info - The private field _servings could be 'final' - lib\presentation\screens\home\home_screen.dart:25:7 - prefer_final_fields
warning - The value of the field '_cuisineTypes' isn't used - lib\presentation\screens\home\home_screen.dart:27:22 - unused_field
warning - The value of the field '_mealTypes' isn't used - lib\presentation\screens\home\home_screen.dart:32:22 - unused_field
warning - The method doesn't override an inherited method - lib\presentation\screens\home\home_screen.dart:37:8 - override_on_non_overriding_member
  error - The method 'dispose' isn't defined in a superclass of '_HomeScreenState' - lib\presentation\screens\home\home_screen.dart:39:11 - undefined_super_member
warning - The method doesn't override an inherited method - lib\presentation\screens\home\home_screen.dart:43:10 - override_on_non_overriding_member
  error - Undefined name 'ref' - lib\presentation\screens\home\home_screen.dart:45:23 - undefined_identifier
  error - Undefined name 'ref' - lib\presentation\screens\home\home_screen.dart:46:35 - undefined_identifier
  error - The getter 'displayName' isn't defined for the type 'UserProfile' - lib\presentation\screens\home\home_screen.dart:84:38 - undefined_getter
   info - 'withOpacity' is deprecated and shouldn't be used. Use .withValues() to avoid precision loss - lib\presentation\screens\home\home_screen.dart:117:58 - deprecated_member_use
  error - The method 'push' isn't defined for the type 'BuildContext' - lib\presentation\screens\home\home_screen.dart:147:31 - undefined_method
  error - The method 'go' isn't defined for the type 'BuildContext' - lib\presentation\screens\home\home_screen.dart:156:31 - undefined_method
  error - The method 'go' isn't defined for the type 'BuildContext' - lib\presentation\screens\home\home_screen.dart:169:31 - undefined_method
  error - The method 'go' isn't defined for the type 'BuildContext' - lib\presentation\screens\home\home_screen.dart:178:31 - undefined_method
   info - 'withOpacity' is deprecated and shouldn't be used. Use .withValues() to avoid precision loss - lib\presentation\screens\home\home_screen.dart:196:63 - deprecated_member_use
  error - The getter 'title' isn't defined for the type 'Recipe' - lib\presentation\screens\home\home_screen.dart:307:22 - undefined_getter
  error - The getter 'description' isn't defined for the type 'Recipe' - lib\presentation\screens\home\home_screen.dart:314:22 - undefined_getter
  error - Undefined name 'ref' - lib\presentation\screens\home\home_screen.dart:331:24 - undefined_identifier
  error - Undefined name 'context' - lib\presentation\screens\home\home_screen.dart:354:32 - undefined_identifier
  error - The method 'setState' isn't defined for the type '_HomeScreenState' - lib\presentation\screens\home\home_screen.dart:366:7 - undefined_method
  error - The method 'setState' isn't defined for the type '_HomeScreenState' - lib\presentation\screens\home\home_screen.dart:374:5 - undefined_method
  error - Undefined name 'ref' - lib\presentation\screens\home\home_screen.dart:380:5 - undefined_identifier
   info - The imported package 'flutter_riverpod' isn't a dependency of the importing package - lib\presentation\screens\home\recipe_generation_screen.dart:2:8 - depend_on_referenced_packages
  error - Target of URI doesn't exist: 'package:flutter_riverpod/flutter_riverpod.dart' - lib\presentation\screens\home\recipe_generation_screen.dart:2:8 - uri_does_not_exist
  error - Classes can only extend other classes - lib\presentation\screens\home\recipe_generation_screen.dart:12:38 - extends_non_class
  error - No associated named super constructor parameter - lib\presentation\screens\home\recipe_generation_screen.dart:13:39 - super_formal_parameter_without_associated_named
  error - Undefined class 'ConsumerState' - lib\presentation\screens\home\recipe_generation_screen.dart:16:3 - undefined_class
warning - The method doesn't override an inherited method - lib\presentation\screens\home\recipe_generation_screen.dart:16:41 - override_on_non_overriding_member
  error - Classes can only extend other classes - lib\presentation\screens\home\recipe_generation_screen.dart:19:44 - extends_non_class
warning - The method doesn't override an inherited method - lib\presentation\screens\home\recipe_generation_screen.dart:38:8 - override_on_non_overriding_member
  error - The method 'dispose' isn't defined in a superclass of '_RecipeGenerationScreenState' - lib\presentation\screens\home\recipe_generation_screen.dart:40:11 - undefined_super_member
warning - The method doesn't override an inherited method - lib\presentation\screens\home\recipe_generation_screen.dart:44:10 - override_on_non_overriding_member
  error - Undefined name 'ref' - lib\presentation\screens\home\recipe_generation_screen.dart:46:35 - undefined_identifier
warning - The value of the local variable 'userProfile' isn't used - lib\presentation\screens\home\recipe_generation_screen.dart:47:11 - unused_local_variable
  error - Undefined name 'ref' - lib\presentation\screens\home\recipe_generation_screen.dart:47:25 - undefined_identifier
   info - 'withOpacity' is deprecated and shouldn't be used. Use .withValues() to avoid precision loss - lib\presentation\screens\home\recipe_generation_screen.dart:101:52 - deprecated_member_use
   info - 'value' is deprecated and shouldn't be used. Use initialValue instead. This will set the initial value for the form field. This feature was deprecated after v3.33.0-1.0.pre - lib\presentation\screens\home\recipe_generation_screen.dart:169:15 - deprecated_member_use
  error - The method 'setState' isn't defined for the type '_RecipeGenerationScreenState' - lib\presentation\screens\home\recipe_generation_screen.dart:176:37 - undefined_method
   info - 'value' is deprecated and shouldn't be used. Use initialValue instead. This will set the initial value for the form field. This feature was deprecated after v3.33.0-1.0.pre - lib\presentation\screens\home\recipe_generation_screen.dart:187:15 - deprecated_member_use
  error - The method 'setState' isn't defined for the type '_RecipeGenerationScreenState' - lib\presentation\screens\home\recipe_generation_screen.dart:194:37 - undefined_method
  error - The method 'setState' isn't defined for the type '_RecipeGenerationScreenState' - lib\presentation\screens\home\recipe_generation_screen.dart:208:52 - undefined_method
  error - The method 'setState' isn't defined for the type '_RecipeGenerationScreenState' - lib\presentation\screens\home\recipe_generation_screen.dart:223:53 - undefined_method
  error - The method 'setState' isn't defined for the type '_RecipeGenerationScreenState' - lib\presentation\screens\home\recipe_generation_screen.dart:264:39 - undefined_method
  error - The getter 'title' isn't defined for the type 'Recipe' - lib\presentation\screens\home\recipe_generation_screen.dart:300:26 - undefined_getter
  error - The getter 'description' isn't defined for the type 'Recipe' - lib\presentation\screens\home\recipe_generation_screen.dart:307:26 - undefined_getter
   info - 'withOpacity' is deprecated and shouldn't be used. Use .withValues() to avoid precision loss - lib\presentation\screens\home\recipe_generation_screen.dart:309:56 - deprecated_member_use
  error - The getter 'prepTime' isn't defined for the type 'Recipe' - lib\presentation\screens\home\recipe_generation_screen.dart:315:64 - undefined_getter
  error - The getter 'cookingTime' isn't defined for the type 'Recipe' - lib\presentation\screens\home\recipe_generation_screen.dart:315:92 - undefined_getter
  error - The getter 'servings' isn't defined for the type 'Recipe' - lib\presentation\screens\home\recipe_generation_screen.dart:317:62 - undefined_getter
  error - The getter 'difficulty' isn't defined for the type 'Recipe' - lib\presentation\screens\home\recipe_generation_screen.dart:319:62 - undefined_getter
  error - The named parameter 'title' isn't defined - lib\presentation\screens\home\recipe_generation_screen.dart:353:11 - undefined_named_parameter
  error - Undefined name 'ref' - lib\presentation\screens\home\recipe_generation_screen.dart:354:26 - undefined_identifier
  error - The method 'setState' isn't defined for the type '_RecipeGenerationScreenState' - lib\presentation\screens\home\recipe_generation_screen.dart:374:7 - undefined_method
  error - The method 'setState' isn't defined for the type '_RecipeGenerationScreenState' - lib\presentation\screens\home\recipe_generation_screen.dart:382:5 - undefined_method
  error - Undefined name 'ref' - lib\presentation\screens\home\recipe_generation_screen.dart:388:5 - undefined_identifier
   info - The imported package 'flutter_riverpod' isn't a dependency of the importing package - lib\presentation\screens\kitchen_tools\converters_screen.dart:2:8 - depend_on_referenced_packages
  error - Target of URI doesn't exist: 'package:flutter_riverpod/flutter_riverpod.dart' - lib\presentation\screens\kitchen_tools\converters_screen.dart:2:8 - uri_does_not_exist
  error - Classes can only extend other classes - lib\presentation\screens\kitchen_tools\converters_screen.dart:7:32 - extends_non_class
  error - No associated named super constructor parameter - lib\presentation\screens\kitchen_tools\converters_screen.dart:8:33 - super_formal_parameter_without_associated_named
  error - Undefined class 'ConsumerState' - lib\presentation\screens\kitchen_tools\converters_screen.dart:11:3 - undefined_class
warning - The method doesn't override an inherited method - lib\presentation\screens\kitchen_tools\converters_screen.dart:11:35 - override_on_non_overriding_member
  error - 'Object.toString' ('String Function()') isn't a valid concrete implementation of 'Diagnosticable.toString' ('String Function({DiagnosticLevel minLevel})') - lib\presentation\screens\kitchen_tools\converters_screen.dart:14:7 - invalid_implementation_override
  error - Missing concrete implementations of 'abstract class State<T extends StatefulWidget> with Diagnosticable.deactivate', 'abstract class State<T extends StatefulWidget> with Diagnosticable.didChangeDependencies', 'abstract class State<T extends StatefulWidget> with Diagnosticable.didUpdateWidget', 'abstract class State<T extends StatefulWidget> with Diagnosticable.reassemble', and 6 more - lib\presentation\screens\kitchen_tools\converters_screen.dart:14:7 - non_abstract_class_inherits_abstract_member
  error - Mixin can only be applied to class - lib\presentation\screens\kitchen_tools\converters_screen.dart:14:38 - mixin_with_non_class_superclass
  error - 'SingleTickerProviderStateMixin<StatefulWidget>' can't be mixed onto 'Object' because 'Object' doesn't implement 'State<StatefulWidget>' - lib\presentation\screens\kitchen_tools\converters_screen.dart:14:75 - mixin_application_not_implemented_interface
  error - The method 'initState' is always abstract in the supertype - lib\presentation\screens\kitchen_tools\converters_screen.dart:19:11 - abstract_super_member_reference
   info - Unnecessary use of 'toList' in a spread - lib\presentation\screens\kitchen_tools\converters_screen.dart:180:16 - unnecessary_to_list_in_spreads
   info - The imported package 'flutter_riverpod' isn't a dependency of the importing package - lib\presentation\screens\kitchen_tools\kitchen_tools_screen.dart:2:8 - depend_on_referenced_packages
  error - Target of URI doesn't exist: 'package:flutter_riverpod/flutter_riverpod.dart' - lib\presentation\screens\kitchen_tools\kitchen_tools_screen.dart:2:8 - uri_does_not_exist
   info - The imported package 'go_router' isn't a dependency of the importing package - lib\presentation\screens\kitchen_tools\kitchen_tools_screen.dart:3:8 - depend_on_referenced_packages
  error - Target of URI doesn't exist: 'package:go_router/go_router.dart' - lib\presentation\screens\kitchen_tools\kitchen_tools_screen.dart:3:8 - uri_does_not_exist
  error - Classes can only extend other classes - lib\presentation\screens\kitchen_tools\kitchen_tools_screen.dart:8:34 - extends_non_class
  error - No associated named super constructor parameter - lib\presentation\screens\kitchen_tools\kitchen_tools_screen.dart:9:35 - super_formal_parameter_without_associated_named
  error - Undefined class 'ConsumerState' - lib\presentation\screens\kitchen_tools\kitchen_tools_screen.dart:12:3 - undefined_class
warning - The method doesn't override an inherited method - lib\presentation\screens\kitchen_tools\kitchen_tools_screen.dart:12:37 - override_on_non_overriding_member
  error - Classes can only extend other classes - lib\presentation\screens\kitchen_tools\kitchen_tools_screen.dart:15:40 - extends_non_class
warning - The method doesn't override an inherited method - lib\presentation\screens\kitchen_tools\kitchen_tools_screen.dart:17:10 - override_on_non_overriding_member
  error - The method 'push' isn't defined for the type 'BuildContext' - lib\presentation\screens\kitchen_tools\kitchen_tools_screen.dart:69:29 - undefined_method
  error - The method 'push' isn't defined for the type 'BuildContext' - lib\presentation\screens\kitchen_tools\kitchen_tools_screen.dart:75:29 - undefined_method
warning - The value of the local variable 'theme' isn't used - lib\presentation\screens\kitchen_tools\kitchen_tools_screen.dart:96:11 - unused_local_variable
  error - Undefined name 'context' - lib\presentation\screens\kitchen_tools\kitchen_tools_screen.dart:96:28 - undefined_identifier
   info - 'withOpacity' is deprecated and shouldn't be used. Use .withValues() to avoid precision loss - lib\presentation\screens\kitchen_tools\kitchen_tools_screen.dart:107:21 - deprecated_member_use
  error - The getter 'shopping_list' isn't defined for the type 'Icons' - lib\presentation\screens\kitchen_tools\kitchen_tools_screen.dart:199:32 - undefined_getter
   info - Unnecessary use of 'toList' in a spread - lib\presentation\screens\kitchen_tools\kitchen_tools_screen.dart:281:12 - unnecessary_to_list_in_spreads
  error - The named parameter 'crossAxisSize' isn't defined - lib\presentation\screens\kitchen_tools\kitchen_tools_screen.dart:293:13 - undefined_named_parameter
   info - The imported package 'flutter_riverpod' isn't a dependency of the importing package - lib\presentation\screens\kitchen_tools\timers_screen.dart:2:8 - depend_on_referenced_packages
  error - Target of URI doesn't exist: 'package:flutter_riverpod/flutter_riverpod.dart' - lib\presentation\screens\kitchen_tools\timers_screen.dart:2:8 - uri_does_not_exist
  error - Classes can only extend other classes - lib\presentation\screens\kitchen_tools\timers_screen.dart:8:28 - extends_non_class
  error - No associated named super constructor parameter - lib\presentation\screens\kitchen_tools\timers_screen.dart:9:29 - super_formal_parameter_without_associated_named
  error - Undefined class 'ConsumerState' - lib\presentation\screens\kitchen_tools\timers_screen.dart:12:3 - undefined_class
warning - The method doesn't override an inherited method - lib\presentation\screens\kitchen_tools\timers_screen.dart:12:31 - override_on_non_overriding_member
  error - Classes can only extend other classes - lib\presentation\screens\kitchen_tools\timers_screen.dart:15:34 - extends_non_class
warning - The method doesn't override an inherited method - lib\presentation\screens\kitchen_tools\timers_screen.dart:19:10 - override_on_non_overriding_member
  error - Undefined name 'context' - lib\presentation\screens\kitchen_tools\timers_screen.dart:55:29 - undefined_identifier
  error - Undefined name 'context' - lib\presentation\screens\kitchen_tools\timers_screen.dart:80:28 - undefined_identifier
   info - 'withOpacity' is deprecated and shouldn't be used. Use .withValues() to avoid precision loss - lib\presentation\screens\kitchen_tools\timers_screen.dart:88:63 - deprecated_member_use
   info - 'withOpacity' is deprecated and shouldn't be used. Use .withValues() to avoid precision loss - lib\presentation\screens\kitchen_tools\timers_screen.dart:104:52 - deprecated_member_use
  error - The argument type 'KitchenTimer (where KitchenTimer is defined in F:\chefmind_ai\lib\presentation\screens\kitchen_tools\timers_screen.dart)' can't be assigned to the parameter type 'KitchenTimer (where KitchenTimer is defined in F:\chefmind_ai\lib\presentation\widgets\kitchen\timer_widget.dart)'.  - lib\presentation\screens\kitchen_tools\timers_screen.dart:137:20 - argument_type_not_assignable
  error - Undefined name 'context' - lib\presentation\screens\kitchen_tools\timers_screen.dart:154:16 - undefined_identifier
  error - The method 'setState' isn't defined for the type '_TimersScreenState' - lib\presentation\screens\kitchen_tools\timers_screen.dart:270:5 - undefined_method
  error - Undefined name 'context' - lib\presentation\screens\kitchen_tools\timers_screen.dart:285:26 - undefined_identifier
  error - The method 'setState' isn't defined for the type '_TimersScreenState' - lib\presentation\screens\kitchen_tools\timers_screen.dart:291:5 - undefined_method
  error - The method 'setState' isn't defined for the type '_TimersScreenState' - lib\presentation\screens\kitchen_tools\timers_screen.dart:297:5 - undefined_method
  error - The method 'setState' isn't defined for the type '_TimersScreenState' - lib\presentation\screens\kitchen_tools\timers_screen.dart:303:5 - undefined_method
  error - The method 'setState' isn't defined for the type '_TimersScreenState' - lib\presentation\screens\kitchen_tools\timers_screen.dart:310:5 - undefined_method
   info - The imported package 'flutter_riverpod' isn't a dependency of the importing package - lib\presentation\screens\learning\cooking_school_screen.dart:2:8 - depend_on_referenced_packages
  error - Target of URI doesn't exist: 'package:flutter_riverpod/flutter_riverpod.dart' - lib\presentation\screens\learning\cooking_school_screen.dart:2:8 - uri_does_not_exist
  error - Classes can only extend other classes - lib\presentation\screens\learning\cooking_school_screen.dart:7:35 - extends_non_class
  error - No associated named super constructor parameter - lib\presentation\screens\learning\cooking_school_screen.dart:8:36 - super_formal_parameter_without_associated_named
  error - Undefined class 'ConsumerState' - lib\presentation\screens\learning\cooking_school_screen.dart:11:3 - undefined_class
warning - The method doesn't override an inherited method - lib\presentation\screens\learning\cooking_school_screen.dart:11:38 - override_on_non_overriding_member
  error - 'Object.toString' ('String Function()') isn't a valid concrete implementation of 'Diagnosticable.toString' ('String Function({DiagnosticLevel minLevel})') - lib\presentation\screens\learning\cooking_school_screen.dart:14:7 - invalid_implementation_override
  error - Missing concrete implementations of 'abstract class State<T extends StatefulWidget> with Diagnosticable.deactivate', 'abstract class State<T extends StatefulWidget> with Diagnosticable.didChangeDependencies', 'abstract class State<T extends StatefulWidget> with Diagnosticable.didUpdateWidget', 'abstract class State<T extends StatefulWidget> with Diagnosticable.reassemble', and 6 more - lib\presentation\screens\learning\cooking_school_screen.dart:14:7 - non_abstract_class_inherits_abstract_member
  error - Mixin can only be applied to class - lib\presentation\screens\learning\cooking_school_screen.dart:14:41 - mixin_with_non_class_superclass
  error - 'SingleTickerProviderStateMixin<StatefulWidget>' can't be mixed onto 'Object' because 'Object' doesn't implement 'State<StatefulWidget>' - lib\presentation\screens\learning\cooking_school_screen.dart:14:81 - mixin_application_not_implemented_interface
  error - The method 'initState' is always abstract in the supertype - lib\presentation\screens\learning\cooking_school_screen.dart:19:11 - abstract_super_member_reference
   info - 'withOpacity' is deprecated and shouldn't be used. Use .withValues() to avoid precision loss - lib\presentation\screens\learning\cooking_school_screen.dart:92:41 - deprecated_member_use
   info - 'withOpacity' is deprecated and shouldn't be used. Use .withValues() to avoid precision loss - lib\presentation\screens\learning\cooking_school_screen.dart:105:41 - deprecated_member_use
   info - 'withOpacity' is deprecated and shouldn't be used. Use .withValues() to avoid precision loss - lib\presentation\screens\learning\cooking_school_screen.dart:216:71 - deprecated_member_use
   info - 'withOpacity' is deprecated and shouldn't be used. Use .withValues() to avoid precision loss - lib\presentation\screens\learning\cooking_school_screen.dart:237:60 - deprecated_member_use
   info - Unnecessary use of 'toList' in a spread - lib\presentation\screens\learning\cooking_school_screen.dart:278:12 - unnecessary_to_list_in_spreads
   info - 'withOpacity' is deprecated and shouldn't be used. Use .withValues() to avoid precision loss - lib\presentation\screens\learning\cooking_school_screen.dart:305:60 - deprecated_member_use
   info - 'withOpacity' is deprecated and shouldn't be used. Use .withValues() to avoid precision loss - lib\presentation\screens\learning\cooking_school_screen.dart:325:52 - deprecated_member_use
   info - 'withOpacity' is deprecated and shouldn't be used. Use .withValues() to avoid precision loss - lib\presentation\screens\learning\cooking_school_screen.dart:492:52 - deprecated_member_use
   info - 'surfaceVariant' is deprecated and shouldn't be used. Use surfaceContainerHighest instead. This feature was deprecated after v3.18.0-0.1.pre - lib\presentation\screens\learning\cooking_school_screen.dart:508:60 - deprecated_member_use
   info - The imported package 'flutter_riverpod' isn't a dependency of the importing package - lib\presentation\screens\learning\ingredient_encyclopedia_screen.dart:2:8 - depend_on_referenced_packages
  error - Target of URI doesn't exist: 'package:flutter_riverpod/flutter_riverpod.dart' - lib\presentation\screens\learning\ingredient_encyclopedia_screen.dart:2:8 - uri_does_not_exist
  error - Classes can only extend other classes - lib\presentation\screens\learning\ingredient_encyclopedia_screen.dart:6:44 - extends_non_class
  error - No associated named super constructor parameter - lib\presentation\screens\learning\ingredient_encyclopedia_screen.dart:7:45 - super_formal_parameter_without_associated_named
  error - Undefined class 'ConsumerState' - lib\presentation\screens\learning\ingredient_encyclopedia_screen.dart:10:3 - undefined_class
warning - The method doesn't override an inherited method - lib\presentation\screens\learning\ingredient_encyclopedia_screen.dart:10:47 - override_on_non_overriding_member
  error - Classes can only extend other classes - lib\presentation\screens\learning\ingredient_encyclopedia_screen.dart:13:50 - extends_non_class
warning - The method doesn't override an inherited method - lib\presentation\screens\learning\ingredient_encyclopedia_screen.dart:19:8 - override_on_non_overriding_member
  error - The method 'dispose' isn't defined in a superclass of '_IngredientEncyclopediaScreenState' - lib\presentation\screens\learning\ingredient_encyclopedia_screen.dart:21:11 - undefined_super_member
warning - The method doesn't override an inherited method - lib\presentation\screens\learning\ingredient_encyclopedia_screen.dart:25:10 - override_on_non_overriding_member
  error - The method 'setState' isn't defined for the type '_IngredientEncyclopediaScreenState' - lib\presentation\screens\learning\ingredient_encyclopedia_screen.dart:58:21 - undefined_method
  error - The method 'setState' isn't defined for the type '_IngredientEncyclopediaScreenState' - lib\presentation\screens\learning\ingredient_encyclopedia_screen.dart:66:31 - undefined_method
  error - The method 'setState' isn't defined for the type '_IngredientEncyclopediaScreenState' - lib\presentation\screens\learning\ingredient_encyclopedia_screen.dart:90:41 - undefined_method
  error - Undefined name 'context' - lib\presentation\screens\learning\ingredient_encyclopedia_screen.dart:129:28 - undefined_identifier
   info - 'withOpacity' is deprecated and shouldn't be used. Use .withValues() to avoid precision loss - lib\presentation\screens\learning\ingredient_encyclopedia_screen.dart:137:62 - deprecated_member_use
   info - 'withOpacity' is deprecated and shouldn't be used. Use .withValues() to avoid precision loss - lib\presentation\screens\learning\ingredient_encyclopedia_screen.dart:167:70 - deprecated_member_use
   info - 'withOpacity' is deprecated and shouldn't be used. Use .withValues() to avoid precision loss - lib\presentation\screens\learning\ingredient_encyclopedia_screen.dart:228:55 - deprecated_member_use
   info - 'withOpacity' is deprecated and shouldn't be used. Use .withValues() to avoid precision loss - lib\presentation\screens\learning\ingredient_encyclopedia_screen.dart:275:65 - deprecated_member_use
  error - Undefined name 'context' - lib\presentation\screens\learning\ingredient_encyclopedia_screen.dart:459:26 - undefined_identifier
  error - Undefined name 'context' - lib\presentation\screens\learning\ingredient_encyclopedia_screen.dart:465:26 - undefined_identifier
   info - The imported package 'flutter_riverpod' isn't a dependency of the importing package - lib\presentation\screens\learning\tutorials_screen.dart:2:8 - depend_on_referenced_packages
  error - Target of URI doesn't exist: 'package:flutter_riverpod/flutter_riverpod.dart' - lib\presentation\screens\learning\tutorials_screen.dart:2:8 - uri_does_not_exist
  error - Classes can only extend other classes - lib\presentation\screens\learning\tutorials_screen.dart:7:31 - extends_non_class
  error - No associated named super constructor parameter - lib\presentation\screens\learning\tutorials_screen.dart:8:32 - super_formal_parameter_without_associated_named
  error - Undefined class 'ConsumerState' - lib\presentation\screens\learning\tutorials_screen.dart:11:3 - undefined_class
warning - The method doesn't override an inherited method - lib\presentation\screens\learning\tutorials_screen.dart:11:34 - override_on_non_overriding_member
  error - 'Object.toString' ('String Function()') isn't a valid concrete implementation of 'Diagnosticable.toString' ('String Function({DiagnosticLevel minLevel})') - lib\presentation\screens\learning\tutorials_screen.dart:14:7 - invalid_implementation_override
  error - Missing concrete implementations of 'abstract class State<T extends StatefulWidget> with Diagnosticable.deactivate', 'abstract class State<T extends StatefulWidget> with Diagnosticable.didChangeDependencies', 'abstract class State<T extends StatefulWidget> with Diagnosticable.didUpdateWidget', 'abstract class State<T extends StatefulWidget> with Diagnosticable.reassemble', and 6 more - lib\presentation\screens\learning\tutorials_screen.dart:14:7 - non_abstract_class_inherits_abstract_member
  error - Mixin can only be applied to class - lib\presentation\screens\learning\tutorials_screen.dart:14:37 - mixin_with_non_class_superclass
  error - 'SingleTickerProviderStateMixin<StatefulWidget>' can't be mixed onto 'Object' because 'Object' doesn't implement 'State<StatefulWidget>' - lib\presentation\screens\learning\tutorials_screen.dart:14:73 - mixin_application_not_implemented_interface
  error - The method 'initState' is always abstract in the supertype - lib\presentation\screens\learning\tutorials_screen.dart:20:11 - abstract_super_member_reference
   info - 'surfaceVariant' is deprecated and shouldn't be used. Use surfaceContainerHighest instead. This feature was deprecated after v3.18.0-0.1.pre - lib\presentation\screens\learning\tutorials_screen.dart:166:40 - deprecated_member_use
   info - 'withOpacity' is deprecated and shouldn't be used. Use .withValues() to avoid precision loss - lib\presentation\screens\learning\tutorials_screen.dart:184:43 - deprecated_member_use
   info - 'withOpacity' is deprecated and shouldn't be used. Use .withValues() to avoid precision loss - lib\presentation\screens\learning\tutorials_screen.dart:215:76 - deprecated_member_use
   info - 'withOpacity' is deprecated and shouldn't be used. Use .withValues() to avoid precision loss - lib\presentation\screens\learning\tutorials_screen.dart:235:56 - deprecated_member_use
   info - 'withOpacity' is deprecated and shouldn't be used. Use .withValues() to avoid precision loss - lib\presentation\screens\learning\tutorials_screen.dart:245:85 - deprecated_member_use
   info - 'withOpacity' is deprecated and shouldn't be used. Use .withValues() to avoid precision loss - lib\presentation\screens\learning\tutorials_screen.dart:249:89 - deprecated_member_use
   info - 'withOpacity' is deprecated and shouldn't be used. Use .withValues() to avoid precision loss - lib\presentation\screens\learning\tutorials_screen.dart:306:54 - deprecated_member_use
   info - 'withOpacity' is deprecated and shouldn't be used. Use .withValues() to avoid precision loss - lib\presentation\screens\learning\tutorials_screen.dart:332:62 - deprecated_member_use
   info - 'withOpacity' is deprecated and shouldn't be used. Use .withValues() to avoid precision loss - lib\presentation\screens\learning\tutorials_screen.dart:392:43 - deprecated_member_use
   info - 'withOpacity' is deprecated and shouldn't be used. Use .withValues() to avoid precision loss - lib\presentation\screens\learning\tutorials_screen.dart:445:83 - deprecated_member_use
   info - The imported package 'flutter_riverpod' isn't a dependency of the importing package - lib\presentation\screens\meal_planner\meal_plan_detail_screen.dart:2:8 - depend_on_referenced_packages
  error - Target of URI doesn't exist: 'package:flutter_riverpod/flutter_riverpod.dart' - lib\presentation\screens\meal_planner\meal_plan_detail_screen.dart:2:8 - uri_does_not_exist
  error - Classes can only extend other classes - lib\presentation\screens\meal_planner\meal_plan_detail_screen.dart:8:36 - extends_non_class
  error - No associated named super constructor parameter - lib\presentation\screens\meal_planner\meal_plan_detail_screen.dart:11:37 - super_formal_parameter_without_associated_named
warning - The method doesn't override an inherited method - lib\presentation\screens\meal_planner\meal_plan_detail_screen.dart:14:10 - override_on_non_overriding_member
  error - Undefined class 'WidgetRef' - lib\presentation\screens\meal_planner\meal_plan_detail_screen.dart:14:38 - undefined_class
  error - Arguments of a constant creation must be constant expressions - lib\presentation\screens\meal_planner\meal_plan_detail_screen.dart:23:30 - const_with_non_constant_argument
  error - The getter 'shopping_list' isn't defined for the type 'Icons' - lib\presentation\screens\meal_planner\meal_plan_detail_screen.dart:23:36 - undefined_getter
   info - 'withOpacity' is deprecated and shouldn't be used. Use .withValues() to avoid precision loss - lib\presentation\screens\meal_planner\meal_plan_detail_screen.dart:73:62 - deprecated_member_use
   info - 'withOpacity' is deprecated and shouldn't be used. Use .withValues() to avoid precision loss - lib\presentation\screens\meal_planner\meal_plan_detail_screen.dart:83:40 - deprecated_member_use
   info - 'surfaceVariant' is deprecated and shouldn't be used. Use surfaceContainerHighest instead. This feature was deprecated after v3.18.0-0.1.pre - lib\presentation\screens\meal_planner\meal_plan_detail_screen.dart:84:45 - deprecated_member_use
  error - The named parameter 'onMealTap' isn't defined - lib\presentation\screens\meal_planner\meal_plan_detail_screen.dart:151:13 - undefined_named_parameter
  error - The named parameter 'onMarkCooked' isn't defined - lib\presentation\screens\meal_planner\meal_plan_detail_screen.dart:153:13 - undefined_named_parameter
   info - 'withOpacity' is deprecated and shouldn't be used. Use .withValues() to avoid precision loss - lib\presentation\screens\meal_planner\meal_plan_detail_screen.dart:167:33 - deprecated_member_use
   info - The imported package 'flutter_riverpod' isn't a dependency of the importing package - lib\presentation\screens\meal_planner\meal_planner_screen.dart:2:8 - depend_on_referenced_packages
  error - Target of URI doesn't exist: 'package:flutter_riverpod/flutter_riverpod.dart' - lib\presentation\screens\meal_planner\meal_planner_screen.dart:2:8 - uri_does_not_exist
  error - Classes can only extend other classes - lib\presentation\screens\meal_planner\meal_planner_screen.dart:11:33 - extends_non_class
  error - No associated named super constructor parameter - lib\presentation\screens\meal_planner\meal_planner_screen.dart:12:34 - super_formal_parameter_without_associated_named
  error - Undefined class 'ConsumerState' - lib\presentation\screens\meal_planner\meal_planner_screen.dart:15:3 - undefined_class
warning - The method doesn't override an inherited method - lib\presentation\screens\meal_planner\meal_planner_screen.dart:15:36 - override_on_non_overriding_member
  error - Classes can only extend other classes - lib\presentation\screens\meal_planner\meal_planner_screen.dart:18:39 - extends_non_class
warning - The method doesn't override an inherited method - lib\presentation\screens\meal_planner\meal_planner_screen.dart:23:10 - override_on_non_overriding_member
  error - Undefined name 'ref' - lib\presentation\screens\meal_planner\meal_planner_screen.dart:24:29 - undefined_identifier
  error - Undefined name 'ref' - lib\presentation\screens\meal_planner\meal_planner_screen.dart:25:25 - undefined_identifier
  error - Arguments of a constant creation must be constant expressions - lib\presentation\screens\meal_planner\meal_planner_screen.dart:36:30 - const_with_non_constant_argument
  error - The getter 'shopping_list' isn't defined for the type 'Icons' - lib\presentation\screens\meal_planner\meal_planner_screen.dart:36:36 - undefined_getter
  error - Undefined name 'context' - lib\presentation\screens\meal_planner\meal_planner_screen.dart:70:28 - undefined_identifier
   info - 'withOpacity' is deprecated and shouldn't be used. Use .withValues() to avoid precision loss - lib\presentation\screens\meal_planner\meal_planner_screen.dart:126:22 - deprecated_member_use
  error - Undefined class 'AsyncValue' - lib\presentation\screens\meal_planner\meal_planner_screen.dart:151:25 - undefined_class
  error - The named parameter 'initialDate' is required, but there's no corresponding argument - lib\presentation\screens\meal_planner\meal_planner_screen.dart:153:27 - missing_required_argument
  error - The named parameter 'mealPlans' is required, but there's no corresponding argument - lib\presentation\screens\meal_planner\meal_planner_screen.dart:153:27 - missing_required_argument
  error - The named parameter 'mealPlan' isn't defined - lib\presentation\screens\meal_planner\meal_planner_screen.dart:154:9 - undefined_named_parameter
  error - The named parameter 'selectedDate' isn't defined - lib\presentation\screens\meal_planner\meal_planner_screen.dart:155:9 - undefined_named_parameter
  error - The named parameter 'focusedDate' isn't defined - lib\presentation\screens\meal_planner\meal_planner_screen.dart:156:9 - undefined_named_parameter
  error - The method 'setState' isn't defined for the type '_MealPlannerScreenState' - lib\presentation\screens\meal_planner\meal_planner_screen.dart:157:35 - undefined_method
  error - The named parameter 'onPageChanged' isn't defined - lib\presentation\screens\meal_planner\meal_planner_screen.dart:158:9 - undefined_named_parameter
  error - The method 'setState' isn't defined for the type '_MealPlannerScreenState' - lib\presentation\screens\meal_planner\meal_planner_screen.dart:158:34 - undefined_method
  error - Undefined name 'ref' - lib\presentation\screens\meal_planner\meal_planner_screen.dart:166:24 - undefined_identifier
  error - Undefined name 'context' - lib\presentation\screens\meal_planner\meal_planner_screen.dart:172:28 - undefined_identifier
  error - Undefined name 'context' - lib\presentation\screens\meal_planner\meal_planner_screen.dart:210:28 - undefined_identifier
   info - 'withOpacity' is deprecated and shouldn't be used. Use .withValues() to avoid precision loss - lib\presentation\screens\meal_planner\meal_planner_screen.dart:220:65 - deprecated_member_use
   info - 'withOpacity' is deprecated and shouldn't be used. Use .withValues() to avoid precision loss - lib\presentation\screens\meal_planner\meal_planner_screen.dart:242:59 - deprecated_member_use
  error - Undefined name 'context' - lib\presentation\screens\meal_planner\meal_planner_screen.dart:369:26 - undefined_identifier
  error - Undefined name 'context' - lib\presentation\screens\meal_planner\meal_planner_screen.dart:375:26 - undefined_identifier
  error - Undefined name 'context' - lib\presentation\screens\meal_planner\meal_planner_screen.dart:381:26 - undefined_identifier
  error - Undefined name 'context' - lib\presentation\screens\meal_planner\meal_planner_screen.dart:387:26 - undefined_identifier
  error - Undefined name 'context' - lib\presentation\screens\meal_planner\meal_planner_screen.dart:393:26 - undefined_identifier
   info - The imported package 'flutter_riverpod' isn't a dependency of the importing package - lib\presentation\screens\meal_planner\nutrition_tracker_screen.dart:2:8 - depend_on_referenced_packages
  error - Target of URI doesn't exist: 'package:flutter_riverpod/flutter_riverpod.dart' - lib\presentation\screens\meal_planner\nutrition_tracker_screen.dart:2:8 - uri_does_not_exist
  error - Classes can only extend other classes - lib\presentation\screens\meal_planner\nutrition_tracker_screen.dart:8:38 - extends_non_class
  error - No associated named super constructor parameter - lib\presentation\screens\meal_planner\nutrition_tracker_screen.dart:9:39 - super_formal_parameter_without_associated_named
  error - Undefined class 'ConsumerState' - lib\presentation\screens\meal_planner\nutrition_tracker_screen.dart:12:3 - undefined_class
warning - The method doesn't override an inherited method - lib\presentation\screens\meal_planner\nutrition_tracker_screen.dart:12:41 - override_on_non_overriding_member
  error - 'Object.toString' ('String Function()') isn't a valid concrete implementation of 'Diagnosticable.toString' ('String Function({DiagnosticLevel minLevel})') - lib\presentation\screens\meal_planner\nutrition_tracker_screen.dart:15:7 - invalid_implementation_override
  error - Missing concrete implementations of 'abstract class State<T extends StatefulWidget> with Diagnosticable.deactivate', 'abstract class State<T extends StatefulWidget> with Diagnosticable.didChangeDependencies', 'abstract class State<T extends StatefulWidget> with Diagnosticable.didUpdateWidget', 'abstract class State<T extends StatefulWidget> with Diagnosticable.reassemble', and 6 more - lib\presentation\screens\meal_planner\nutrition_tracker_screen.dart:15:7 - non_abstract_class_inherits_abstract_member
  error - Mixin can only be applied to class - lib\presentation\screens\meal_planner\nutrition_tracker_screen.dart:15:44 - mixin_with_non_class_superclass
  error - 'SingleTickerProviderStateMixin<StatefulWidget>' can't be mixed onto 'Object' because 'Object' doesn't implement 'State<StatefulWidget>' - lib\presentation\screens\meal_planner\nutrition_tracker_screen.dart:15:87 - mixin_application_not_implemented_interface
  error - The method 'initState' is always abstract in the supertype - lib\presentation\screens\meal_planner\nutrition_tracker_screen.dart:21:11 - abstract_super_member_reference
warning - The value of the local variable 'nutritionSummary' isn't used - lib\presentation\screens\meal_planner\nutrition_tracker_screen.dart:33:11 - unused_local_variable
  error - Undefined name 'ref' - lib\presentation\screens\meal_planner\nutrition_tracker_screen.dart:33:30 - undefined_identifier
  error - The named parameter 'nutrition' is required, but there's no corresponding argument - lib\presentation\screens\meal_planner\nutrition_tracker_screen.dart:86:17 - missing_required_argument
  error - The named parameter 'calories' isn't defined - lib\presentation\screens\meal_planner\nutrition_tracker_screen.dart:87:13 - undefined_named_parameter
  error - The named parameter 'protein' isn't defined - lib\presentation\screens\meal_planner\nutrition_tracker_screen.dart:88:13 - undefined_named_parameter
  error - The named parameter 'carbs' isn't defined - lib\presentation\screens\meal_planner\nutrition_tracker_screen.dart:89:13 - undefined_named_parameter
  error - The named parameter 'fat' isn't defined - lib\presentation\screens\meal_planner\nutrition_tracker_screen.dart:90:13 - undefined_named_parameter
  error - The named parameter 'targetCalories' isn't defined - lib\presentation\screens\meal_planner\nutrition_tracker_screen.dart:91:13 - undefined_named_parameter
  error - The named parameter 'targetProtein' isn't defined - lib\presentation\screens\meal_planner\nutrition_tracker_screen.dart:92:13 - undefined_named_parameter
  error - The named parameter 'targetCarbs' isn't defined - lib\presentation\screens\meal_planner\nutrition_tracker_screen.dart:93:13 - undefined_named_parameter
  error - The named parameter 'targetFat' isn't defined - lib\presentation\screens\meal_planner\nutrition_tracker_screen.dart:94:13 - undefined_named_parameter
   info - 'withOpacity' is deprecated and shouldn't be used. Use .withValues() to avoid precision loss - lib\presentation\screens\meal_planner\nutrition_tracker_screen.dart:132:56 - deprecated_member_use
   info - 'withOpacity' is deprecated and shouldn't be used. Use .withValues() to avoid precision loss - lib\presentation\screens\meal_planner\nutrition_tracker_screen.dart:221:34 - deprecated_member_use
   info - 'surfaceVariant' is deprecated and shouldn't be used. Use surfaceContainerHighest instead. This feature was deprecated after v3.18.0-0.1.pre - lib\presentation\screens\meal_planner\nutrition_tracker_screen.dart:257:89 - deprecated_member_use
   info - 'withOpacity' is deprecated and shouldn't be used. Use .withValues() to avoid precision loss - lib\presentation\screens\meal_planner\nutrition_tracker_screen.dart:320:38 - deprecated_member_use
   info - The imported package 'flutter_riverpod' isn't a dependency of the importing package - lib\presentation\screens\profile\analytics_screen.dart:2:8 - depend_on_referenced_packages
  error - Target of URI doesn't exist: 'package:flutter_riverpod/flutter_riverpod.dart' - lib\presentation\screens\profile\analytics_screen.dart:2:8 - uri_does_not_exist
  error - Classes can only extend other classes - lib\presentation\screens\profile\analytics_screen.dart:8:31 - extends_non_class
  error - No associated named super constructor parameter - lib\presentation\screens\profile\analytics_screen.dart:9:32 - super_formal_parameter_without_associated_named
  error - Undefined class 'ConsumerState' - lib\presentation\screens\profile\analytics_screen.dart:12:3 - undefined_class
warning - The method doesn't override an inherited method - lib\presentation\screens\profile\analytics_screen.dart:12:34 - override_on_non_overriding_member
  error - 'Object.toString' ('String Function()') isn't a valid concrete implementation of 'Diagnosticable.toString' ('String Function({DiagnosticLevel minLevel})') - lib\presentation\screens\profile\analytics_screen.dart:15:7 - invalid_implementation_override
  error - Missing concrete implementations of 'abstract class State<T extends StatefulWidget> with Diagnosticable.deactivate', 'abstract class State<T extends StatefulWidget> with Diagnosticable.didChangeDependencies', 'abstract class State<T extends StatefulWidget> with Diagnosticable.didUpdateWidget', 'abstract class State<T extends StatefulWidget> with Diagnosticable.reassemble', and 6 more - lib\presentation\screens\profile\analytics_screen.dart:15:7 - non_abstract_class_inherits_abstract_member
  error - Mixin can only be applied to class - lib\presentation\screens\profile\analytics_screen.dart:15:37 - mixin_with_non_class_superclass
  error - 'SingleTickerProviderStateMixin<StatefulWidget>' can't be mixed onto 'Object' because 'Object' doesn't implement 'State<StatefulWidget>' - lib\presentation\screens\profile\analytics_screen.dart:15:73 - mixin_application_not_implemented_interface
  error - The method 'initState' is always abstract in the supertype - lib\presentation\screens\profile\analytics_screen.dart:20:11 - abstract_super_member_reference
  error - Undefined name 'ref' - lib\presentation\screens\profile\analytics_screen.dart:32:23 - undefined_identifier
   info - 'surfaceVariant' is deprecated and shouldn't be used. Use surfaceContainerHighest instead. This feature was deprecated after v3.18.0-0.1.pre - lib\presentation\screens\profile\analytics_screen.dart:312:35 - deprecated_member_use
   info - 'withOpacity' is deprecated and shouldn't be used. Use .withValues() to avoid precision loss - lib\presentation\screens\profile\analytics_screen.dart:324:66 - deprecated_member_use
   info - 'withOpacity' is deprecated and shouldn't be used. Use .withValues() to avoid precision loss - lib\presentation\screens\profile\analytics_screen.dart:330:66 - deprecated_member_use
   info - The imported package 'flutter_riverpod' isn't a dependency of the importing package - lib\presentation\screens\profile\preferences_screen.dart:2:8 - depend_on_referenced_packages
  error - Target of URI doesn't exist: 'package:flutter_riverpod/flutter_riverpod.dart' - lib\presentation\screens\profile\preferences_screen.dart:2:8 - uri_does_not_exist
  error - Classes can only extend other classes - lib\presentation\screens\profile\preferences_screen.dart:7:33 - extends_non_class
  error - No associated named super constructor parameter - lib\presentation\screens\profile\preferences_screen.dart:8:34 - super_formal_parameter_without_associated_named
  error - Undefined class 'ConsumerState' - lib\presentation\screens\profile\preferences_screen.dart:11:3 - undefined_class
warning - The method doesn't override an inherited method - lib\presentation\screens\profile\preferences_screen.dart:11:36 - override_on_non_overriding_member
  error - Classes can only extend other classes - lib\presentation\screens\profile\preferences_screen.dart:14:39 - extends_non_class
   info - The private field _dietaryRestrictions could be 'final' - lib\presentation\screens\profile\preferences_screen.dart:16:15 - prefer_final_fields
   info - The private field _allergies could be 'final' - lib\presentation\screens\profile\preferences_screen.dart:17:16 - prefer_final_fields
warning - The method doesn't override an inherited method - lib\presentation\screens\profile\preferences_screen.dart:25:8 - override_on_non_overriding_member
  error - The method 'dispose' isn't defined in a superclass of '_PreferencesScreenState' - lib\presentation\screens\profile\preferences_screen.dart:27:11 - undefined_super_member
warning - The method doesn't override an inherited method - lib\presentation\screens\profile\preferences_screen.dart:31:10 - override_on_non_overriding_member
  error - Undefined name 'context' - lib\presentation\screens\profile\preferences_screen.dart:60:28 - undefined_identifier
   info - 'groupValue' is deprecated and shouldn't be used. Use a RadioGroup ancestor to manage group value instead. This feature was deprecated after v3.32.0-0.0.pre - lib\presentation\screens\profile\preferences_screen.dart:85:15 - deprecated_member_use
   info - 'onChanged' is deprecated and shouldn't be used. Use RadioGroup to handle value change instead. This feature was deprecated after v3.32.0-0.0.pre - lib\presentation\screens\profile\preferences_screen.dart:86:15 - deprecated_member_use
  error - The method 'setState' isn't defined for the type '_PreferencesScreenState' - lib\presentation\screens\profile\preferences_screen.dart:86:37 - undefined_method
   info - Unnecessary use of 'toList' in a spread - lib\presentation\screens\profile\preferences_screen.dart:87:16 - unnecessary_to_list_in_spreads
  error - Undefined name 'context' - lib\presentation\screens\profile\preferences_screen.dart:95:28 - undefined_identifier
  error - The method 'setState' isn't defined for the type '_PreferencesScreenState' - lib\presentation\screens\profile\preferences_screen.dart:124:21 - undefined_method
  error - Undefined name 'context' - lib\presentation\screens\profile\preferences_screen.dart:142:28 - undefined_identifier
  error - Undefined name 'context' - lib\presentation\screens\profile\preferences_screen.dart:197:28 - undefined_identifier
  error - The method 'setState' isn't defined for the type '_PreferencesScreenState' - lib\presentation\screens\profile\preferences_screen.dart:219:37 - undefined_method
  error - The method 'setState' isn't defined for the type '_PreferencesScreenState' - lib\presentation\screens\profile\preferences_screen.dart:228:37 - undefined_method
  error - The method 'setState' isn't defined for the type '_PreferencesScreenState' - lib\presentation\screens\profile\preferences_screen.dart:235:37 - undefined_method
  error - The method 'setState' isn't defined for the type '_PreferencesScreenState' - lib\presentation\screens\profile\preferences_screen.dart:246:7 - undefined_method
  error - The method 'setState' isn't defined for the type '_PreferencesScreenState' - lib\presentation\screens\profile\preferences_screen.dart:254:5 - undefined_method
  error - Undefined name 'context' - lib\presentation\screens\profile\preferences_screen.dart:258:26 - undefined_identifier
   info - The imported package 'flutter_riverpod' isn't a dependency of the importing package - lib\presentation\screens\profile\profile_screen.dart:2:8 - depend_on_referenced_packages
  error - Target of URI doesn't exist: 'package:flutter_riverpod/flutter_riverpod.dart' - lib\presentation\screens\profile\profile_screen.dart:2:8 - uri_does_not_exist
   info - The imported package 'go_router' isn't a dependency of the importing package - lib\presentation\screens\profile\profile_screen.dart:3:8 - depend_on_referenced_packages
  error - Target of URI doesn't exist: 'package:go_router/go_router.dart' - lib\presentation\screens\profile\profile_screen.dart:3:8 - uri_does_not_exist
  error - Classes can only extend other classes - lib\presentation\screens\profile\profile_screen.dart:12:29 - extends_non_class
  error - No associated named super constructor parameter - lib\presentation\screens\profile\profile_screen.dart:13:30 - super_formal_parameter_without_associated_named
warning - The method doesn't override an inherited method - lib\presentation\screens\profile\profile_screen.dart:16:10 - override_on_non_overriding_member
  error - Undefined class 'WidgetRef' - lib\presentation\screens\profile\profile_screen.dart:16:38 - undefined_class
  error - The method 'push' isn't defined for the type 'BuildContext' - lib\presentation\screens\profile\profile_screen.dart:27:38 - undefined_method
  error - Undefined class 'AsyncValue' - lib\presentation\screens\profile\profile_screen.dart:58:73 - undefined_class
  error - The getter 'photoUrl' isn't defined for the type 'UserProfile' - lib\presentation\screens\profile\profile_screen.dart:73:37 - undefined_getter
  error - The getter 'photoUrl' isn't defined for the type 'UserProfile' - lib\presentation\screens\profile\profile_screen.dart:73:74 - undefined_getter
  error - The getter 'photoUrl' isn't defined for the type 'UserProfile' - lib\presentation\screens\profile\profile_screen.dart:74:27 - undefined_getter
  error - The getter 'displayName' isn't defined for the type 'UserProfile' - lib\presentation\screens\profile\profile_screen.dart:76:29 - undefined_getter
  error - The getter 'email' isn't defined for the type 'UserProfile' - lib\presentation\screens\profile\profile_screen.dart:76:49 - undefined_getter
  error - The getter 'displayName' isn't defined for the type 'UserProfile' - lib\presentation\screens\profile\profile_screen.dart:93:26 - undefined_getter
  error - The getter 'email' isn't defined for the type 'UserProfile' - lib\presentation\screens\profile\profile_screen.dart:100:26 - undefined_getter
   info - 'withOpacity' is deprecated and shouldn't be used. Use .withValues() to avoid precision loss - lib\presentation\screens\profile\profile_screen.dart:102:58 - deprecated_member_use
  error - The method 'push' isn't defined for the type 'BuildContext' - lib\presentation\screens\profile\profile_screen.dart:133:40 - undefined_method
  error - Undefined class 'AsyncValue' - lib\presentation\screens\profile\profile_screen.dart:142:51 - undefined_class
  error - The method 'push' isn't defined for the type 'BuildContext' - lib\presentation\screens\profile\profile_screen.dart:161:44 - undefined_method
  error - The method 'push' isn't defined for the type 'BuildContext' - lib\presentation\screens\profile\profile_screen.dart:237:27 - undefined_method
  error - The method 'push' isn't defined for the type 'BuildContext' - lib\presentation\screens\profile\profile_screen.dart:246:27 - undefined_method
  error - The method 'push' isn't defined for the type 'BuildContext' - lib\presentation\screens\profile\profile_screen.dart:255:27 - undefined_method
   info - 'withOpacity' is deprecated and shouldn't be used. Use .withValues() to avoid precision loss - lib\presentation\screens\profile\profile_screen.dart:271:63 - deprecated_member_use
warning - The value of the local variable 'theme' isn't used - lib\presentation\screens\profile\profile_screen.dart:292:11 - unused_local_variable
  error - The method 'push' isn't defined for the type 'BuildContext' - lib\presentation\screens\profile\profile_screen.dart:301:27 - undefined_method
  error - The method 'push' isn't defined for the type 'BuildContext' - lib\presentation\screens\profile\profile_screen.dart:308:27 - undefined_method
  error - The method 'push' isn't defined for the type 'BuildContext' - lib\presentation\screens\profile\profile_screen.dart:315:27 - undefined_method
  error - The method 'Consumer' isn't defined for the type 'ProfileScreen' - lib\presentation\screens\profile\profile_screen.dart:404:20 - undefined_method
   info - The imported package 'flutter_riverpod' isn't a dependency of the importing package - lib\presentation\screens\profile\settings_screen.dart:2:8 - depend_on_referenced_packages
  error - Target of URI doesn't exist: 'package:flutter_riverpod/flutter_riverpod.dart' - lib\presentation\screens\profile\settings_screen.dart:2:8 - uri_does_not_exist
  error - Classes can only extend other classes - lib\presentation\screens\profile\settings_screen.dart:6:30 - extends_non_class
  error - No associated named super constructor parameter - lib\presentation\screens\profile\settings_screen.dart:7:31 - super_formal_parameter_without_associated_named
  error - Undefined class 'ConsumerState' - lib\presentation\screens\profile\settings_screen.dart:10:3 - undefined_class
warning - The method doesn't override an inherited method - lib\presentation\screens\profile\settings_screen.dart:10:33 - override_on_non_overriding_member
  error - Classes can only extend other classes - lib\presentation\screens\profile\settings_screen.dart:13:36 - extends_non_class
   info - The private field _shoppingReminders could be 'final' - lib\presentation\screens\profile\settings_screen.dart:16:8 - prefer_final_fields
warning - The value of the field '_shoppingReminders' isn't used - lib\presentation\screens\profile\settings_screen.dart:16:8 - unused_field
   info - The private field _recipeUpdates could be 'final' - lib\presentation\screens\profile\settings_screen.dart:17:8 - prefer_final_fields
warning - The value of the field '_recipeUpdates' isn't used - lib\presentation\screens\profile\settings_screen.dart:17:8 - unused_field
   info - The private field _dataCollection could be 'final' - lib\presentation\screens\profile\settings_screen.dart:19:8 - prefer_final_fields
warning - The value of the field '_dataCollection' isn't used - lib\presentation\screens\profile\settings_screen.dart:19:8 - unused_field
   info - The private field _crashReports could be 'final' - lib\presentation\screens\profile\settings_screen.dart:20:8 - prefer_final_fields
warning - The value of the field '_crashReports' isn't used - lib\presentation\screens\profile\settings_screen.dart:20:8 - unused_field
   info - The private field _measurementSystem could be 'final' - lib\presentation\screens\profile\settings_screen.dart:21:10 - prefer_final_fields
warning - The value of the field '_measurementSystem' isn't used - lib\presentation\screens\profile\settings_screen.dart:21:10 - unused_field
   info - The private field _temperatureUnit could be 'final' - lib\presentation\screens\profile\settings_screen.dart:22:10 - prefer_final_fields
warning - The value of the field '_temperatureUnit' isn't used - lib\presentation\screens\profile\settings_screen.dart:22:10 - unused_field
warning - The method doesn't override an inherited method - lib\presentation\screens\profile\settings_screen.dart:25:10 - override_on_non_overriding_member
  error - The method 'setState' isn't defined for the type '_SettingsScreenState' - lib\presentation\screens\profile\settings_screen.dart:36:24 - undefined_method
  error - The method 'setState' isn't defined for the type '_SettingsScreenState' - lib\presentation\screens\profile\settings_screen.dart:43:24 - undefined_method
  error - The method 'setState' isn't defined for the type '_SettingsScreenState' - lib\presentation\screens\profile\settings_screen.dart:56:24 - undefined_method
  error - Undefined name 'context' - lib\presentation\screens\profile\settings_screen.dart:72:25 - undefined_identifier
  error - Undefined name 'context' - lib\presentation\screens\profile\settings_screen.dart:73:27 - undefined_identifier
  error - Undefined name 'context' - lib\presentation\screens\profile\settings_screen.dart:113:29 - undefined_identifier
  error - Undefined name 'context' - lib\presentation\screens\profile\settings_screen.dart:120:29 - undefined_identifier
  error - Undefined name 'context' - lib\presentation\screens\profile\settings_screen.dart:121:31 - undefined_identifier
   info - 'withOpacity' is deprecated and shouldn't be used. Use .withValues() to avoid precision loss - lib\presentation\screens\profile\settings_screen.dart:121:62 - deprecated_member_use
   info - The imported package 'flutter_riverpod' isn't a dependency of the importing package - lib\presentation\screens\recipe_book\recipe_book_screen.dart:2:8 - depend_on_referenced_packages
  error - Target of URI doesn't exist: 'package:flutter_riverpod/flutter_riverpod.dart' - lib\presentation\screens\recipe_book\recipe_book_screen.dart:2:8 - uri_does_not_exist
   info - The imported package 'go_router' isn't a dependency of the importing package - lib\presentation\screens\recipe_book\recipe_book_screen.dart:3:8 - depend_on_referenced_packages
  error - Target of URI doesn't exist: 'package:go_router/go_router.dart' - lib\presentation\screens\recipe_book\recipe_book_screen.dart:3:8 - uri_does_not_exist
  error - Classes can only extend other classes - lib\presentation\screens\recipe_book\recipe_book_screen.dart:12:32 - extends_non_class
  error - No associated named super constructor parameter - lib\presentation\screens\recipe_book\recipe_book_screen.dart:13:33 - super_formal_parameter_without_associated_named
  error - Undefined class 'ConsumerState' - lib\presentation\screens\recipe_book\recipe_book_screen.dart:16:3 - undefined_class
warning - The method doesn't override an inherited method - lib\presentation\screens\recipe_book\recipe_book_screen.dart:16:35 - override_on_non_overriding_member
  error - 'Object.toString' ('String Function()') isn't a valid concrete implementation of 'Diagnosticable.toString' ('String Function({DiagnosticLevel minLevel})') - lib\presentation\screens\recipe_book\recipe_book_screen.dart:19:7 - invalid_implementation_override
  error - Missing concrete implementations of 'abstract class State<T extends StatefulWidget> with Diagnosticable.deactivate', 'abstract class State<T extends StatefulWidget> with Diagnosticable.didChangeDependencies', 'abstract class State<T extends StatefulWidget> with Diagnosticable.didUpdateWidget', 'abstract class State<T extends StatefulWidget> with Diagnosticable.reassemble', and 6 more - lib\presentation\screens\recipe_book\recipe_book_screen.dart:19:7 - non_abstract_class_inherits_abstract_member
  error - Mixin can only be applied to class - lib\presentation\screens\recipe_book\recipe_book_screen.dart:19:38 - mixin_with_non_class_superclass
  error - 'SingleTickerProviderStateMixin<StatefulWidget>' can't be mixed onto 'Object' because 'Object' doesn't implement 'State<StatefulWidget>' - lib\presentation\screens\recipe_book\recipe_book_screen.dart:19:75 - mixin_application_not_implemented_interface
  error - The method 'initState' is always abstract in the supertype - lib\presentation\screens\recipe_book\recipe_book_screen.dart:26:11 - abstract_super_member_reference
warning - The value of the local variable 'theme' isn't used - lib\presentation\screens\recipe_book\recipe_book_screen.dart:39:11 - unused_local_variable
  error - The method 'push' isn't defined for the type 'BuildContext' - lib\presentation\screens\recipe_book\recipe_book_screen.dart:55:38 - undefined_method
  error - The method 'push' isn't defined for the type 'BuildContext' - lib\presentation\screens\recipe_book\recipe_book_screen.dart:100:34 - undefined_method
  error - Undefined name 'ref' - lib\presentation\screens\recipe_book\recipe_book_screen.dart:107:25 - undefined_identifier
  error - The method 'push' isn't defined for the type 'BuildContext' - lib\presentation\screens\recipe_book\recipe_book_screen.dart:126:60 - undefined_method
  error - Undefined name 'ref' - lib\presentation\screens\recipe_book\recipe_book_screen.dart:133:13 - undefined_identifier
  error - The method 'push' isn't defined for the type 'BuildContext' - lib\presentation\screens\recipe_book\recipe_book_screen.dart:144:40 - undefined_method
  error - Undefined name 'ref' - lib\presentation\screens\recipe_book\recipe_book_screen.dart:156:24 - undefined_identifier
  error - Undefined name 'ref' - lib\presentation\screens\recipe_book\recipe_book_screen.dart:162:29 - undefined_identifier
  error - Undefined name 'ref' - lib\presentation\screens\recipe_book\recipe_book_screen.dart:188:5 - undefined_identifier
   info - The imported package 'flutter_riverpod' isn't a dependency of the importing package - lib\presentation\screens\recipe_book\recipe_collections_screen.dart:2:8 - depend_on_referenced_packages
  error - Target of URI doesn't exist: 'package:flutter_riverpod/flutter_riverpod.dart' - lib\presentation\screens\recipe_book\recipe_collections_screen.dart:2:8 - uri_does_not_exist
  error - Classes can only extend other classes - lib\presentation\screens\recipe_book\recipe_collections_screen.dart:8:39 - extends_non_class
  error - No associated named super constructor parameter - lib\presentation\screens\recipe_book\recipe_collections_screen.dart:9:40 - super_formal_parameter_without_associated_named
warning - The method doesn't override an inherited method - lib\presentation\screens\recipe_book\recipe_collections_screen.dart:12:10 - override_on_non_overriding_member
  error - Undefined class 'WidgetRef' - lib\presentation\screens\recipe_book\recipe_collections_screen.dart:12:38 - undefined_class
   info - 'withOpacity' is deprecated and shouldn't be used. Use .withValues() to avoid precision loss - lib\presentation\screens\recipe_book\recipe_collections_screen.dart:69:21 - deprecated_member_use
   info - 'withOpacity' is deprecated and shouldn't be used. Use .withValues() to avoid precision loss - lib\presentation\screens\recipe_book\recipe_collections_screen.dart:115:39 - deprecated_member_use
   info - The imported package 'flutter_riverpod' isn't a dependency of the importing package - lib\presentation\screens\recipe_book\recipe_detail_screen.dart:2:8 - depend_on_referenced_packages
  error - Target of URI doesn't exist: 'package:flutter_riverpod/flutter_riverpod.dart' - lib\presentation\screens\recipe_book\recipe_detail_screen.dart:2:8 - uri_does_not_exist
  error - Classes can only extend other classes - lib\presentation\screens\recipe_book\recipe_detail_screen.dart:12:34 - extends_non_class
  error - No associated named super constructor parameter - lib\presentation\screens\recipe_book\recipe_detail_screen.dart:15:35 - super_formal_parameter_without_associated_named
warning - The method doesn't override an inherited method - lib\presentation\screens\recipe_book\recipe_detail_screen.dart:18:10 - override_on_non_overriding_member
  error - Undefined class 'WidgetRef' - lib\presentation\screens\recipe_book\recipe_detail_screen.dart:18:38 - undefined_class
   info - 'surfaceVariant' is deprecated and shouldn't be used. Use surfaceContainerHighest instead. This feature was deprecated after v3.18.0-0.1.pre - lib\presentation\screens\recipe_book\recipe_detail_screen.dart:52:38 - deprecated_member_use
   info - 'withOpacity' is deprecated and shouldn't be used. Use .withValues() to avoid precision loss - lib\presentation\screens\recipe_book\recipe_detail_screen.dart:77:56 - deprecated_member_use
  error - The element type 'String' can't be assigned to the list type 'Map<String, dynamic>' - lib\presentation\screens\recipe_book\recipe_detail_screen.dart:109:21 - list_element_type_not_assignable
  error - The element type 'String' can't be assigned to the list type 'Map<String, dynamic>' - lib\presentation\screens\recipe_book\recipe_detail_screen.dart:110:21 - list_element_type_not_assignable
  error - The element type 'String' can't be assigned to the list type 'Map<String, dynamic>' - lib\presentation\screens\recipe_book\recipe_detail_screen.dart:111:21 - list_element_type_not_assignable
  error - The element type 'String' can't be assigned to the list type 'Map<String, dynamic>' - lib\presentation\screens\recipe_book\recipe_detail_screen.dart:112:21 - list_element_type_not_assignable
  error - The element type 'String' can't be assigned to the list type 'Map<String, dynamic>' - lib\presentation\screens\recipe_book\recipe_detail_screen.dart:113:21 - list_element_type_not_assignable
  error - The named parameter 'nutrition' is required, but there's no corresponding argument - lib\presentation\screens\recipe_book\recipe_detail_screen.dart:120:23 - missing_required_argument
  error - The named parameter 'calories' isn't defined - lib\presentation\screens\recipe_book\recipe_detail_screen.dart:121:19 - undefined_named_parameter
  error - The named parameter 'protein' isn't defined - lib\presentation\screens\recipe_book\recipe_detail_screen.dart:122:19 - undefined_named_parameter
  error - The named parameter 'carbs' isn't defined - lib\presentation\screens\recipe_book\recipe_detail_screen.dart:123:19 - undefined_named_parameter
  error - The named parameter 'fat' isn't defined - lib\presentation\screens\recipe_book\recipe_detail_screen.dart:124:19 - undefined_named_parameter
   info - 'withOpacity' is deprecated and shouldn't be used. Use .withValues() to avoid precision loss - lib\presentation\screens\recipe_book\recipe_detail_screen.dart:243:33 - deprecated_member_use
   info - The imported package 'flutter_riverpod' isn't a dependency of the importing package - lib\presentation\screens\recipe_book\recipe_search_screen.dart:2:8 - depend_on_referenced_packages
  error - Target of URI doesn't exist: 'package:flutter_riverpod/flutter_riverpod.dart' - lib\presentation\screens\recipe_book\recipe_search_screen.dart:2:8 - uri_does_not_exist
  error - Classes can only extend other classes - lib\presentation\screens\recipe_book\recipe_search_screen.dart:10:34 - extends_non_class
  error - No associated named super constructor parameter - lib\presentation\screens\recipe_book\recipe_search_screen.dart:11:35 - super_formal_parameter_without_associated_named
  error - Undefined class 'ConsumerState' - lib\presentation\screens\recipe_book\recipe_search_screen.dart:14:3 - undefined_class
warning - The method doesn't override an inherited method - lib\presentation\screens\recipe_book\recipe_search_screen.dart:14:37 - override_on_non_overriding_member
  error - Classes can only extend other classes - lib\presentation\screens\recipe_book\recipe_search_screen.dart:17:40 - extends_non_class
warning - The method doesn't override an inherited method - lib\presentation\screens\recipe_book\recipe_search_screen.dart:22:8 - override_on_non_overriding_member
  error - The method 'initState' isn't defined in a superclass of '_RecipeSearchScreenState' - lib\presentation\screens\recipe_book\recipe_search_screen.dart:23:11 - undefined_super_member
warning - The method doesn't override an inherited method - lib\presentation\screens\recipe_book\recipe_search_screen.dart:30:8 - override_on_non_overriding_member
  error - The method 'dispose' isn't defined in a superclass of '_RecipeSearchScreenState' - lib\presentation\screens\recipe_book\recipe_search_screen.dart:33:11 - undefined_super_member
warning - The method doesn't override an inherited method - lib\presentation\screens\recipe_book\recipe_search_screen.dart:37:10 - override_on_non_overriding_member
  error - Undefined name 'ref' - lib\presentation\screens\recipe_book\recipe_search_screen.dart:38:25 - undefined_identifier
  error - Undefined name 'ref' - lib\presentation\screens\recipe_book\recipe_search_screen.dart:56:15 - undefined_identifier
  error - The argument type 'Recipe' can't be assigned to the parameter type 'Map<String, dynamic>'.  - lib\presentation\screens\recipe_book\recipe_search_screen.dart:131:29 - argument_type_not_assignable
  error - Undefined name 'context' - lib\presentation\screens\recipe_book\recipe_search_screen.dart:150:28 - undefined_identifier
  error - Undefined name 'context' - lib\presentation\screens\recipe_book\recipe_search_screen.dart:211:28 - undefined_identifier
   info - 'withOpacity' is deprecated and shouldn't be used. Use .withValues() to avoid precision loss - lib\presentation\screens\recipe_book\recipe_search_screen.dart:218:63 - deprecated_member_use
  error - Undefined name 'ref' - lib\presentation\screens\recipe_book\recipe_search_screen.dart:241:7 - undefined_identifier
   info - The imported package 'flutter_riverpod' isn't a dependency of the importing package - lib\presentation\screens\shopping\barcode_scanner_screen.dart:2:8 - depend_on_referenced_packages
  error - Target of URI doesn't exist: 'package:flutter_riverpod/flutter_riverpod.dart' - lib\presentation\screens\shopping\barcode_scanner_screen.dart:2:8 - uri_does_not_exist
  error - Classes can only extend other classes - lib\presentation\screens\shopping\barcode_scanner_screen.dart:7:36 - extends_non_class
  error - No associated named super constructor parameter - lib\presentation\screens\shopping\barcode_scanner_screen.dart:8:37 - super_formal_parameter_without_associated_named
  error - Undefined class 'ConsumerState' - lib\presentation\screens\shopping\barcode_scanner_screen.dart:11:3 - undefined_class
warning - The method doesn't override an inherited method - lib\presentation\screens\shopping\barcode_scanner_screen.dart:11:39 - override_on_non_overriding_member
  error - Classes can only extend other classes - lib\presentation\screens\shopping\barcode_scanner_screen.dart:14:42 - extends_non_class
warning - The method doesn't override an inherited method - lib\presentation\screens\shopping\barcode_scanner_screen.dart:20:10 - override_on_non_overriding_member
  error - Undefined name 'context' - lib\presentation\screens\shopping\barcode_scanner_screen.dart:42:28 - undefined_identifier
   info - 'surfaceVariant' is deprecated and shouldn't be used. Use surfaceContainerHighest instead. This feature was deprecated after v3.18.0-0.1.pre - lib\presentation\screens\shopping\barcode_scanner_screen.dart:48:34 - deprecated_member_use
  error - Undefined name 'context' - lib\presentation\screens\shopping\barcode_scanner_screen.dart:162:28 - undefined_identifier
  error - Undefined name 'context' - lib\presentation\screens\shopping\barcode_scanner_screen.dart:223:27 - undefined_identifier
  error - Undefined name 'context' - lib\presentation\screens\shopping\barcode_scanner_screen.dart:244:31 - undefined_identifier
   info - 'surfaceVariant' is deprecated and shouldn't be used. Use surfaceContainerHighest instead. This feature was deprecated after v3.18.0-0.1.pre - lib\presentation\screens\shopping\barcode_scanner_screen.dart:244:52 - deprecated_member_use
  error - Undefined name 'context' - lib\presentation\screens\shopping\barcode_scanner_screen.dart:264:28 - undefined_identifier
  error - The method 'setState' isn't defined for the type '_BarcodeScannerScreenState' - lib\presentation\screens\shopping\barcode_scanner_screen.dart:326:5 - undefined_method
  error - Undefined name 'mounted' - lib\presentation\screens\shopping\barcode_scanner_screen.dart:332:11 - undefined_identifier
  error - The method 'setState' isn't defined for the type '_BarcodeScannerScreenState' - lib\presentation\screens\shopping\barcode_scanner_screen.dart:339:5 - undefined_method
  error - The method 'setState' isn't defined for the type '_BarcodeScannerScreenState' - lib\presentation\screens\shopping\barcode_scanner_screen.dart:345:5 - undefined_method
  error - Undefined name 'mounted' - lib\presentation\screens\shopping\barcode_scanner_screen.dart:357:11 - undefined_identifier
  error - The method 'setState' isn't defined for the type '_BarcodeScannerScreenState' - lib\presentation\screens\shopping\barcode_scanner_screen.dart:358:9 - undefined_method
  error - Undefined name 'context' - lib\presentation\screens\shopping\barcode_scanner_screen.dart:374:16 - undefined_identifier
  error - Undefined name 'context' - lib\presentation\screens\shopping\barcode_scanner_screen.dart:406:26 - undefined_identifier
  error - Undefined name 'context' - lib\presentation\screens\shopping\barcode_scanner_screen.dart:412:26 - undefined_identifier
   info - The imported package 'flutter_riverpod' isn't a dependency of the importing package - lib\presentation\screens\shopping\pantry_screen.dart:2:8 - depend_on_referenced_packages
  error - Target of URI doesn't exist: 'package:flutter_riverpod/flutter_riverpod.dart' - lib\presentation\screens\shopping\pantry_screen.dart:2:8 - uri_does_not_exist
  error - Classes can only extend other classes - lib\presentation\screens\shopping\pantry_screen.dart:11:28 - extends_non_class
  error - No associated named super constructor parameter - lib\presentation\screens\shopping\pantry_screen.dart:12:29 - super_formal_parameter_without_associated_named
  error - Undefined class 'ConsumerState' - lib\presentation\screens\shopping\pantry_screen.dart:15:3 - undefined_class
warning - The method doesn't override an inherited method - lib\presentation\screens\shopping\pantry_screen.dart:15:31 - override_on_non_overriding_member
  error - 'Object.toString' ('String Function()') isn't a valid concrete implementation of 'Diagnosticable.toString' ('String Function({DiagnosticLevel minLevel})') - lib\presentation\screens\shopping\pantry_screen.dart:18:7 - invalid_implementation_override
  error - Missing concrete implementations of 'abstract class State<T extends StatefulWidget> with Diagnosticable.deactivate', 'abstract class State<T extends StatefulWidget> with Diagnosticable.didChangeDependencies', 'abstract class State<T extends StatefulWidget> with Diagnosticable.didUpdateWidget', 'abstract class State<T extends StatefulWidget> with Diagnosticable.reassemble', and 6 more - lib\presentation\screens\shopping\pantry_screen.dart:18:7 - non_abstract_class_inherits_abstract_member
  error - Mixin can only be applied to class - lib\presentation\screens\shopping\pantry_screen.dart:18:34 - mixin_with_non_class_superclass
  error - 'SingleTickerProviderStateMixin<StatefulWidget>' can't be mixed onto 'Object' because 'Object' doesn't implement 'State<StatefulWidget>' - lib\presentation\screens\shopping\pantry_screen.dart:18:67 - mixin_application_not_implemented_interface
  error - The method 'initState' is always abstract in the supertype - lib\presentation\screens\shopping\pantry_screen.dart:26:11 - abstract_super_member_reference
  error - Undefined name 'ref' - lib\presentation\screens\shopping\pantry_screen.dart:39:25 - undefined_identifier
  error - Undefined name 'ref' - lib\presentation\screens\shopping\pantry_screen.dart:40:24 - undefined_identifier
   info - Unnecessary use of 'toList' in a spread - lib\presentation\screens\shopping\pantry_screen.dart:134:22 - unnecessary_to_list_in_spreads
  error - Undefined class 'AsyncValue' - lib\presentation\screens\shopping\pantry_screen.dart:143:28 - undefined_class
  error - Undefined name 'ref' - lib\presentation\screens\shopping\pantry_screen.dart:168:13 - undefined_identifier
  error - The named parameter 'onUpdateQuantity' isn't defined - lib\presentation\screens\shopping\pantry_screen.dart:182:19 - undefined_named_parameter
  error - Undefined name 'ref' - lib\presentation\screens\shopping\pantry_screen.dart:192:24 - undefined_identifier
  error - Undefined name 'ref' - lib\presentation\screens\shopping\pantry_screen.dart:198:27 - undefined_identifier
  error - The named parameter 'onUpdateQuantity' isn't defined - lib\presentation\screens\shopping\pantry_screen.dart:221:13 - undefined_named_parameter
  error - Undefined name 'ref' - lib\presentation\screens\shopping\pantry_screen.dart:229:27 - undefined_identifier
  error - The named parameter 'showLowStockWarning' isn't defined - lib\presentation\screens\shopping\pantry_screen.dart:248:13 - undefined_named_parameter
  error - The named parameter 'onUpdateQuantity' isn't defined - lib\presentation\screens\shopping\pantry_screen.dart:252:13 - undefined_named_parameter
  error - The named parameter 'onAddToShoppingList' isn't defined - lib\presentation\screens\shopping\pantry_screen.dart:253:13 - undefined_named_parameter
  error - Undefined name 'ref' - lib\presentation\screens\shopping\pantry_screen.dart:297:15 - undefined_identifier
  error - Undefined name 'ref' - lib\presentation\screens\shopping\pantry_screen.dart:310:5 - undefined_identifier
   info - The imported package 'flutter_riverpod' isn't a dependency of the importing package - lib\presentation\screens\shopping\shopping_list_screen.dart:2:8 - depend_on_referenced_packages
  error - Target of URI doesn't exist: 'package:flutter_riverpod/flutter_riverpod.dart' - lib\presentation\screens\shopping\shopping_list_screen.dart:2:8 - uri_does_not_exist
  error - Classes can only extend other classes - lib\presentation\screens\shopping\shopping_list_screen.dart:8:34 - extends_non_class
  error - No associated named super constructor parameter - lib\presentation\screens\shopping\shopping_list_screen.dart:9:35 - super_formal_parameter_without_associated_named
  error - Undefined class 'ConsumerState' - lib\presentation\screens\shopping\shopping_list_screen.dart:12:3 - undefined_class
warning - The method doesn't override an inherited method - lib\presentation\screens\shopping\shopping_list_screen.dart:12:37 - override_on_non_overriding_member
  error - Classes can only extend other classes - lib\presentation\screens\shopping\shopping_list_screen.dart:15:40 - extends_non_class
warning - The method doesn't override an inherited method - lib\presentation\screens\shopping\shopping_list_screen.dart:24:10 - override_on_non_overriding_member
warning - The value of the local variable 'theme' isn't used - lib\presentation\screens\shopping\shopping_list_screen.dart:25:11 - unused_local_variable
  error - Undefined name 'context' - lib\presentation\screens\shopping\shopping_list_screen.dart:76:33 - undefined_identifier
  error - Undefined name 'context' - lib\presentation\screens\shopping\shopping_list_screen.dart:82:33 - undefined_identifier
  error - Undefined name 'context' - lib\presentation\screens\shopping\shopping_list_screen.dart:89:39 - undefined_identifier
   info - 'surfaceVariant' is deprecated and shouldn't be used. Use surfaceContainerHighest instead. This feature was deprecated after v3.18.0-0.1.pre - lib\presentation\screens\shopping\shopping_list_screen.dart:89:60 - deprecated_member_use
  error - Undefined name 'context' - lib\presentation\screens\shopping\shopping_list_screen.dart:91:24 - undefined_identifier
  error - Undefined name 'context' - lib\presentation\screens\shopping\shopping_list_screen.dart:127:28 - undefined_identifier
   info - Unnecessary use of 'toList' in a spread - lib\presentation\screens\shopping\shopping_list_screen.dart:143:60 - unnecessary_to_list_in_spreads
  error - The method 'setState' isn't defined for the type '_ShoppingListScreenState' - lib\presentation\screens\shopping\shopping_list_screen.dart:153:9 - undefined_method
  error - Undefined name 'context' - lib\presentation\screens\shopping\shopping_list_screen.dart:162:26 - undefined_identifier
   info - 'withOpacity' is deprecated and shouldn't be used. Use .withValues() to avoid precision loss - lib\presentation\screens\shopping\shopping_list_screen.dart:162:57 - deprecated_member_use
  error - Undefined name 'context' - lib\presentation\screens\shopping\shopping_list_screen.dart:184:25 - undefined_identifier
   info - 'withOpacity' is deprecated and shouldn't be used. Use .withValues() to avoid precision loss - lib\presentation\screens\shopping\shopping_list_screen.dart:187:33 - deprecated_member_use
  error - Undefined name 'context' - lib\presentation\screens\shopping\shopping_list_screen.dart:228:16 - undefined_identifier
   info - 'value' is deprecated and shouldn't be used. Use initialValue instead. This will set the initial value for the form field. This feature was deprecated after v3.33.0-1.0.pre - lib\presentation\screens\shopping\shopping_list_screen.dart:261:23 - deprecated_member_use
   info - 'value' is deprecated and shouldn't be used. Use initialValue instead. This will set the initial value for the form field. This feature was deprecated after v3.33.0-1.0.pre - lib\presentation\screens\shopping\shopping_list_screen.dart:280:17 - deprecated_member_use
  error - The method 'setState' isn't defined for the type '_ShoppingListScreenState' - lib\presentation\screens\shopping\shopping_list_screen.dart:302:19 - undefined_method
  error - The method 'setState' isn't defined for the type '_ShoppingListScreenState' - lib\presentation\screens\shopping\shopping_list_screen.dart:327:9 - undefined_method
  error - The method 'setState' isn't defined for the type '_ShoppingListScreenState' - lib\presentation\screens\shopping\shopping_list_screen.dart:337:9 - undefined_method
  error - Undefined name 'context' - lib\presentation\screens\shopping\shopping_list_screen.dart:346:26 - undefined_identifier
  error - The method 'setState' isn't defined for the type '_ShoppingListScreenState' - lib\presentation\screens\shopping\shopping_list_screen.dart:352:5 - undefined_method
  error - Undefined name 'context' - lib\presentation\screens\shopping\shopping_list_screen.dart:360:28 - undefined_identifier
  error - The method 'setState' isn't defined for the type '_ShoppingListScreenState' - lib\presentation\screens\shopping\shopping_list_screen.dart:365:7 - undefined_method
  error - Undefined name 'context' - lib\presentation\screens\shopping\shopping_list_screen.dart:372:26 - undefined_identifier
  error - Undefined name 'context' - lib\presentation\screens\shopping\shopping_list_screen.dart:378:26 - undefined_identifier
   info - The imported package 'flutter_riverpod' isn't a dependency of the importing package - lib\presentation\screens\shopping\shopping_screen.dart:2:8 - depend_on_referenced_packages
  error - Target of URI doesn't exist: 'package:flutter_riverpod/flutter_riverpod.dart' - lib\presentation\screens\shopping\shopping_screen.dart:2:8 - uri_does_not_exist
   info - The imported package 'go_router' isn't a dependency of the importing package - lib\presentation\screens\shopping\shopping_screen.dart:3:8 - depend_on_referenced_packages
  error - Target of URI doesn't exist: 'package:go_router/go_router.dart' - lib\presentation\screens\shopping\shopping_screen.dart:3:8 - uri_does_not_exist
  error - Classes can only extend other classes - lib\presentation\screens\shopping\shopping_screen.dart:9:30 - extends_non_class
  error - No associated named super constructor parameter - lib\presentation\screens\shopping\shopping_screen.dart:10:31 - super_formal_parameter_without_associated_named
warning - The method doesn't override an inherited method - lib\presentation\screens\shopping\shopping_screen.dart:13:10 - override_on_non_overriding_member
  error - Undefined class 'WidgetRef' - lib\presentation\screens\shopping\shopping_screen.dart:13:38 - undefined_class
   info - 'withOpacity' is deprecated and shouldn't be used. Use .withValues() to avoid precision loss - lib\presentation\screens\shopping\shopping_screen.dart:123:22 - deprecated_member_use
  error - The method 'push' isn't defined for the type 'BuildContext' - lib\presentation\screens\shopping\shopping_screen.dart:166:31 - undefined_method
  error - The method 'push' isn't defined for the type 'BuildContext' - lib\presentation\screens\shopping\shopping_screen.dart:175:31 - undefined_method
  error - The method 'push' isn't defined for the type 'BuildContext' - lib\presentation\screens\shopping\shopping_screen.dart:190:31 - undefined_method
   info - 'withOpacity' is deprecated and shouldn't be used. Use .withValues() to avoid precision loss - lib\presentation\screens\shopping\shopping_screen.dart:217:63 - deprecated_member_use
  error - Undefined class 'WidgetRef' - lib\presentation\screens\shopping\shopping_screen.dart:237:52 - undefined_class
  error - The method 'push' isn't defined for the type 'BuildContext' - lib\presentation\screens\shopping\shopping_screen.dart:255:42 - undefined_method
  error - Undefined class 'WidgetRef' - lib\presentation\screens\shopping\shopping_screen.dart:289:52 - undefined_class
  error - The method 'push' isn't defined for the type 'BuildContext' - lib\presentation\screens\shopping\shopping_screen.dart:307:42 - undefined_method
  error - The method 'push' isn't defined for the type 'BuildContext' - lib\presentation\screens\shopping\shopping_screen.dart:365:25 - undefined_method
   info - The imported package 'go_router' isn't a dependency of the importing package - lib\presentation\widgets\common\bottom_nav_bar.dart:2:8 - depend_on_referenced_packages
  error - Target of URI doesn't exist: 'package:go_router/go_router.dart' - lib\presentation\widgets\common\bottom_nav_bar.dart:2:8 - uri_does_not_exist
   info - 'withOpacity' is deprecated and shouldn't be used. Use .withValues() to avoid precision loss - lib\presentation\widgets\common\bottom_nav_bar.dart:18:68 - deprecated_member_use
  error - The method 'go' isn't defined for the type 'BuildContext' - lib\presentation\widgets\common\bottom_nav_bar.dart:53:17 - undefined_method
  error - The method 'go' isn't defined for the type 'BuildContext' - lib\presentation\widgets\common\bottom_nav_bar.dart:56:17 - undefined_method
  error - The method 'go' isn't defined for the type 'BuildContext' - lib\presentation\widgets\common\bottom_nav_bar.dart:59:17 - undefined_method
  error - The method 'go' isn't defined for the type 'BuildContext' - lib\presentation\widgets\common\bottom_nav_bar.dart:62:17 - undefined_method
  error - The method 'go' isn't defined for the type 'BuildContext' - lib\presentation\widgets\common\bottom_nav_bar.dart:65:17 - undefined_method
   info - 'withOpacity' is deprecated and shouldn't be used. Use .withValues() to avoid precision loss - lib\presentation\widgets\common\bottom_nav_bar.dart:100:33 - deprecated_member_use
   info - 'withOpacity' is deprecated and shouldn't be used. Use .withValues() to avoid precision loss - lib\presentation\widgets\common\bottom_nav_bar.dart:126:57 - deprecated_member_use
   info - 'withOpacity' is deprecated and shouldn't be used. Use .withValues() to avoid precision loss - lib\presentation\widgets\common\bottom_nav_bar.dart:135:59 - deprecated_member_use
   info - 'withOpacity' is deprecated and shouldn't be used. Use .withValues() to avoid precision loss - lib\presentation\widgets\common\bottom_nav_bar.dart:185:46 - deprecated_member_use
   info - 'withOpacity' is deprecated and shouldn't be used. Use .withValues() to avoid precision loss - lib\presentation\widgets\common\bottom_nav_bar.dart:222:57 - deprecated_member_use
   info - 'withOpacity' is deprecated and shouldn't be used. Use .withValues() to avoid precision loss - lib\presentation\widgets\common\custom_app_bar.dart:190:48 - deprecated_member_use
   info - 'surfaceVariant' is deprecated and shouldn't be used. Use surfaceContainerHighest instead. This feature was deprecated after v3.18.0-0.1.pre - lib\presentation\widgets\common\custom_text_field.dart:109:33 - deprecated_member_use
   info - 'withOpacity' is deprecated and shouldn't be used. Use .withValues() to avoid precision loss - lib\presentation\widgets\common\custom_text_field.dart:109:48 - deprecated_member_use
   info - 'surfaceVariant' is deprecated and shouldn't be used. Use surfaceContainerHighest instead. This feature was deprecated after v3.18.0-0.1.pre - lib\presentation\widgets\common\custom_text_field.dart:300:52 - deprecated_member_use
   info - 'withOpacity' is deprecated and shouldn't be used. Use .withValues() to avoid precision loss - lib\presentation\widgets\common\error_widget.dart:52:54 - deprecated_member_use
   info - 'withOpacity' is deprecated and shouldn't be used. Use .withValues() to avoid precision loss - lib\presentation\widgets\common\error_widget.dart:92:49 - deprecated_member_use
   info - 'withOpacity' is deprecated and shouldn't be used. Use .withValues() to avoid precision loss - lib\presentation\widgets\common\error_widget.dart:95:42 - deprecated_member_use
   info - 'withOpacity' is deprecated and shouldn't be used. Use .withValues() to avoid precision loss - lib\presentation\widgets\common\error_widget.dart:167:50 - deprecated_member_use
   info - 'withOpacity' is deprecated and shouldn't be used. Use .withValues() to avoid precision loss - lib\presentation\widgets\common\error_widget.dart:184:52 - deprecated_member_use
   info - 'withOpacity' is deprecated and shouldn't be used. Use .withValues() to avoid precision loss - lib\presentation\widgets\common\loading_indicator.dart:36:50 - deprecated_member_use
   info - 'withOpacity' is deprecated and shouldn't be used. Use .withValues() to avoid precision loss - lib\presentation\widgets\common\loading_indicator.dart:70:50 - deprecated_member_use
   info - 'surfaceVariant' is deprecated and shouldn't be used. Use surfaceContainerHighest instead. This feature was deprecated after v3.18.0-0.1.pre - lib\presentation\widgets\common\loading_indicator.dart:79:46 - deprecated_member_use
   info - 'value' is deprecated and shouldn't be used. Use initialValue instead. This will set the initial value for the form field. This feature was deprecated after v3.33.0-1.0.pre - lib\presentation\widgets\kitchen\conversion_calculator.dart:76:13 - deprecated_member_use
   info - 'value' is deprecated and shouldn't be used. Use initialValue instead. This will set the initial value for the form field. This feature was deprecated after v3.33.0-1.0.pre - lib\presentation\widgets\kitchen\conversion_calculator.dart:110:13 - deprecated_member_use
   info - 'withOpacity' is deprecated and shouldn't be used. Use .withValues() to avoid precision loss - lib\presentation\widgets\kitchen\conversion_calculator.dart:134:57 - deprecated_member_use
   info - 'withOpacity' is deprecated and shouldn't be used. Use .withValues() to avoid precision loss - lib\presentation\widgets\kitchen\conversion_calculator.dart:137:50 - deprecated_member_use
  error - The argument type 'num' can't be assigned to the parameter type 'double'.  - lib\presentation\widgets\kitchen\conversion_calculator.dart:197:13 - argument_type_not_assignable
  error - The argument type 'num' can't be assigned to the parameter type 'double'.  - lib\presentation\widgets\kitchen\conversion_calculator.dart:198:34 - argument_type_not_assignable
   info - 'withOpacity' is deprecated and shouldn't be used. Use .withValues() to avoid precision loss - lib\presentation\widgets\kitchen\conversion_calculator.dart:216:43 - deprecated_member_use
   info - 'surfaceVariant' is deprecated and shouldn't be used. Use surfaceContainerHighest instead. This feature was deprecated after v3.18.0-0.1.pre - lib\presentation\widgets\kitchen\conversion_calculator.dart:217:35 - deprecated_member_use
   info - Unnecessary use of 'toList' in a spread - lib\presentation\widgets\kitchen\conversion_calculator.dart:305:20 - unnecessary_to_list_in_spreads
   info - Unnecessary use of 'toList' in a spread - lib\presentation\widgets\kitchen\conversion_calculator.dart:428:16 - unnecessary_to_list_in_spreads
   info - 'withOpacity' is deprecated and shouldn't be used. Use .withValues() to avoid precision loss - lib\presentation\widgets\kitchen\temperature_guide.dart:330:35 - deprecated_member_use
   info - 'withOpacity' is deprecated and shouldn't be used. Use .withValues() to avoid precision loss - lib\presentation\widgets\kitchen\temperature_guide.dart:376:49 - deprecated_member_use
   info - 'withOpacity' is deprecated and shouldn't be used. Use .withValues() to avoid precision loss - lib\presentation\widgets\kitchen\temperature_guide.dart:394:58 - deprecated_member_use
   info - 'withOpacity' is deprecated and shouldn't be used. Use .withValues() to avoid precision loss - lib\presentation\widgets\kitchen\timer_widget.dart:74:52 - deprecated_member_use
   info - 'surfaceVariant' is deprecated and shouldn't be used. Use surfaceContainerHighest instead. This feature was deprecated after v3.18.0-0.1.pre - lib\presentation\widgets\kitchen\timer_widget.dart:126:56 - deprecated_member_use
   info - 'surfaceVariant' is deprecated and shouldn't be used. Use surfaceContainerHighest instead. This feature was deprecated after v3.18.0-0.1.pre - lib\presentation\widgets\kitchen\timer_widget.dart:194:58 - deprecated_member_use
   info - 'surfaceVariant' is deprecated and shouldn't be used. Use surfaceContainerHighest instead. This feature was deprecated after v3.18.0-0.1.pre - lib\presentation\widgets\kitchen\timer_widget.dart:222:46 - deprecated_member_use
   info - 'surfaceVariant' is deprecated and shouldn't be used. Use surfaceContainerHighest instead. This feature was deprecated after v3.18.0-0.1.pre - lib\presentation\widgets\meal_plan\daily_meal_card.dart:36:39 - deprecated_member_use
   info - 'withOpacity' is deprecated and shouldn't be used. Use .withValues() to avoid precision loss - lib\presentation\widgets\meal_plan\daily_meal_card.dart:36:54 - deprecated_member_use
   info - 'withOpacity' is deprecated and shouldn't be used. Use .withValues() to avoid precision loss - lib\presentation\widgets\meal_plan\daily_meal_card.dart:101:61 - deprecated_member_use
   info - 'withOpacity' is deprecated and shouldn't be used. Use .withValues() to avoid precision loss - lib\presentation\widgets\meal_plan\daily_meal_card.dart:110:28 - deprecated_member_use
   info - Unnecessary use of 'toList' in a spread - lib\presentation\widgets\meal_plan\daily_meal_card.dart:142:16 - unnecessary_to_list_in_spreads
   info - 'withOpacity' is deprecated and shouldn't be used. Use .withValues() to avoid precision loss - lib\presentation\widgets\meal_plan\daily_meal_card.dart:149:54 - deprecated_member_use
   info - 'withOpacity' is deprecated and shouldn't be used. Use .withValues() to avoid precision loss - lib\presentation\widgets\meal_plan\daily_meal_card.dart:166:60 - deprecated_member_use
   info - 'surfaceVariant' is deprecated and shouldn't be used. Use surfaceContainerHighest instead. This feature was deprecated after v3.18.0-0.1.pre - lib\presentation\widgets\meal_plan\daily_meal_card.dart:176:40 - deprecated_member_use
   info - 'withOpacity' is deprecated and shouldn't be used. Use .withValues() to avoid precision loss - lib\presentation\widgets\meal_plan\daily_meal_card.dart:211:58 - deprecated_member_use
  error - The returned type 'num' isn't returnable from a 'int' function, as required by the closure's context - lib\presentation\widgets\meal_plan\daily_meal_card.dart:246:61 - return_of_invalid_type_from_closure
  error - The returned type 'num' isn't returnable from a 'int' function, as required by the closure's context - lib\presentation\widgets\meal_plan\daily_meal_card.dart:247:60 - return_of_invalid_type_from_closure
   info - 'surfaceVariant' is deprecated and shouldn't be used. Use surfaceContainerHighest instead. This feature was deprecated after v3.18.0-0.1.pre - lib\presentation\widgets\meal_plan\daily_meal_card.dart:252:34 - deprecated_member_use
   info - 'withOpacity' is deprecated and shouldn't be used. Use .withValues() to avoid precision loss - lib\presentation\widgets\meal_plan\daily_meal_card.dart:252:49 - deprecated_member_use
   info - 'withOpacity' is deprecated and shouldn't be used. Use .withValues() to avoid precision loss - lib\presentation\widgets\meal_plan\daily_meal_card.dart:281:48 - deprecated_member_use
   info - 'withOpacity' is deprecated and shouldn't be used. Use .withValues() to avoid precision loss - lib\presentation\widgets\meal_plan\meal_calendar.dart:84:50 - deprecated_member_use
   info - 'withOpacity' is deprecated and shouldn't be used. Use .withValues() to avoid precision loss - lib\presentation\widgets\meal_plan\meal_calendar.dart:141:56 - deprecated_member_use
   info - 'withOpacity' is deprecated and shouldn't be used. Use .withValues() to avoid precision loss - lib\presentation\widgets\meal_plan\nutrition_chart.dart:48:73 - deprecated_member_use
   info - 'withOpacity' is deprecated and shouldn't be used. Use .withValues() to avoid precision loss - lib\presentation\widgets\meal_plan\nutrition_chart.dart:177:40 - deprecated_member_use
   info - 'surfaceVariant' is deprecated and shouldn't be used. Use surfaceContainerHighest instead. This feature was deprecated after v3.18.0-0.1.pre - lib\presentation\widgets\pantry\pantry_item_card.dart:36:44 - deprecated_member_use
   info - 'surfaceVariant' is deprecated and shouldn't be used. Use surfaceContainerHighest instead. This feature was deprecated after v3.18.0-0.1.pre - lib\presentation\widgets\pantry\quantity_selector.dart:64:48 - deprecated_member_use
   info - 'surfaceVariant' is deprecated and shouldn't be used. Use surfaceContainerHighest instead. This feature was deprecated after v3.18.0-0.1.pre - lib\presentation\widgets\pantry\quantity_selector.dart:93:48 - deprecated_member_use
   info - 'withOpacity' is deprecated and shouldn't be used. Use .withValues() to avoid precision loss - lib\presentation\widgets\pantry\quantity_selector.dart:190:61 - deprecated_member_use
   info - 'withOpacity' is deprecated and shouldn't be used. Use .withValues() to avoid precision loss - lib\presentation\widgets\pantry\quantity_selector.dart:203:49 - deprecated_member_use
   info - 'withOpacity' is deprecated and shouldn't be used. Use .withValues() to avoid precision loss - lib\presentation\widgets\pantry\quantity_selector.dart:225:49 - deprecated_member_use
   info - Unnecessary use of 'toList' in a spread - lib\presentation\widgets\recipe\cooking_steps.dart:47:12 - unnecessary_to_list_in_spreads
   info - 'surfaceVariant' is deprecated and shouldn't be used. Use surfaceContainerHighest instead. This feature was deprecated after v3.18.0-0.1.pre - lib\presentation\widgets\recipe\cooking_steps.dart:68:39 - deprecated_member_use
   info - 'withOpacity' is deprecated and shouldn't be used. Use .withValues() to avoid precision loss - lib\presentation\widgets\recipe\cooking_steps.dart:73:49 - deprecated_member_use
   info - 'withOpacity' is deprecated and shouldn't be used. Use .withValues() to avoid precision loss - lib\presentation\widgets\recipe\cooking_steps.dart:119:60 - deprecated_member_use
   info - 'withOpacity' is deprecated and shouldn't be used. Use .withValues() to avoid precision loss - lib\presentation\widgets\recipe\cooking_steps.dart:124:53 - deprecated_member_use
   info - 'withOpacity' is deprecated and shouldn't be used. Use .withValues() to avoid precision loss - lib\presentation\widgets\recipe\cooking_steps.dart:125:53 - deprecated_member_use
   info - 'withOpacity' is deprecated and shouldn't be used. Use .withValues() to avoid precision loss - lib\presentation\widgets\recipe\cooking_steps.dart:149:59 - deprecated_member_use
   info - 'withOpacity' is deprecated and shouldn't be used. Use .withValues() to avoid precision loss - lib\presentation\widgets\recipe\cooking_steps.dart:184:48 - deprecated_member_use
   info - 'withOpacity' is deprecated and shouldn't be used. Use .withValues() to avoid precision loss - lib\presentation\widgets\recipe\cooking_steps.dart:190:50 - deprecated_member_use
   info - 'withOpacity' is deprecated and shouldn't be used. Use .withValues() to avoid precision loss - lib\presentation\widgets\recipe\cooking_steps.dart:200:48 - deprecated_member_use
   info - 'withOpacity' is deprecated and shouldn't be used. Use .withValues() to avoid precision loss - lib\presentation\widgets\recipe\cooking_steps.dart:206:50 - deprecated_member_use
   info - 'withOpacity' is deprecated and shouldn't be used. Use .withValues() to avoid precision loss - lib\presentation\widgets\recipe\cooking_steps.dart:303:52 - deprecated_member_use
   info - 'surfaceVariant' is deprecated and shouldn't be used. Use surfaceContainerHighest instead. This feature was deprecated after v3.18.0-0.1.pre - lib\presentation\widgets\recipe\cooking_steps.dart:311:46 - deprecated_member_use
   info - 'withOpacity' is deprecated and shouldn't be used. Use .withValues() to avoid precision loss - lib\presentation\widgets\recipe\ingredient_chip.dart:38:27 - deprecated_member_use
   info - 'surfaceVariant' is deprecated and shouldn't be used. Use surfaceContainerHighest instead. This feature was deprecated after v3.18.0-0.1.pre - lib\presentation\widgets\recipe\ingredient_chip.dart:39:35 - deprecated_member_use
   info - 'withOpacity' is deprecated and shouldn't be used. Use .withValues() to avoid precision loss - lib\presentation\widgets\recipe\ingredient_chip.dart:80:60 - deprecated_member_use
   info - 'withOpacity' is deprecated and shouldn't be used. Use .withValues() to avoid precision loss - lib\presentation\widgets\recipe\ingredient_chip.dart:95:81 - deprecated_member_use
   info - 'surfaceVariant' is deprecated and shouldn't be used. Use surfaceContainerHighest instead. This feature was deprecated after v3.18.0-0.1.pre - lib\presentation\widgets\recipe\ingredient_chip.dart:224:36 - deprecated_member_use
   info - 'withOpacity' is deprecated and shouldn't be used. Use .withValues() to avoid precision loss - lib\presentation\widgets\recipe\ingredient_chip.dart:247:60 - deprecated_member_use
   info - 'withOpacity' is deprecated and shouldn't be used. Use .withValues() to avoid precision loss - lib\presentation\widgets\recipe\ingredient_chip.dart:261:56 - deprecated_member_use
   info - 'withOpacity' is deprecated and shouldn't be used. Use .withValues() to avoid precision loss - lib\presentation\widgets\recipe\nutrition_info.dart:106:54 - deprecated_member_use
warning - The value of the local variable 'theme' isn't used - lib\presentation\widgets\recipe\nutrition_info.dart:195:11 - unused_local_variable
   info - 'withOpacity' is deprecated and shouldn't be used. Use .withValues() to avoid precision loss - lib\presentation\widgets\recipe\nutrition_info.dart:214:22 - deprecated_member_use
   info - 'withOpacity' is deprecated and shouldn't be used. Use .withValues() to avoid precision loss - lib\presentation\widgets\recipe\nutrition_info.dart:216:41 - deprecated_member_use
   info - 'withOpacity' is deprecated and shouldn't be used. Use .withValues() to avoid precision loss - lib\presentation\widgets\recipe\nutrition_info.dart:266:48 - deprecated_member_use
   info - 'withOpacity' is deprecated and shouldn't be used. Use .withValues() to avoid precision loss - lib\presentation\widgets\recipe\nutrition_info.dart:395:36 - deprecated_member_use
   info - 'withOpacity' is deprecated and shouldn't be used. Use .withValues() to avoid precision loss - lib\presentation\widgets\recipe\recipe_card.dart:84:60 - deprecated_member_use
   info - 'surfaceVariant' is deprecated and shouldn't be used. Use surfaceContainerHighest instead. This feature was deprecated after v3.18.0-0.1.pre - lib\presentation\widgets\recipe\recipe_card.dart:125:44 - deprecated_member_use
   info - 'withOpacity' is deprecated and shouldn't be used. Use .withValues() to avoid precision loss - lib\presentation\widgets\recipe\recipe_card.dart:158:93 - deprecated_member_use
   info - 'withOpacity' is deprecated and shouldn't be used. Use .withValues() to avoid precision loss - lib\presentation\widgets\recipe\recipe_card.dart:168:104 - deprecated_member_use
   info - 'surfaceVariant' is deprecated and shouldn't be used. Use surfaceContainerHighest instead. This feature was deprecated after v3.18.0-0.1.pre - lib\presentation\widgets\recipe\recipe_card.dart:207:32 - deprecated_member_use
   info - 'withOpacity' is deprecated and shouldn't be used. Use .withValues() to avoid precision loss - lib\presentation\widgets\recipe\recipe_card.dart:251:39 - deprecated_member_use
   info - 'withOpacity' is deprecated and shouldn't be used. Use .withValues() to avoid precision loss - lib\presentation\widgets\recipe\recipe_card.dart:274:77 - deprecated_member_use
   info - 'withOpacity' is deprecated and shouldn't be used. Use .withValues() to avoid precision loss - lib\presentation\widgets\recipe\recipe_card.dart:284:75 - deprecated_member_use
   info - 'surfaceVariant' is deprecated and shouldn't be used. Use surfaceContainerHighest instead. This feature was deprecated after v3.18.0-0.1.pre - lib\presentation\widgets\recipe\recipe_card.dart:371:42 - deprecated_member_use
   info - 'withOpacity' is deprecated and shouldn't be used. Use .withValues() to avoid precision loss - lib\presentation\widgets\recipe\recipe_card.dart:392:57 - deprecated_member_use
   info - 'withOpacity' is deprecated and shouldn't be used. Use .withValues() to avoid precision loss - lib\presentation\widgets\recipe\recipe_rating.dart:50:52 - deprecated_member_use
   info - 'withOpacity' is deprecated and shouldn't be used. Use .withValues() to avoid precision loss - lib\presentation\widgets\recipe\recipe_rating.dart:157:48 - deprecated_member_use
   info - 'withOpacity' is deprecated and shouldn't be used. Use .withValues() to avoid precision loss - lib\presentation\widgets\recipe\recipe_rating.dart:231:60 - deprecated_member_use
   info - 'surfaceVariant' is deprecated and shouldn't be used. Use surfaceContainerHighest instead. This feature was deprecated after v3.18.0-0.1.pre - lib\presentation\widgets\recipe\recipe_rating.dart:274:50 - deprecated_member_use
   info - 'withOpacity' is deprecated and shouldn't be used. Use .withValues() to avoid precision loss - lib\presentation\widgets\recipe\recipe_rating.dart:365:66 - deprecated_member_use
   info - 'withOpacity' is deprecated and shouldn't be used. Use .withValues() to avoid precision loss - lib\presentation\widgets\recipe\recipe_rating.dart:425:55 - deprecated_member_use
   info - 'withOpacity' is deprecated and shouldn't be used. Use .withValues() to avoid precision loss - lib\presentation\widgets\social\community_recipe_card.dart:67:64 - deprecated_member_use
   info - 'surfaceVariant' is deprecated and shouldn't be used. Use surfaceContainerHighest instead. This feature was deprecated after v3.18.0-0.1.pre - lib\presentation\widgets\social\community_recipe_card.dart:98:46 - deprecated_member_use
   info - 'withOpacity' is deprecated and shouldn't be used. Use .withValues() to avoid precision loss - lib\presentation\widgets\social\community_recipe_card.dart:133:91 - deprecated_member_use
   info - 'withOpacity' is deprecated and shouldn't be used. Use .withValues() to avoid precision loss - lib\presentation\widgets\social\community_recipe_card.dart:143:102 - deprecated_member_use
   info - 'withOpacity' is deprecated and shouldn't be used. Use .withValues() to avoid precision loss - lib\presentation\widgets\social\community_recipe_card.dart:178:71 - deprecated_member_use
   info - 'surfaceVariant' is deprecated and shouldn't be used. Use surfaceContainerHighest instead. This feature was deprecated after v3.18.0-0.1.pre - lib\presentation\widgets\social\cooking_group_card.dart:32:40 - deprecated_member_use
   info - 'withOpacity' is deprecated and shouldn't be used. Use .withValues() to avoid precision loss - lib\presentation\widgets\social\cooking_group_card.dart:82:58 - deprecated_member_use
   info - 'withOpacity' is deprecated and shouldn't be used. Use .withValues() to avoid precision loss - lib\presentation\widgets\social\cooking_group_card.dart:96:60 - deprecated_member_use
   info - 'withOpacity' is deprecated and shouldn't be used. Use .withValues() to avoid precision loss - lib\presentation\widgets\social\cooking_group_card.dart:109:60 - deprecated_member_use
   info - 'withOpacity' is deprecated and shouldn't be used. Use .withValues() to avoid precision loss - lib\presentation\widgets\social\cooking_group_card.dart:123:64 - deprecated_member_use
   info - 'withOpacity' is deprecated and shouldn't be used. Use .withValues() to avoid precision loss - lib\presentation\widgets\social\cooking_group_card.dart:185:39 - deprecated_member_use
   info - 'withOpacity' is deprecated and shouldn't be used. Use .withValues() to avoid precision loss - lib\presentation\widgets\social\cooking_group_card.dart:186:41 - deprecated_member_use
   info - 'withOpacity' is deprecated and shouldn't be used. Use .withValues() to avoid precision loss - lib\presentation\widgets\social\cooking_group_card.dart:197:35 - deprecated_member_use
   info - 'withOpacity' is deprecated and shouldn't be used. Use .withValues() to avoid precision loss - lib\presentation\widgets\social\cooking_group_card.dart:301:60 - deprecated_member_use
   info - Unnecessary use of 'toList' in a spread - lib\presentation\widgets\social\user_avatar.dart:134:12 - unnecessary_to_list_in_spreads
   info - 'surfaceVariant' is deprecated and shouldn't be used. Use surfaceContainerHighest instead. This feature was deprecated after v3.18.0-0.1.pre - lib\presentation\widgets\social\user_avatar.dart:143:42 - deprecated_member_use
   info - 'withOpacity' is deprecated and shouldn't be used. Use .withValues() to avoid precision loss - lib\presentation\widgets\social\user_avatar.dart:146:52 - deprecated_member_use
  error - The name 'MyApp' isn't a class - test\widget_test.dart:16:35 - creation_with_non_type

flutter : 2651 issues found. (ran in 3.6s)
At line:1 char:1
+ flutter analyze > errors.txt 2>&1 ; cat errors.txt
+ ~~~~~~~~~~~~~~~~~~~~~~~~~~~~~~~~~
    + CategoryInfo          : NotSpecified: (2651 issues found. (ran in 3.6s):String) [], RemoteException
    + FullyQualifiedErrorId : NativeCommandError
 
